Component: ARM Compiler 5.06 update 3 (build 300) Tool: armlink [4d35c9]

==============================================================================

Section Cross References

    main.o(i.Working_1) refers to usart3.o(i.Calc_Laser2) for Calc_Laser2
    main.o(i.Working_1) refers to wifi_dealwith.o(i.WIFI_Dealwith) for WIFI_Dealwith
    main.o(i.Working_1) refers to wifi_dealwith.o(i.UART5_SendLaser) for UART5_SendLaser
    main.o(i.Working_1) refers to key.o(i.KEY_Scan) for KEY_Scan
    main.o(i.Working_1) refers to stm32f4xx_gpio.o(i.GPIO_SetBits) for GPIO_SetBits
    main.o(i.Working_1) refers to usart3.o(.data) for Usart3_rcv_flag
    main.o(i.Working_1) refers to plantask.o(.data) for WorkStatus
    main.o(i.Working_1) refers to uart5.o(.data) for Uart5_rcv_flag
    main.o(i.Working_1) refers to main.o(.data) for LaserFB
    main.o(i.Working_2) refers to usart2.o(i.Calc_Laser1) for Calc_Laser1
    main.o(i.Working_2) refers to wifi_dealwith.o(i.WIFI_Dealwith) for WIFI_Dealwith
    main.o(i.Working_2) refers to wifi_dealwith.o(i.UART5_SendLaser) for UART5_SendLaser
    main.o(i.Working_2) refers to key.o(i.KEY_Scan) for KEY_Scan
    main.o(i.Working_2) refers to stm32f4xx_gpio.o(i.GPIO_SetBits) for GPIO_SetBits
    main.o(i.Working_2) refers to usart2.o(.data) for Usart2_rcv_flag
    main.o(i.Working_2) refers to plantask.o(.data) for WorkStatus
    main.o(i.Working_2) refers to uart5.o(.data) for Uart5_rcv_flag
    main.o(i.Working_2) refers to main.o(.data) for LaserFB
    main.o(i.main) refers to misc.o(i.NVIC_PriorityGroupConfig) for NVIC_PriorityGroupConfig
    main.o(i.main) refers to rtc.o(i.My_RTC_Init) for My_RTC_Init
    main.o(i.main) refers to delay.o(i.delay_init) for delay_init
    main.o(i.main) refers to usart1.o(i.usart1_init) for usart1_init
    main.o(i.main) refers to usart2.o(i.usart2_init) for usart2_init
    main.o(i.main) refers to usart3.o(i.usart3_init) for usart3_init
    main.o(i.main) refers to uart5.o(i.uart5_init) for uart5_init
    main.o(i.main) refers to led.o(i.LED_Init) for LED_Init
    main.o(i.main) refers to timer3.o(i.TIM3_Int_Init) for TIM3_Int_Init
    main.o(i.main) refers to dac.o(i.Dac1_Init) for Dac1_Init
    main.o(i.main) refers to jdq.o(i.JDQ_Init) for JDQ_Init
    main.o(i.main) refers to exti.o(i.EXTIX_Init) for EXTIX_Init
    main.o(i.main) refers to adc.o(i.Adc_Init) for Adc_Init
    main.o(i.main) refers to init_parameter.o(i.init_Parameter) for init_Parameter
    main.o(i.main) refers to dac.o(i.Dac1_Set_Vol) for Dac1_Set_Vol
    main.o(i.main) refers to usart2.o(i.Calc_Laser1) for Calc_Laser1
    main.o(i.main) refers to usart3.o(i.Calc_Laser2) for Calc_Laser2
    main.o(i.main) refers to wifi_dealwith.o(i.WIFI_Dealwith) for WIFI_Dealwith
    main.o(i.main) refers to wifi_dealwith.o(i.UART5_SendLaser) for UART5_SendLaser
    main.o(i.main) refers to key.o(i.KEY_Scan) for KEY_Scan
    main.o(i.main) refers to stm32f4xx_gpio.o(i.GPIO_SetBits) for GPIO_SetBits
    main.o(i.main) refers to plantask.o(i.PlanTask) for PlanTask
    main.o(i.main) refers to usart2.o(i.usart2_send_byte) for usart2_send_byte
    main.o(i.main) refers to usart3.o(i.usart3_send_byte) for usart3_send_byte
    main.o(i.main) refers to stm32f4xx_gpio.o(i.GPIO_ResetBits) for GPIO_ResetBits
    main.o(i.main) refers to delay.o(i.delay_ms) for delay_ms
    main.o(i.main) refers to plantask.o(i.ScanPart) for ScanPart
    main.o(i.main) refers to plantask.o(i.MovetoX) for MovetoX
    main.o(i.main) refers to plantask.o(i.MovetoY) for MovetoY
    main.o(i.main) refers to main.o(.data) for LaserFB
    main.o(i.main) refers to timer3.o(.data) for Laser1_send_timer
    main.o(i.main) refers to usart2.o(.data) for Usart2_rcv_flag
    main.o(i.main) refers to usart3.o(.data) for Usart3_rcv_flag
    main.o(i.main) refers to uart5.o(.data) for Uart5_rcv_flag
    main.o(i.main) refers to plantask.o(.data) for PlanTask_SW
    main.o(i.main) refers to init_parameter.o(.data) for LowSpeed
    system_stm32f4xx.o(i.SystemCoreClockUpdate) refers to system_stm32f4xx.o(.data) for SystemCoreClock
    system_stm32f4xx.o(i.SystemInit) refers to system_stm32f4xx.o(i.SetSysClock) for SetSysClock
    wifi_dealwith.o(i.UART5_SendACK) refers to wifi_dealwith.o(i.UART5_SendHead) for UART5_SendHead
    wifi_dealwith.o(i.UART5_SendACK) refers to uart5.o(i.uart5_send_byte) for uart5_send_byte
    wifi_dealwith.o(i.UART5_SendACK) refers to wifi_dealwith.o(i.UART5_SendEnd) for UART5_SendEnd
    wifi_dealwith.o(i.UART5_SendEnd) refers to uart5.o(i.uart5_send_byte) for uart5_send_byte
    wifi_dealwith.o(i.UART5_SendError) refers to wifi_dealwith.o(i.UART5_SendHead) for UART5_SendHead
    wifi_dealwith.o(i.UART5_SendError) refers to uart5.o(i.uart5_send_byte) for uart5_send_byte
    wifi_dealwith.o(i.UART5_SendError) refers to wifi_dealwith.o(i.UART5_SendEnd) for UART5_SendEnd
    wifi_dealwith.o(i.UART5_SendHead) refers to uart5.o(i.uart5_send_byte) for uart5_send_byte
[...]
    ../fplib/dflt.s                          0x00000000   Number         0  dflt_clz.o ABSOLUTE
    ../fplib/dmul.s                          0x00000000   Number         0  dmul.o ABSOLUTE
    ../fplib/dnaninf.s                       0x00000000   Number         0  dnaninf.o ABSOLUTE
    ../fplib/dretinf.s                       0x00000000   Number         0  dretinf.o ABSOLUTE
    ../fplib/fpinit.s                        0x00000000   Number         0  fpinit.o ABSOLUTE
    ../fplib/usenofp.s                       0x00000000   Number         0  usenofp.o ABSOLUTE
    ..\CORE\startup_stm32f40_41xxx.s         0x00000000   Number         0  startup_stm32f40_41xxx.o ABSOLUTE
    ..\FWLIB\src\misc.c                      0x00000000   Number         0  misc.o ABSOLUTE
    ..\FWLIB\src\stm32f4xx_adc.c             0x00000000   Number         0  stm32f4xx_adc.o ABSOLUTE
    ..\FWLIB\src\stm32f4xx_dac.c             0x00000000   Number         0  stm32f4xx_dac.o ABSOLUTE
    ..\FWLIB\src\stm32f4xx_exti.c            0x00000000   Number         0  stm32f4xx_exti.o ABSOLUTE
    ..\FWLIB\src\stm32f4xx_gpio.c            0x00000000   Number         0  stm32f4xx_gpio.o ABSOLUTE
    ..\FWLIB\src\stm32f4xx_iwdg.c            0x00000000   Number         0  stm32f4xx_iwdg.o ABSOLUTE
    ..\FWLIB\src\stm32f4xx_pwr.c             0x00000000   Number         0  stm32f4xx_pwr.o ABSOLUTE
    ..\FWLIB\src\stm32f4xx_rcc.c             0x00000000   Number         0  stm32f4xx_rcc.o ABSOLUTE
    ..\FWLIB\src\stm32f4xx_rtc.c             0x00000000   Number         0  stm32f4xx_rtc.o ABSOLUTE
    ..\FWLIB\src\stm32f4xx_syscfg.c          0x00000000   Number         0  stm32f4xx_syscfg.o ABSOLUTE
    ..\FWLIB\src\stm32f4xx_tim.c             0x00000000   Number         0  stm32f4xx_tim.o ABSOLUTE
    ..\FWLIB\src\stm32f4xx_usart.c           0x00000000   Number         0  stm32f4xx_usart.o ABSOLUTE
    ..\HARDWARE\ADC\adc.c                    0x00000000   Number         0  adc.o ABSOLUTE
    ..\HARDWARE\BEEP\beep.c                  0x00000000   Number         0  beep.o ABSOLUTE
    ..\HARDWARE\DAC\dac.c                    0x00000000   Number         0  dac.o ABSOLUTE
    ..\HARDWARE\EXTI\exti.c                  0x00000000   Number         0  exti.o ABSOLUTE
    ..\HARDWARE\JDQ\JDQ.c                    0x00000000   Number         0  jdq.o ABSOLUTE
    ..\HARDWARE\KEY\key.c                    0x00000000   Number         0  key.o ABSOLUTE
    ..\HARDWARE\LED\led.c                    0x00000000   Number         0  led.o ABSOLUTE
    ..\HARDWARE\RTC\rtc.c                    0x00000000   Number         0  rtc.o ABSOLUTE
    ..\HARDWARE\TIMER3\timer3.c              0x00000000   Number         0  timer3.o ABSOLUTE
    ..\HARDWARE\UART5\uart5.c                0x00000000   Number         0  uart5.o ABSOLUTE
    ..\HARDWARE\USART1\usart1.c              0x00000000   Number         0  usart1.o ABSOLUTE
    ..\HARDWARE\USART2\usart2.c              0x00000000   Number         0  usart2.o ABSOLUTE
    ..\HARDWARE\USART3\usart3.c              0x00000000   Number         0  usart3.o ABSOLUTE
    ..\SYSTEM\delay\delay.c                  0x00000000   Number         0  delay.o ABSOLUTE
    ..\SYSTEM\sys\sys.c                      0x00000000   Number         0  sys.o ABSOLUTE
    ..\\FWLIB\\src\\misc.c                   0x00000000   Number         0  misc.o ABSOLUTE
    ..\\FWLIB\\src\\stm32f4xx_adc.c          0x00000000   Number         0  stm32f4xx_adc.o ABSOLUTE
    ..\\FWLIB\\src\\stm32f4xx_dac.c          0x00000000   Number         0  stm32f4xx_dac.o ABSOLUTE
    ..\\FWLIB\\src\\stm32f4xx_exti.c         0x00000000   Number         0  stm32f4xx_exti.o ABSOLUTE
    ..\\FWLIB\\src\\stm32f4xx_gpio.c         0x00000000   Number         0  stm32f4xx_gpio.o ABSOLUTE
    ..\\FWLIB\\src\\stm32f4xx_iwdg.c         0x00000000   Number         0  stm32f4xx_iwdg.o ABSOLUTE
    ..\\FWLIB\\src\\stm32f4xx_pwr.c          0x00000000   Number         0  stm32f4xx_pwr.o ABSOLUTE
    ..\\FWLIB\\src\\stm32f4xx_rcc.c          0x00000000   Number         0  stm32f4xx_rcc.o ABSOLUTE
    ..\\FWLIB\\src\\stm32f4xx_rtc.c          0x00000000   Number         0  stm32f4xx_rtc.o ABSOLUTE
    ..\\FWLIB\\src\\stm32f4xx_syscfg.c       0x00000000   Number         0  stm32f4xx_syscfg.o ABSOLUTE
    ..\\FWLIB\\src\\stm32f4xx_tim.c          0x00000000   Number         0  stm32f4xx_tim.o ABSOLUTE
    ..\\FWLIB\\src\\stm32f4xx_usart.c        0x00000000   Number         0  stm32f4xx_usart.o ABSOLUTE
    ..\\HARDWARE\\ADC\\adc.c                 0x00000000   Number         0  adc.o ABSOLUTE
    ..\\HARDWARE\\BEEP\\beep.c               0x00000000   Number         0  beep.o ABSOLUTE
    ..\\HARDWARE\\DAC\\dac.c                 0x00000000   Number         0  dac.o ABSOLUTE
    ..\\HARDWARE\\EXTI\\exti.c               0x00000000   Number         0  exti.o ABSOLUTE
    ..\\HARDWARE\\JDQ\\JDQ.c                 0x00000000   Number         0  jdq.o ABSOLUTE
    ..\\HARDWARE\\KEY\\key.c                 0x00000000   Number         0  key.o ABSOLUTE
    ..\\HARDWARE\\LED\\led.c                 0x00000000   Number         0  led.o ABSOLUTE
    ..\\HARDWARE\\RTC\\rtc.c                 0x00000000   Number         0  rtc.o ABSOLUTE
    ..\\HARDWARE\\TIMER3\\timer3.c           0x00000000   Number         0  timer3.o ABSOLUTE
    ..\\HARDWARE\\UART5\\uart5.c             0x00000000   Number         0  uart5.o ABSOLUTE
    ..\\HARDWARE\\USART1\\usart1.c           0x00000000   Number         0  usart1.o ABSOLUTE
    ..\\HARDWARE\\USART2\\usart2.c           0x00000000   Number         0  usart2.o ABSOLUTE
    ..\\HARDWARE\\USART3\\usart3.c           0x00000000   Number         0  usart3.o ABSOLUTE
    ..\\SYSTEM\\delay\\delay.c               0x00000000   Number         0  delay.o ABSOLUTE
    ..\\SYSTEM\\sys\\sys.c                   0x00000000   Number         0  sys.o ABSOLUTE
    PlanTask.c                               0x00000000   Number         0  plantask.o ABSOLUTE
    PlanTask.c                               0x00000000   Number         0  plantask.o ABSOLUTE
    WIFI_Dealwith.c                          0x00000000   Number         0  wifi_dealwith.o ABSOLUTE
    WIFI_Dealwith.c                          0x00000000   Number         0  wifi_dealwith.o ABSOLUTE
    dc.s                                     0x00000000   Number         0  dc.o ABSOLUTE
    init_Parameter.c                         0x00000000   Number         0  init_parameter.o ABSOLUTE
    init_Parameter.c                         0x00000000   Number         0  init_parameter.o ABSOLUTE
    main.c                                   0x00000000   Number         0  main.o ABSOLUTE
    main.c                                   0x00000000   Number         0  main.o ABSOLUTE
    stm32f4xx_it.c                           0x00000000   Number         0  stm32f4xx_it.o ABSOLUTE
    stm32f4xx_it.c                           0x00000000   Number         0  stm32f4xx_it.o ABSOLUTE
    system_stm32f4xx.c                       0x00000000   Number         0  system_stm32f4xx.o ABSOLUTE
    system_stm32f4xx.c                       0x00000000   Number         0  system_stm32f4xx.o ABSOLUTE
    RESET                                    0x08000000   Section      392  startup_stm32f40_41xxx.o(RESET)
    !!!main                                  0x08000188   Section        8  __main.o(!!!main)
    !!!scatter                               0x08000190   Section       52  __scatter.o(!!!scatter)
    !!handler_copy                           0x080001c4   Section       26  __scatter_copy.o(!!handler_copy)
    !!handler_zi                             0x080001e0   Section       28  __scatter_zi.o(!!handler_zi)
    .ARM.Collect$$libinit$$00000000          0x080001fc   Section        2  libinit.o(.ARM.Collect$$libinit$$00000000)
    .ARM.Collect$$libinit$$00000001          0x080001fe   Section        4  libinit2.o(.ARM.Collect$$libinit$$00000001)
    .ARM.Collect$$libinit$$00000004          0x08000202   Section        0  libinit2.o(.ARM.Collect$$libinit$$00000004)
    .ARM.Collect$$libinit$$0000000A          0x08000202   Section        0  libinit2.o(.ARM.Collect$$libinit$$0000000A)
    .ARM.Collect$$libinit$$0000000C          0x08000202   Section        0  libinit2.o(.ARM.Collect$$libinit$$0000000C)
    .ARM.Collect$$libinit$$0000000E          0x08000202   Section        0  libinit2.o(.ARM.Collect$$libinit$$0000000E)
    .ARM.Collect$$libinit$$00000011          0x08000202   Section        0  libinit2.o(.ARM.Collect$$libinit$$00000011)
    .ARM.Collect$$libinit$$00000013          0x08000202   Section        0  libinit2.o(.ARM.Collect$$libinit$$00000013)
    .ARM.Collect$$libinit$$00000015          0x08000202   Section        0  libinit2.o(.ARM.Collect$$libinit$$00000015)
    .ARM.Collect$$libinit$$00000017          0x08000202   Section        0  libinit2.o(.ARM.Collect$$libinit$$00000017)
    .ARM.Collect$$libinit$$00000019          0x08000202   Section        0  libinit2.o(.ARM.Collect$$libinit$$00000019)
    .ARM.Collect$$libinit$$0000001B          0x08000202   Section        0  libinit2.o(.ARM.Collect$$libinit$$0000001B)
    .ARM.Collect$$libinit$$0000001D          0x08000202   Section        0  libinit2.o(.ARM.Collect$$libinit$$0000001D)
    .ARM.Collect$$libinit$$0000001F          0x08000202   Section        0  libinit2.o(.ARM.Collect$$libinit$$0000001F)
    .ARM.Collect$$libinit$$00000021          0x08000202   Section        0  libinit2.o(.ARM.Collect$$libinit$$00000021)
    .ARM.Collect$$libinit$$00000023          0x08000202   Section        0  libinit2.o(.ARM.Collect$$libinit$$00000023)
    .ARM.Collect$$libinit$$00000025          0x08000202   Section        0  libinit2.o(.ARM.Collect$$libinit$$00000025)
    .ARM.Collect$$libinit$$0000002C          0x08000202   Section        0  libinit2.o(.ARM.Collect$$libinit$$0000002C)
    .ARM.Collect$$libinit$$0000002E          0x08000202   Section        0  libinit2.o(.ARM.Collect$$libinit$$0000002E)
    .ARM.Collect$$libinit$$00000030          0x08000202   Section        0  libinit2.o(.ARM.Collect$$libinit$$00000030)
    .ARM.Collect$$libinit$$00000032          0x08000202   Section        0  libinit2.o(.ARM.Collect$$libinit$$00000032)
    .ARM.Collect$$libinit$$00000033          0x08000202   Section        2  libinit2.o(.ARM.Collect$$libinit$$00000033)
    .ARM.Collect$$libshutdown$$00000000      0x08000204   Section        2  libshutdown.o(.ARM.Collect$$libshutdown$$00000000)
    .ARM.Collect$$libshutdown$$00000002      0x08000206   Section        0  libshutdown2.o(.ARM.Collect$$libshutdown$$00000002)
    .ARM.Collect$$libshutdown$$00000004      0x08000206   Section        0  libshutdown2.o(.ARM.Collect$$libshutdown$$00000004)
    .ARM.Collect$$libshutdown$$00000007      0x08000206   Section        0  libshutdown2.o(.ARM.Collect$$libshutdown$$00000007)
    .ARM.Collect$$libshutdown$$0000000A      0x08000206   Section        0  libshutdown2.o(.ARM.Collect$$libshutdown$$0000000A)
    .ARM.Collect$$libshutdown$$0000000C      0x08000206   Section        0  libshutdown2.o(.ARM.Collect$$libshutdown$$0000000C)
    .ARM.Collect$$libshutdown$$0000000F      0x08000206   Section        0  libshutdown2.o(.ARM.Collect$$libshutdown$$0000000F)
    .ARM.Collect$$libshutdown$$00000010      0x08000206   Section        2  libshutdown2.o(.ARM.Collect$$libshutdown$$00000010)
    .ARM.Collect$$rtentry$$00000000          0x08000208   Section        0  __rtentry.o(.ARM.Collect$$rtentry$$00000000)
    .ARM.Collect$$rtentry$$00000002          0x08000208   Section        0  __rtentry2.o(.ARM.Collect$$rtentry$$00000002)
    .ARM.Collect$$rtentry$$00000004          0x08000208   Section        6  __rtentry4.o(.ARM.Collect$$rtentry$$00000004)
    .ARM.Collect$$rtentry$$00000009          0x0800020e   Section        0  __rtentry2.o(.ARM.Collect$$rtentry$$00000009)
    .ARM.Collect$$rtentry$$0000000A          0x0800020e   Section        4  __rtentry2.o(.ARM.Collect$$rtentry$$0000000A)
    .ARM.Collect$$rtentry$$0000000C          0x08000212   Section        0  __rtentry2.o(.ARM.Collect$$rtentry$$0000000C)
    .ARM.Collect$$rtentry$$0000000D          0x08000212   Section        8  __rtentry2.o(.ARM.Collect$$rtentry$$0000000D)
    .ARM.Collect$$rtexit$$00000000           0x0800021a   Section        2  rtexit.o(.ARM.Collect$$rtexit$$00000000)
    .ARM.Collect$$rtexit$$00000002           0x0800021c   Section        0  rtexit2.o(.ARM.Collect$$rtexit$$00000002)
    .ARM.Collect$$rtexit$$00000003           0x0800021c   Section        4  rtexit2.o(.ARM.Collect$$rtexit$$00000003)
    .ARM.Collect$$rtexit$$00000004           0x08000220   Section        6  rtexit2.o(.ARM.Collect$$rtexit$$00000004)
    .text                                    0x08000228   Section       64  startup_stm32f40_41xxx.o(.text)
    $v0                                      0x08000228   Number         0  startup_stm32f40_41xxx.o(.text)
    .text                                    0x08000268   Section        0  heapauxi.o(.text)
    .text                                    0x0800026e   Section       74  sys_stackheap_outer.o(.text)
    .text                                    0x080002b8   Section        0  exit.o(.text)
    .text                                    0x080002cc   Section        8  libspace.o(.text)
    .text                                    0x080002d4   Section        0  sys_exit.o(.text)
    .text                                    0x080002e0   Section        2  use_no_semi.o(.text)
    .text                                    0x080002e2   Section        0  indicate_semi.o(.text)
    i.ADC_Cmd                                0x080002e2   Section        0  stm32f4xx_adc.o(i.ADC_Cmd)
    i.ADC_CommonInit                         0x080002f8   Section        0  stm32f4xx_adc.o(i.ADC_CommonInit)
    i.ADC_GetConversionValue                 0x08000328   Section        0  stm32f4xx_adc.o(i.ADC_GetConversionValue)
    i.ADC_GetFlagStatus                      0x08000330   Section        0  stm32f4xx_adc.o(i.ADC_GetFlagStatus)
    i.ADC_Init                               0x08000344   Section        0  stm32f4xx_adc.o(i.ADC_Init)
    i.ADC_RegularChannelConfig               0x08000398   Section        0  stm32f4xx_adc.o(i.ADC_RegularChannelConfig)
    i.ADC_SoftwareStartConv                  0x08000450   Section        0  stm32f4xx_adc.o(i.ADC_SoftwareStartConv)
    i.Adc_Init                               0x0800045c   Section        0  adc.o(i.Adc_Init)
    i.BusFault_Handler                       0x080004dc   Section        0  stm32f4xx_it.o(i.BusFault_Handler)
    i.Calc_Laser1                            0x080004e0   Section        0  usart2.o(i.Calc_Laser1)
    i.Calc_Laser2                            0x080005b4   Section        0  usart3.o(i.Calc_Laser2)
    i.DAC_Cmd                                0x08000688   Section        0  stm32f4xx_dac.o(i.DAC_Cmd)
    i.DAC_Init                               0x080006b0   Section        0  stm32f4xx_dac.o(i.DAC_Init)
    i.DAC_SetChannel1Data                    0x080006e4   Section        0  stm32f4xx_dac.o(i.DAC_SetChannel1Data)
    i.Dac1_Init                              0x08000704   Section        0  dac.o(i.Dac1_Init)
    i.Dac1_Set_Vol                           0x0800075c   Section        0  dac.o(i.Dac1_Set_Vol)
    i.DebugMon_Handler                       0x080007d8   Section        0  stm32f4xx_it.o(i.DebugMon_Handler)
    i.EXTI4_IRQHandler                       0x080007dc   Section        0  exti.o(i.EXTI4_IRQHandler)
    i.EXTI9_5_IRQHandler                     0x08000808   Section        0  exti.o(i.EXTI9_5_IRQHandler)
    i.EXTIX_Init                             0x08000868   Section        0  exti.o(i.EXTIX_Init)
    i.EXTI_ClearITPendingBit                 0x080008f0   Section        0  stm32f4xx_exti.o(i.EXTI_ClearITPendingBit)
    i.EXTI_Init                              0x080008fc   Section        0  stm32f4xx_exti.o(i.EXTI_Init)
    i.GPIO_Init                              0x08000990   Section        0  stm32f4xx_gpio.o(i.GPIO_Init)
    i.GPIO_PinAFConfig                       0x08000a20   Section        0  stm32f4xx_gpio.o(i.GPIO_PinAFConfig)
    i.GPIO_ReadInputDataBit                  0x08000a66   Section        0  stm32f4xx_gpio.o(i.GPIO_ReadInputDataBit)
    i.GPIO_ResetBits                         0x08000a78   Section        0  stm32f4xx_gpio.o(i.GPIO_ResetBits)
    i.GPIO_SetBits                           0x08000a7c   Section        0  stm32f4xx_gpio.o(i.GPIO_SetBits)
    i.GPIO_ToggleBits                        0x08000a80   Section        0  stm32f4xx_gpio.o(i.GPIO_ToggleBits)
    i.Get_Adc                                0x08000a88   Section        0  adc.o(i.Get_Adc)
    i.Get_Adc_Average                        0x08000ab8   Section        0  adc.o(i.Get_Adc_Average)
    i.HardFault_Handler                      0x08000ae6   Section        0  stm32f4xx_it.o(i.HardFault_Handler)
    i.JDQ_Init                               0x08000aec   Section        0  jdq.o(i.JDQ_Init)
    i.KEY_Init                               0x08000bb0   Section        0  key.o(i.KEY_Init)
    i.KEY_Scan                               0x08000be0   Section        0  key.o(i.KEY_Scan)
    i.LED_Init                               0x08000ca0   Section        0  led.o(i.LED_Init)
    i.MemManage_Handler                      0x08000cf0   Section        0  stm32f4xx_it.o(i.MemManage_Handler)
    i.MovetoX                                0x08000cf4   Section        0  plantask.o(i.MovetoX)
    i.MovetoXY                               0x08000ef8   Section        0  plantask.o(i.MovetoXY)
    i.MovetoY                                0x08000f28   Section        0  plantask.o(i.MovetoY)
    i.My_RTC_Init                            0x08001114   Section        0  rtc.o(i.My_RTC_Init)
    i.NMI_Handler                            0x0800119e   Section        0  stm32f4xx_it.o(i.NMI_Handler)
    i.NVIC_Init                              0x080011a0   Section        0  misc.o(i.NVIC_Init)
    i.NVIC_PriorityGroupConfig               0x08001218   Section        0  misc.o(i.NVIC_PriorityGroupConfig)
    i.PWR_BackupAccessCmd                    0x0800122c   Section        0  stm32f4xx_pwr.o(i.PWR_BackupAccessCmd)
    i.PendSV_Handler                         0x08001238   Section        0  stm32f4xx_it.o(i.PendSV_Handler)
    i.PlanTask                               0x0800123c   Section        0  plantask.o(i.PlanTask)
    i.RCC_AHB1PeriphClockCmd                 0x080012d8   Section        0  stm32f4xx_rcc.o(i.RCC_AHB1PeriphClockCmd)
    i.RCC_APB1PeriphClockCmd                 0x080012f8   Section        0  stm32f4xx_rcc.o(i.RCC_APB1PeriphClockCmd)
    i.RCC_APB2PeriphClockCmd                 0x08001318   Section        0  stm32f4xx_rcc.o(i.RCC_APB2PeriphClockCmd)
    i.RCC_APB2PeriphResetCmd                 0x08001338   Section        0  stm32f4xx_rcc.o(i.RCC_APB2PeriphResetCmd)
    i.RCC_GetClocksFreq                      0x08001358   Section        0  stm32f4xx_rcc.o(i.RCC_GetClocksFreq)
    i.RCC_GetFlagStatus                      0x08001440   Section        0  stm32f4xx_rcc.o(i.RCC_GetFlagStatus)
    i.RCC_LSEConfig                          0x08001480   Section        0  stm32f4xx_rcc.o(i.RCC_LSEConfig)
    i.RCC_RTCCLKCmd                          0x080014ac   Section        0  stm32f4xx_rcc.o(i.RCC_RTCCLKCmd)
    i.RCC_RTCCLKConfig                       0x080014b8   Section        0  stm32f4xx_rcc.o(i.RCC_RTCCLKConfig)
    i.RTC_AlarmCmd                           0x080014f4   Section        0  stm32f4xx_rtc.o(i.RTC_AlarmCmd)
    i.RTC_Alarm_IRQHandler                   0x08001568   Section        0  rtc.o(i.RTC_Alarm_IRQHandler)
    i.RTC_Bcd2ToByte                         0x08001590   Section        0  stm32f4xx_rtc.o(i.RTC_Bcd2ToByte)
    RTC_Bcd2ToByte                           0x08001591   Thumb Code    22  stm32f4xx_rtc.o(i.RTC_Bcd2ToByte)
    i.RTC_ByteToBcd2                         0x080015a6   Section        0  stm32f4xx_rtc.o(i.RTC_ByteToBcd2)
    RTC_ByteToBcd2                           0x080015a7   Thumb Code    28  stm32f4xx_rtc.o(i.RTC_ByteToBcd2)
    i.RTC_ClearFlag                          0x080015c4   Section        0  stm32f4xx_rtc.o(i.RTC_ClearFlag)
    i.RTC_ClearITPendingBit                  0x080015e0   Section        0  stm32f4xx_rtc.o(i.RTC_ClearITPendingBit)
    i.RTC_EnterInitMode                      0x08001600   Section        0  stm32f4xx_rtc.o(i.RTC_EnterInitMode)
    i.RTC_ExitInitMode                       0x08001650   Section        0  stm32f4xx_rtc.o(i.RTC_ExitInitMode)
    i.RTC_GetDate                            0x08001664   Section        0  stm32f4xx_rtc.o(i.RTC_GetDate)
    i.RTC_GetFlagStatus                      0x080016b0   Section        0  stm32f4xx_rtc.o(i.RTC_GetFlagStatus)
    i.RTC_GetTime                            0x080016d8   Section        0  stm32f4xx_rtc.o(i.RTC_GetTime)
    i.RTC_ITConfig                           0x08001728   Section        0  stm32f4xx_rtc.o(i.RTC_ITConfig)
    i.RTC_Init                               0x0800178c   Section        0  stm32f4xx_rtc.o(i.RTC_Init)
    i.RTC_ReadBackupRegister                 0x080017f0   Section        0  stm32f4xx_rtc.o(i.RTC_ReadBackupRegister)
    i.RTC_SetAlarm                           0x08001810   Section        0  stm32f4xx_rtc.o(i.RTC_SetAlarm)
    i.RTC_SetDate                            0x080018fc   Section        0  stm32f4xx_rtc.o(i.RTC_SetDate)
    i.RTC_SetTime                            0x080019c4   Section        0  stm32f4xx_rtc.o(i.RTC_SetTime)
    i.RTC_Set_AlarmA                         0x08001a94   Section        0  rtc.o(i.RTC_Set_AlarmA)
    i.RTC_Set_Date                           0x08001b36   Section        0  rtc.o(i.RTC_Set_Date)
    i.RTC_Set_Time                           0x08001b5a   Section        0  rtc.o(i.RTC_Set_Time)
    i.RTC_WKUP_IRQHandler                    0x08001b7e   Section        0  rtc.o(i.RTC_WKUP_IRQHandler)
    i.RTC_WaitForSynchro                     0x08001b9c   Section        0  stm32f4xx_rtc.o(i.RTC_WaitForSynchro)
    i.RTC_WriteBackupRegister                0x08001bfc   Section        0  stm32f4xx_rtc.o(i.RTC_WriteBackupRegister)
    i.SVC_Handler                            0x08001c18   Section        0  stm32f4xx_it.o(i.SVC_Handler)
    i.SYSCFG_EXTILineConfig                  0x08001c1c   Section        0  stm32f4xx_syscfg.o(i.SYSCFG_EXTILineConfig)
    i.ScanPart                               0x08001c5c   Section        0  plantask.o(i.ScanPart)
    i.SetSysClock                            0x08001d18   Section        0  system_stm32f4xx.o(i.SetSysClock)
    SetSysClock                              0x08001d19   Thumb Code   220  system_stm32f4xx.o(i.SetSysClock)
    i.SysTick_CLKSourceConfig                0x08001e04   Section        0  misc.o(i.SysTick_CLKSourceConfig)
    i.SysTick_Handler                        0x08001e2c   Section        0  stm32f4xx_it.o(i.SysTick_Handler)
    i.SystemInit                             0x08001e30   Section        0  system_stm32f4xx.o(i.SystemInit)
    i.TIM3_IRQHandler                        0x08001e98   Section        0  timer3.o(i.TIM3_IRQHandler)
    i.TIM3_Int_Init                          0x08001fd8   Section        0  timer3.o(i.TIM3_Int_Init)
    i.TIM_ClearITPendingBit                  0x08002034   Section        0  stm32f4xx_tim.o(i.TIM_ClearITPendingBit)
    i.TIM_Cmd                                0x0800203a   Section        0  stm32f4xx_tim.o(i.TIM_Cmd)
    i.TIM_GetITStatus                        0x08002052   Section        0  stm32f4xx_tim.o(i.TIM_GetITStatus)
    i.TIM_ITConfig                           0x08002074   Section        0  stm32f4xx_tim.o(i.TIM_ITConfig)
    i.TIM_TimeBaseInit                       0x08002088   Section        0  stm32f4xx_tim.o(i.TIM_TimeBaseInit)
    i.UART5_IRQHandler                       0x0800210c   Section        0  uart5.o(i.UART5_IRQHandler)
    i.UART5_SendACK                          0x08002154   Section        0  wifi_dealwith.o(i.UART5_SendACK)
    i.UART5_SendEnd                          0x08002166   Section        0  wifi_dealwith.o(i.UART5_SendEnd)
    i.UART5_SendError                        0x0800217c   Section        0  wifi_dealwith.o(i.UART5_SendError)
    i.UART5_SendHead                         0x0800218e   Section        0  wifi_dealwith.o(i.UART5_SendHead)
    i.UART5_SendLaser                        0x080021b0   Section        0  wifi_dealwith.o(i.UART5_SendLaser)
    i.USART1_IRQHandler                      0x0800221c   Section        0  usart1.o(i.USART1_IRQHandler)
    i.USART2_IRQHandler                      0x08002238   Section        0  usart2.o(i.USART2_IRQHandler)
    i.USART3_IRQHandler                      0x08002298   Section        0  usart3.o(i.USART3_IRQHandler)
    i.USART_ClearFlag                        0x080022f8   Section        0  stm32f4xx_usart.o(i.USART_ClearFlag)
    i.USART_Cmd                              0x0800230a   Section        0  stm32f4xx_usart.o(i.USART_Cmd)
    i.USART_GetITStatus                      0x08002322   Section        0  stm32f4xx_usart.o(i.USART_GetITStatus)
    i.USART_ITConfig                         0x08002376   Section        0  stm32f4xx_usart.o(i.USART_ITConfig)
    i.USART_Init                             0x080023c0   Section        0  stm32f4xx_usart.o(i.USART_Init)
    i.USART_ReceiveData                      0x08002494   Section        0  stm32f4xx_usart.o(i.USART_ReceiveData)
    i.UsageFault_Handler                     0x0800249e   Section        0  stm32f4xx_it.o(i.UsageFault_Handler)
    i.WIFI_Dealwith                          0x080024a4   Section        0  wifi_dealwith.o(i.WIFI_Dealwith)
    i.Working_1                              0x08002930   Section        0  main.o(i.Working_1)
    i.Working_2                              0x080029f8   Section        0  main.o(i.Working_2)
    i.delay_init                             0x08002ac0   Section        0  delay.o(i.delay_init)
    i.delay_ms                               0x08002afc   Section        0  delay.o(i.delay_ms)
    i.delay_xms                              0x08002b34   Section        0  delay.o(i.delay_xms)
    i.filter                                 0x08002b80   Section        0  plantask.o(i.filter)
    i.init_Parameter                         0x08002bcc   Section        0  init_parameter.o(i.init_Parameter)
    i.main                                   0x08002c84   Section        0  main.o(i.main)
    i.uart5_init                             0x08002fc8   Section        0  uart5.o(i.uart5_init)
    i.uart5_send_byte                        0x08003084   Section        0  uart5.o(i.uart5_send_byte)
    i.usart1_init                            0x0800309c   Section        0  usart1.o(i.usart1_init)
    i.usart2_init                            0x08003150   Section        0  usart2.o(i.usart2_init)
    i.usart2_send_byte                       0x08003220   Section        0  usart2.o(i.usart2_send_byte)
    i.usart3_init                            0x0800323c   Section        0  usart3.o(i.usart3_init)
    i.usart3_send_byte                       0x080032e8   Section        0  usart3.o(i.usart3_send_byte)
    x$fpl$ddiv                               0x08003304   Section      688  ddiv.o(x$fpl$ddiv)
    $v0                                      0x08003304   Number         0  ddiv.o(x$fpl$ddiv)
    ddiv_entry                               0x0800330b   Thumb Code     0  ddiv.o(x$fpl$ddiv)
    x$fpl$dfixu                              0x080035b4   Section       90  dfixu.o(x$fpl$dfixu)
    $v0                                      0x080035b4   Number         0  dfixu.o(x$fpl$dfixu)
    x$fpl$dfltu                              0x0800360e   Section       38  dflt_clz.o(x$fpl$dfltu)
    $v0                                      0x0800360e   Number         0  dflt_clz.o(x$fpl$dfltu)
    x$fpl$dmul                               0x08003634   Section      340  dmul.o(x$fpl$dmul)
    $v0                                      0x08003634   Number         0  dmul.o(x$fpl$dmul)
    x$fpl$dnaninf                            0x08003788   Section      156  dnaninf.o(x$fpl$dnaninf)
    $v0                                      0x08003788   Number         0  dnaninf.o(x$fpl$dnaninf)
    x$fpl$dretinf                            0x08003824   Section       12  dretinf.o(x$fpl$dretinf)
    $v0                                      0x08003824   Number         0  dretinf.o(x$fpl$dretinf)
    x$fpl$fpinit                             0x08003830   Section       10  fpinit.o(x$fpl$fpinit)
    $v0                                      0x08003830   Number         0  fpinit.o(x$fpl$fpinit)
    x$fpl$usenofp                            0x0800383a   Section        0  usenofp.o(x$fpl$usenofp)
    .data                                    0x20000000   Section       16  main.o(.data)
    .data                                    0x20000010   Section       16  init_parameter.o(.data)
    .data                                    0x20000020   Section       18  plantask.o(.data)
    .data                                    0x20000032   Section        1  key.o(.data)
    key_up                                   0x20000032   Data           1  key.o(.data)
    .data                                    0x20000033   Section        2  usart2.o(.data)
    .data                                    0x20000035   Section        2  usart3.o(.data)
    .data                                    0x20000037   Section        2  uart5.o(.data)
    .data                                    0x2000003a   Section       13  timer3.o(.data)
    .data                                    0x20000048   Section        4  delay.o(.data)
    fac_us                                   0x20000048   Data           1  delay.o(.data)
    fac_ms                                   0x2000004a   Data           2  delay.o(.data)
    .data                                    0x2000004c   Section       16  stm32f4xx_rcc.o(.data)
    APBAHBPrescTable                         0x2000004c   Data          16  stm32f4xx_rcc.o(.data)
    .bss                                     0x2000005c   Section       20  usart2.o(.bss)
    .bss                                     0x20000070   Section       20  usart3.o(.bss)
    .bss                                     0x20000084   Section       30  uart5.o(.bss)
    .bss                                     0x200000a4   Section       96  libspace.o(.bss)
    HEAP                                     0x20000108   Section      512  startup_stm32f40_41xxx.o(HEAP)
    Heap_Mem                                 0x20000108   Data         512  startup_stm32f40_41xxx.o(HEAP)
    STACK                                    0x20000308   Section     1024  startup_stm32f40_41xxx.o(STACK)
    Stack_Mem                                0x20000308   Data        1024  startup_stm32f40_41xxx.o(STACK)
    __initial_sp                             0x20000708   Data           0  startup_stm32f40_41xxx.o(STACK)

    Global Symbols

    Symbol Name                              Value     Ov Type        Size  Object(Section)

    BuildAttributes$$THM_ISAv4$E$P$D$K$B$S$7EM$VFPi3$EXTD16$VFPS$VFMA$PE$A:L22UL41UL21$X:L11$S22US41US21$IEEE1$IW$USESV6$~STKCKD$USESV7$~SHL$OSPACE$ROPI$EBA8$UX$STANDARDLIB$REQ8$PRES8$EABIv2 0x00000000   Number         0  anon$$obj.o ABSOLUTE
    __ARM_use_no_argv                        0x00000000   Number         0  main.o ABSOLUTE
    __ARM_exceptions_init                     - Undefined Weak Reference
    __alloca_initialize                       - Undefined Weak Reference
    __arm_preinit_                            - Undefined Weak Reference
    __cpp_initialize__aeabi_                  - Undefined Weak Reference
    __cxa_finalize                            - Undefined Weak Reference
    __rt_locale                               - Undefined Weak Reference
    __sigvec_lookup                           - Undefined Weak Reference
    _atexit_init                              - Undefined Weak Reference
    _call_atexit_fns                          - Undefined Weak Reference
    _clock_init                               - Undefined Weak Reference
    _fp_trap_init                             - Undefined Weak Reference
    _fp_trap_shutdown                         - Undefined Weak Reference
    _get_lc_collate                           - Undefined Weak Reference
    _get_lc_ctype                             - Undefined Weak Reference
    _get_lc_monetary                          - Undefined Weak Reference
    _get_lc_numeric                           - Undefined Weak Reference
    _get_lc_time                              - Undefined Weak Reference
    _getenv_init                              - Undefined Weak Reference
    _handle_redirection                       - Undefined Weak Reference
    _init_alloc                               - Undefined Weak Reference
    _init_user_alloc                          - Undefined Weak Reference
    _initio                                   - Undefined Weak Reference
    _rand_init                                - Undefined Weak Reference
    _signal_finish                            - Undefined Weak Reference
    _signal_init                              - Undefined Weak Reference
    _terminate_alloc                          - Undefined Weak Reference
    _terminate_user_alloc                     - Undefined Weak Reference
    _terminateio                              - Undefined Weak Reference
    __Vectors_Size                           0x00000188   Number         0  startup_stm32f40_41xxx.o ABSOLUTE
    __Vectors                                0x08000000   Data           4  startup_stm32f40_41xxx.o(RESET)
    __Vectors_End                            0x08000188   Data           0  startup_stm32f40_41xxx.o(RESET)
    __main                                   0x08000189   Thumb Code     8  __main.o(!!!main)
    __scatterload                            0x08000191   Thumb Code     0  __scatter.o(!!!scatter)
    __scatterload_rt2                        0x08000191   Thumb Code    44  __scatter.o(!!!scatter)
    __scatterload_rt2_thumb_only             0x08000191   Thumb Code     0  __scatter.o(!!!scatter)
    __scatterload_null                       0x0800019f   Thumb Code     0  __scatter.o(!!!scatter)
    __scatterload_copy                       0x080001c5   Thumb Code    26  __scatter_copy.o(!!handler_copy)
    __scatterload_zeroinit                   0x080001e1   Thumb Code    28  __scatter_zi.o(!!handler_zi)
    __rt_lib_init                            0x080001fd   Thumb Code     0  libinit.o(.ARM.Collect$$libinit$$00000000)
    __rt_lib_init_fp_1                       0x080001ff   Thumb Code     0  libinit2.o(.ARM.Collect$$libinit$$00000001)
    __rt_lib_init_alloca_1                   0x08000203   Thumb Code     0  libinit2.o(.ARM.Collect$$libinit$$0000002E)
    __rt_lib_init_argv_1                     0x08000203   Thumb Code     0  libinit2.o(.ARM.Collect$$libinit$$0000002C)
    __rt_lib_init_atexit_1                   0x08000203   Thumb Code     0  libinit2.o(.ARM.Collect$$libinit$$0000001B)
    __rt_lib_init_clock_1                    0x08000203   Thumb Code     0  libinit2.o(.ARM.Collect$$libinit$$00000021)
    __rt_lib_init_cpp_1                      0x08000203   Thumb Code     0  libinit2.o(.ARM.Collect$$libinit$$00000032)
    __rt_lib_init_exceptions_1               0x08000203   Thumb Code     0  libinit2.o(.ARM.Collect$$libinit$$00000030)
    __rt_lib_init_fp_trap_1                  0x08000203   Thumb Code     0  libinit2.o(.ARM.Collect$$libinit$$0000001F)
    __rt_lib_init_getenv_1                   0x08000203   Thumb Code     0  libinit2.o(.ARM.Collect$$libinit$$00000023)
    __rt_lib_init_heap_1                     0x08000203   Thumb Code     0  libinit2.o(.ARM.Collect$$libinit$$0000000A)
    __rt_lib_init_lc_collate_1               0x08000203   Thumb Code     0  libinit2.o(.ARM.Collect$$libinit$$00000011)
    __rt_lib_init_lc_ctype_1                 0x08000203   Thumb Code     0  libinit2.o(.ARM.Collect$$libinit$$00000013)
    __rt_lib_init_lc_monetary_1              0x08000203   Thumb Code     0  libinit2.o(.ARM.Collect$$libinit$$00000015)
    __rt_lib_init_lc_numeric_1               0x08000203   Thumb Code     0  libinit2.o(.ARM.Collect$$libinit$$00000017)
    __rt_lib_init_lc_time_1                  0x08000203   Thumb Code     0  libinit2.o(.ARM.Collect$$libinit$$00000019)
    __rt_lib_init_preinit_1                  0x08000203   Thumb Code     0  libinit2.o(.ARM.Collect$$libinit$$00000004)
    __rt_lib_init_rand_1                     0x08000203   Thumb Code     0  libinit2.o(.ARM.Collect$$libinit$$0000000E)
    __rt_lib_init_return                     0x08000203   Thumb Code     0  libinit2.o(.ARM.Collect$$libinit$$00000033)
    __rt_lib_init_signal_1                   0x08000203   Thumb Code     0  libinit2.o(.ARM.Collect$$libinit$$0000001D)
    __rt_lib_init_stdio_1                    0x08000203   Thumb Code     0  libinit2.o(.ARM.Collect$$libinit$$00000025)
    __rt_lib_init_user_alloc_1               0x08000203   Thumb Code     0  libinit2.o(.ARM.Collect$$libinit$$0000000C)
    __rt_lib_shutdown                        0x08000205   Thumb Code     0  libshutdown.o(.ARM.Collect$$libshutdown$$00000000)
    __rt_lib_shutdown_cpp_1                  0x08000207   Thumb Code     0  libshutdown2.o(.ARM.Collect$$libshutdown$$00000002)
    __rt_lib_shutdown_fp_trap_1              0x08000207   Thumb Code     0  libshutdown2.o(.ARM.Collect$$libshutdown$$00000007)
    __rt_lib_shutdown_heap_1                 0x08000207   Thumb Code     0  libshutdown2.o(.ARM.Collect$$libshutdown$$0000000F)
    __rt_lib_shutdown_return                 0x08000207   Thumb Code     0  libshutdown2.o(.ARM.Collect$$libshutdown$$00000010)
    __rt_lib_shutdown_signal_1               0x08000207   Thumb Code     0  libshutdown2.o(.ARM.Collect$$libshutdown$$0000000A)
    __rt_lib_shutdown_stdio_1                0x08000207   Thumb Code     0  libshutdown2.o(.ARM.Collect$$libshutdown$$00000004)
    __rt_lib_shutdown_user_alloc_1           0x08000207   Thumb Code     0  libshutdown2.o(.ARM.Collect$$libshutdown$$0000000C)
    __rt_entry                               0x08000209   Thumb Code     0  __rtentry.o(.ARM.Collect$$rtentry$$00000000)
    __rt_entry_presh_1                       0x08000209   Thumb Code     0  __rtentry2.o(.ARM.Collect$$rtentry$$00000002)
    __rt_entry_sh                            0x08000209   Thumb Code     0  __rtentry4.o(.ARM.Collect$$rtentry$$00000004)
    __rt_entry_li                            0x0800020f   Thumb Code     0  __rtentry2.o(.ARM.Collect$$rtentry$$0000000A)
    __rt_entry_postsh_1                      0x0800020f   Thumb Code     0  __rtentry2.o(.ARM.Collect$$rtentry$$00000009)
    __rt_entry_main                          0x08000213   Thumb Code     0  __rtentry2.o(.ARM.Collect$$rtentry$$0000000D)
    __rt_entry_postli_1                      0x08000213   Thumb Code     0  __rtentry2.o(.ARM.Collect$$rtentry$$0000000C)
    __rt_exit                                0x0800021b   Thumb Code     0  rtexit.o(.ARM.Collect$$rtexit$$00000000)
    __rt_exit_ls                             0x0800021d   Thumb Code     0  rtexit2.o(.ARM.Collect$$rtexit$$00000003)
    __rt_exit_prels_1                        0x0800021d   Thumb Code     0  rtexit2.o(.ARM.Collect$$rtexit$$00000002)
    __rt_exit_exit                           0x08000221   Thumb Code     0  rtexit2.o(.ARM.Collect$$rtexit$$00000004)
    Reset_Handler                            0x08000229   Thumb Code     8  startup_stm32f40_41xxx.o(.text)
    ADC_IRQHandler                           0x08000243   Thumb Code     0  startup_stm32f40_41xxx.o(.text)
    CAN1_RX0_IRQHandler                      0x08000243   Thumb Code     0  startup_stm32f40_41xxx.o(.text)
    CAN1_RX1_IRQHandler                      0x08000243   Thumb Code     0  startup_stm32f40_41xxx.o(.text)
    CAN1_SCE_IRQHandler                      0x08000243   Thumb Code     0  startup_stm32f40_41xxx.o(.text)
    CAN1_TX_IRQHandler                       0x08000243   Thumb Code     0  startup_stm32f40_41xxx.o(.text)
    CAN2_RX0_IRQHandler                      0x08000243   Thumb Code     0  startup_stm32f40_41xxx.o(.text)
    CAN2_RX1_IRQHandler                      0x08000243   Thumb Code     0  startup_stm32f40_41xxx.o(.text)
    CAN2_SCE_IRQHandler                      0x08000243   Thumb Code     0  startup_stm32f40_41xxx.o(.text)
    CAN2_TX_IRQHandler                       0x08000243   Thumb Code     0  startup_stm32f40_41xxx.o(.text)
    CRYP_IRQHandler                          0x08000243   Thumb Code     0  startup_stm32f40_41xxx.o(.text)
    DCMI_IRQHandler                          0x08000243   Thumb Code     0  startup_stm32f40_41xxx.o(.text)
    DMA1_Stream0_IRQHandler                  0x08000243   Thumb Code     0  startup_stm32f40_41xxx.o(.text)
    DMA1_Stream1_IRQHandler                  0x08000243   Thumb Code     0  startup_stm32f40_41xxx.o(.text)
    DMA1_Stream2_IRQHandler                  0x08000243   Thumb Code     0  startup_stm32f40_41xxx.o(.text)
    DMA1_Stream3_IRQHandler                  0x08000243   Thumb Code     0  startup_stm32f40_41xxx.o(.text)
    DMA1_Stream4_IRQHandler                  0x08000243   Thumb Code     0  startup_stm32f40_41xxx.o(.text)
    DMA1_Stream5_IRQHandler                  0x08000243   Thumb Code     0  startup_stm32f40_41xxx.o(.text)
    DMA1_Stream6_IRQHandler                  0x08000243   Thumb Code     0  startup_stm32f40_41xxx.o(.text)
    DMA1_Stream7_IRQHandler                  0x08000243   Thumb Code     0  startup_stm32f40_41xxx.o(.text)
    DMA2_Stream0_IRQHandler                  0x08000243   Thumb Code     0  startup_stm32f40_41xxx.o(.text)
    DMA2_Stream1_IRQHandler                  0x08000243   Thumb Code     0  startup_stm32f40_41xxx.o(.text)
    DMA2_Stream2_IRQHandler                  0x08000243   Thumb Code     0  startup_stm32f40_41xxx.o(.text)
    DMA2_Stream3_IRQHandler                  0x08000243   Thumb Code     0  startup_stm32f40_41xxx.o(.text)
    DMA2_Stream4_IRQHandler                  0x08000243   Thumb Code     0  startup_stm32f40_41xxx.o(.text)
    DMA2_Stream5_IRQHandler                  0x08000243   Thumb Code     0  startup_stm32f40_41xxx.o(.text)
    DMA2_Stream6_IRQHandler                  0x08000243   Thumb Code     0  startup_stm32f40_41xxx.o(.text)
    DMA2_Stream7_IRQHandler                  0x08000243   Thumb Code     0  startup_stm32f40_41xxx.o(.text)
    ETH_IRQHandler                           0x08000243   Thumb Code     0  startup_stm32f40_41xxx.o(.text)
    ETH_WKUP_IRQHandler                      0x08000243   Thumb Code     0  startup_stm32f40_41xxx.o(.text)
    EXTI0_IRQHandler                         0x08000243   Thumb Code     0  startup_stm32f40_41xxx.o(.text)
    EXTI15_10_IRQHandler                     0x08000243   Thumb Code     0  startup_stm32f40_41xxx.o(.text)
    EXTI1_IRQHandler                         0x08000243   Thumb Code     0  startup_stm32f40_41xxx.o(.text)
    EXTI2_IRQHandler                         0x08000243   Thumb Code     0  startup_stm32f40_41xxx.o(.text)
    EXTI3_IRQHandler                         0x08000243   Thumb Code     0  startup_stm32f40_41xxx.o(.text)
    FLASH_IRQHandler                         0x08000243   Thumb Code     0  startup_stm32f40_41xxx.o(.text)
    FPU_IRQHandler                           0x08000243   Thumb Code     0  startup_stm32f40_41xxx.o(.text)
    FSMC_IRQHandler                          0x08000243   Thumb Code     0  startup_stm32f40_41xxx.o(.text)
    HASH_RNG_IRQHandler                      0x08000243   Thumb Code     0  startup_stm32f40_41xxx.o(.text)
    I2C1_ER_IRQHandler                       0x08000243   Thumb Code     0  startup_stm32f40_41xxx.o(.text)
    I2C1_EV_IRQHandler                       0x08000243   Thumb Code     0  startup_stm32f40_41xxx.o(.text)
    I2C2_ER_IRQHandler                       0x08000243   Thumb Code     0  startup_stm32f40_41xxx.o(.text)
    I2C2_EV_IRQHandler                       0x08000243   Thumb Code     0  startup_stm32f40_41xxx.o(.text)
    I2C3_ER_IRQHandler                       0x08000243   Thumb Code     0  startup_stm32f40_41xxx.o(.text)
    I2C3_EV_IRQHandler                       0x08000243   Thumb Code     0  startup_stm32f40_41xxx.o(.text)
    OTG_FS_IRQHandler                        0x08000243   Thumb Code     0  startup_stm32f40_41xxx.o(.text)
    OTG_FS_WKUP_IRQHandler                   0x08000243   Thumb Code     0  startup_stm32f40_41xxx.o(.text)
    OTG_HS_EP1_IN_IRQHandler                 0x08000243   Thumb Code     0  startup_stm32f40_41xxx.o(.text)
    OTG_HS_EP1_OUT_IRQHandler                0x08000243   Thumb Code     0  startup_stm32f40_41xxx.o(.text)
    OTG_HS_IRQHandler                        0x08000243   Thumb Code     0  startup_stm32f40_41xxx.o(.text)
    OTG_HS_WKUP_IRQHandler                   0x08000243   Thumb Code     0  startup_stm32f40_41xxx.o(.text)
    PVD_IRQHandler                           0x08000243   Thumb Code     0  startup_stm32f40_41xxx.o(.text)
    RCC_IRQHandler                           0x08000243   Thumb Code     0  startup_stm32f40_41xxx.o(.text)
    SDIO_IRQHandler                          0x08000243   Thumb Code     0  startup_stm32f40_41xxx.o(.text)
    SPI1_IRQHandler                          0x08000243   Thumb Code     0  startup_stm32f40_41xxx.o(.text)
    SPI2_IRQHandler                          0x08000243   Thumb Code     0  startup_stm32f40_41xxx.o(.text)
    SPI3_IRQHandler                          0x08000243   Thumb Code     0  startup_stm32f40_41xxx.o(.text)
    TAMP_STAMP_IRQHandler                    0x08000243   Thumb Code     0  startup_stm32f40_41xxx.o(.text)
    TIM1_BRK_TIM9_IRQHandler                 0x08000243   Thumb Code     0  startup_stm32f40_41xxx.o(.text)
    TIM1_CC_IRQHandler                       0x08000243   Thumb Code     0  startup_stm32f40_41xxx.o(.text)
    TIM1_TRG_COM_TIM11_IRQHandler            0x08000243   Thumb Code     0  startup_stm32f40_41xxx.o(.text)
    TIM1_UP_TIM10_IRQHandler                 0x08000243   Thumb Code     0  startup_stm32f40_41xxx.o(.text)
    TIM2_IRQHandler                          0x08000243   Thumb Code     0  startup_stm32f40_41xxx.o(.text)
    TIM4_IRQHandler                          0x08000243   Thumb Code     0  startup_stm32f40_41xxx.o(.text)
    TIM5_IRQHandler                          0x08000243   Thumb Code     0  startup_stm32f40_41xxx.o(.text)
    TIM6_DAC_IRQHandler                      0x08000243   Thumb Code     0  startup_stm32f40_41xxx.o(.text)
    TIM7_IRQHandler                          0x08000243   Thumb Code     0  startup_stm32f40_41xxx.o(.text)
    TIM8_BRK_TIM12_IRQHandler                0x08000243   Thumb Code     0  startup_stm32f40_41xxx.o(.text)
    TIM8_CC_IRQHandler                       0x08000243   Thumb Code     0  startup_stm32f40_41xxx.o(.text)
    TIM8_TRG_COM_TIM14_IRQHandler            0x08000243   Thumb Code     0  startup_stm32f40_41xxx.o(.text)
    TIM8_UP_TIM13_IRQHandler                 0x08000243   Thumb Code     0  startup_stm32f40_41xxx.o(.text)
    UART4_IRQHandler                         0x08000243   Thumb Code     0  startup_stm32f40_41xxx.o(.text)
    USART6_IRQHandler                        0x08000243   Thumb Code     0  startup_stm32f40_41xxx.o(.text)
    WWDG_IRQHandler                          0x08000243   Thumb Code     0  startup_stm32f40_41xxx.o(.text)
    __user_initial_stackheap                 0x08000245   Thumb Code     0  startup_stm32f40_41xxx.o(.text)
    __use_two_region_memory                  0x08000269   Thumb Code     2  heapauxi.o(.text)
    __rt_heap_escrow$2region                 0x0800026b   Thumb Code     2  heapauxi.o(.text)
    __rt_heap_expand$2region                 0x0800026d   Thumb Code     2  heapauxi.o(.text)
    __user_setup_stackheap                   0x0800026f   Thumb Code    74  sys_stackheap_outer.o(.text)
    exit                                     0x080002b9   Thumb Code    18  exit.o(.text)
    __user_libspace                          0x080002cd   Thumb Code     8  libspace.o(.text)
    __user_perproc_libspace                  0x080002cd   Thumb Code     0  libspace.o(.text)
    __user_perthread_libspace                0x080002cd   Thumb Code     0  libspace.o(.text)
    _sys_exit                                0x080002d5   Thumb Code     8  sys_exit.o(.text)
    __I$use$semihosting                      0x080002e1   Thumb Code     0  use_no_semi.o(.text)
    __use_no_semihosting_swi                 0x080002e1   Thumb Code     2  use_no_semi.o(.text)
    ADC_Cmd                                  0x080002e3   Thumb Code    22  stm32f4xx_adc.o(i.ADC_Cmd)
    __semihosting_library_function           0x080002e3   Thumb Code     0  indicate_semi.o(.text)
    ADC_CommonInit                           0x080002f9   Thumb Code    34  stm32f4xx_adc.o(i.ADC_CommonInit)
    ADC_GetConversionValue                   0x08000329   Thumb Code     8  stm32f4xx_adc.o(i.ADC_GetConversionValue)
    ADC_GetFlagStatus                        0x08000331   Thumb Code    18  stm32f4xx_adc.o(i.ADC_GetFlagStatus)
    ADC_Init                                 0x08000345   Thumb Code    74  stm32f4xx_adc.o(i.ADC_Init)
    ADC_RegularChannelConfig                 0x08000399   Thumb Code   184  stm32f4xx_adc.o(i.ADC_RegularChannelConfig)
    ADC_SoftwareStartConv                    0x08000451   Thumb Code    10  stm32f4xx_adc.o(i.ADC_SoftwareStartConv)
    Adc_Init                                 0x0800045d   Thumb Code   120  adc.o(i.Adc_Init)
    BusFault_Handler                         0x080004dd   Thumb Code     4  stm32f4xx_it.o(i.BusFault_Handler)
    Calc_Laser1                              0x080004e1   Thumb Code   198  usart2.o(i.Calc_Laser1)
    Calc_Laser2                              0x080005b5   Thumb Code   198  usart3.o(i.Calc_Laser2)
    DAC_Cmd                                  0x08000689   Thumb Code    34  stm32f4xx_dac.o(i.DAC_Cmd)
    DAC_Init                                 0x080006b1   Thumb Code    46  stm32f4xx_dac.o(i.DAC_Init)
    DAC_SetChannel1Data                      0x080006e5   Thumb Code    26  stm32f4xx_dac.o(i.DAC_SetChannel1Data)
    Dac1_Init                                0x08000705   Thumb Code    84  dac.o(i.Dac1_Init)
    Dac1_Set_Vol                             0x0800075d   Thumb Code    98  dac.o(i.Dac1_Set_Vol)
    DebugMon_Handler                         0x080007d9   Thumb Code     2  stm32f4xx_it.o(i.DebugMon_Handler)
    EXTI4_IRQHandler                         0x080007dd   Thumb Code    36  exti.o(i.EXTI4_IRQHandler)
    EXTI9_5_IRQHandler                       0x08000809   Thumb Code    88  exti.o(i.EXTI9_5_IRQHandler)
    EXTIX_Init                               0x08000869   Thumb Code   136  exti.o(i.EXTIX_Init)
    EXTI_ClearITPendingBit                   0x080008f1   Thumb Code     6  stm32f4xx_exti.o(i.EXTI_ClearITPendingBit)
    EXTI_Init                                0x080008fd   Thumb Code   142  stm32f4xx_exti.o(i.EXTI_Init)
    GPIO_Init                                0x08000991   Thumb Code   144  stm32f4xx_gpio.o(i.GPIO_Init)
    GPIO_PinAFConfig                         0x08000a21   Thumb Code    70  stm32f4xx_gpio.o(i.GPIO_PinAFConfig)
    GPIO_ReadInputDataBit                    0x08000a67   Thumb Code    18  stm32f4xx_gpio.o(i.GPIO_ReadInputDataBit)
    GPIO_ResetBits                           0x08000a79   Thumb Code     4  stm32f4xx_gpio.o(i.GPIO_ResetBits)
    GPIO_SetBits                             0x08000a7d   Thumb Code     4  stm32f4xx_gpio.o(i.GPIO_SetBits)
    GPIO_ToggleBits                          0x08000a81   Thumb Code     8  stm32f4xx_gpio.o(i.GPIO_ToggleBits)
    Get_Adc                                  0x08000a89   Thumb Code    44  adc.o(i.Get_Adc)
    Get_Adc_Average                          0x08000ab9   Thumb Code    46  adc.o(i.Get_Adc_Average)
    HardFault_Handler                        0x08000ae7   Thumb Code     4  stm32f4xx_it.o(i.HardFault_Handler)
    JDQ_Init                                 0x08000aed   Thumb Code   182  jdq.o(i.JDQ_Init)
    KEY_Init                                 0x08000bb1   Thumb Code    42  key.o(i.KEY_Init)
    KEY_Scan                                 0x08000be1   Thumb Code   184  key.o(i.KEY_Scan)
    LED_Init                                 0x08000ca1   Thumb Code    70  led.o(i.LED_Init)
    MemManage_Handler                        0x08000cf1   Thumb Code     4  stm32f4xx_it.o(i.MemManage_Handler)
    MovetoX                                  0x08000cf5   Thumb Code   492  plantask.o(i.MovetoX)
    MovetoXY                                 0x08000ef9   Thumb Code    42  plantask.o(i.MovetoXY)
    MovetoY                                  0x08000f29   Thumb Code   468  plantask.o(i.MovetoY)
    My_RTC_Init                              0x08001115   Thumb Code   138  rtc.o(i.My_RTC_Init)
    NMI_Handler                              0x0800119f   Thumb Code     2  stm32f4xx_it.o(i.NMI_Handler)
    NVIC_Init                                0x080011a1   Thumb Code   106  misc.o(i.NVIC_Init)
    NVIC_PriorityGroupConfig                 0x08001219   Thumb Code    10  misc.o(i.NVIC_PriorityGroupConfig)
    PWR_BackupAccessCmd                      0x0800122d   Thumb Code     6  stm32f4xx_pwr.o(i.PWR_BackupAccessCmd)
    PendSV_Handler                           0x08001239   Thumb Code     2  stm32f4xx_it.o(i.PendSV_Handler)
    PlanTask                                 0x0800123d   Thumb Code   132  plantask.o(i.PlanTask)
    RCC_AHB1PeriphClockCmd                   0x080012d9   Thumb Code    26  stm32f4xx_rcc.o(i.RCC_AHB1PeriphClockCmd)
    RCC_APB1PeriphClockCmd                   0x080012f9   Thumb Code    26  stm32f4xx_rcc.o(i.RCC_APB1PeriphClockCmd)
    RCC_APB2PeriphClockCmd                   0x08001319   Thumb Code    26  stm32f4xx_rcc.o(i.RCC_APB2PeriphClockCmd)
    RCC_APB2PeriphResetCmd                   0x08001339   Thumb Code    26  stm32f4xx_rcc.o(i.RCC_APB2PeriphResetCmd)
    RCC_GetClocksFreq                        0x08001359   Thumb Code   214  stm32f4xx_rcc.o(i.RCC_GetClocksFreq)
    RCC_GetFlagStatus                        0x08001441   Thumb Code    60  stm32f4xx_rcc.o(i.RCC_GetFlagStatus)
    RCC_LSEConfig                            0x08001481   Thumb Code    40  stm32f4xx_rcc.o(i.RCC_LSEConfig)
    RCC_RTCCLKCmd                            0x080014ad   Thumb Code     6  stm32f4xx_rcc.o(i.RCC_RTCCLKCmd)
    RCC_RTCCLKConfig                         0x080014b9   Thumb Code    50  stm32f4xx_rcc.o(i.RCC_RTCCLKConfig)
    RTC_AlarmCmd                             0x080014f5   Thumb Code   112  stm32f4xx_rtc.o(i.RTC_AlarmCmd)
    RTC_Alarm_IRQHandler                     0x08001569   Thumb Code    34  rtc.o(i.RTC_Alarm_IRQHandler)
    RTC_ClearFlag                            0x080015c5   Thumb Code    24  stm32f4xx_rtc.o(i.RTC_ClearFlag)
    RTC_ClearITPendingBit                    0x080015e1   Thumb Code    28  stm32f4xx_rtc.o(i.RTC_ClearITPendingBit)
    RTC_EnterInitMode                        0x08001601   Thumb Code    76  stm32f4xx_rtc.o(i.RTC_EnterInitMode)
    RTC_ExitInitMode                         0x08001651   Thumb Code    14  stm32f4xx_rtc.o(i.RTC_ExitInitMode)
    RTC_GetDate                              0x08001665   Thumb Code    68  stm32f4xx_rtc.o(i.RTC_GetDate)
    RTC_GetFlagStatus                        0x080016b1   Thumb Code    32  stm32f4xx_rtc.o(i.RTC_GetFlagStatus)
    RTC_GetTime                              0x080016d9   Thumb Code    72  stm32f4xx_rtc.o(i.RTC_GetTime)
    RTC_ITConfig                             0x08001729   Thumb Code    94  stm32f4xx_rtc.o(i.RTC_ITConfig)
    RTC_Init                                 0x0800178d   Thumb Code    94  stm32f4xx_rtc.o(i.RTC_Init)
    RTC_ReadBackupRegister                   0x080017f1   Thumb Code    26  stm32f4xx_rtc.o(i.RTC_ReadBackupRegister)
    RTC_SetAlarm                             0x08001811   Thumb Code   230  stm32f4xx_rtc.o(i.RTC_SetAlarm)
    RTC_SetDate                              0x080018fd   Thumb Code   190  stm32f4xx_rtc.o(i.RTC_SetDate)
    RTC_SetTime                              0x080019c5   Thumb Code   198  stm32f4xx_rtc.o(i.RTC_SetTime)
    RTC_Set_AlarmA                           0x08001a95   Thumb Code   162  rtc.o(i.RTC_Set_AlarmA)
    RTC_Set_Date                             0x08001b37   Thumb Code    36  rtc.o(i.RTC_Set_Date)
    RTC_Set_Time                             0x08001b5b   Thumb Code    36  rtc.o(i.RTC_Set_Time)
    RTC_WKUP_IRQHandler                      0x08001b7f   Thumb Code    30  rtc.o(i.RTC_WKUP_IRQHandler)
    RTC_WaitForSynchro                       0x08001b9d   Thumb Code    92  stm32f4xx_rtc.o(i.RTC_WaitForSynchro)
    RTC_WriteBackupRegister                  0x08001bfd   Thumb Code    24  stm32f4xx_rtc.o(i.RTC_WriteBackupRegister)
    SVC_Handler                              0x08001c19   Thumb Code     2  stm32f4xx_it.o(i.SVC_Handler)
    SYSCFG_EXTILineConfig                    0x08001c1d   Thumb Code    60  stm32f4xx_syscfg.o(i.SYSCFG_EXTILineConfig)
    ScanPart                                 0x08001c5d   Thumb Code   154  plantask.o(i.ScanPart)
    SysTick_CLKSourceConfig                  0x08001e05   Thumb Code    40  misc.o(i.SysTick_CLKSourceConfig)
    SysTick_Handler                          0x08001e2d   Thumb Code     2  stm32f4xx_it.o(i.SysTick_Handler)
    SystemInit                               0x08001e31   Thumb Code    88  system_stm32f4xx.o(i.SystemInit)
    TIM3_IRQHandler                          0x08001e99   Thumb Code   250  timer3.o(i.TIM3_IRQHandler)
    TIM3_Int_Init                            0x08001fd9   Thumb Code    88  timer3.o(i.TIM3_Int_Init)
    TIM_ClearITPendingBit                    0x08002035   Thumb Code     6  stm32f4xx_tim.o(i.TIM_ClearITPendingBit)
    TIM_Cmd                                  0x0800203b   Thumb Code    24  stm32f4xx_tim.o(i.TIM_Cmd)
    TIM_GetITStatus                          0x08002053   Thumb Code    34  stm32f4xx_tim.o(i.TIM_GetITStatus)
    TIM_ITConfig                             0x08002075   Thumb Code    18  stm32f4xx_tim.o(i.TIM_ITConfig)
    TIM_TimeBaseInit                         0x08002089   Thumb Code   104  stm32f4xx_tim.o(i.TIM_TimeBaseInit)
    UART5_IRQHandler                         0x0800210d   Thumb Code    52  uart5.o(i.UART5_IRQHandler)
    UART5_SendACK                            0x08002155   Thumb Code    18  wifi_dealwith.o(i.UART5_SendACK)
    UART5_SendEnd                            0x08002167   Thumb Code    22  wifi_dealwith.o(i.UART5_SendEnd)
    UART5_SendError                          0x0800217d   Thumb Code    18  wifi_dealwith.o(i.UART5_SendError)
    UART5_SendHead                           0x0800218f   Thumb Code    34  wifi_dealwith.o(i.UART5_SendHead)
    UART5_SendLaser                          0x080021b1   Thumb Code    98  wifi_dealwith.o(i.UART5_SendLaser)
    USART1_IRQHandler                        0x0800221d   Thumb Code    24  usart1.o(i.USART1_IRQHandler)
    USART2_IRQHandler                        0x08002239   Thumb Code    76  usart2.o(i.USART2_IRQHandler)
    USART3_IRQHandler                        0x08002299   Thumb Code    76  usart3.o(i.USART3_IRQHandler)
    USART_ClearFlag                          0x080022f9   Thumb Code    18  stm32f4xx_usart.o(i.USART_ClearFlag)
    USART_Cmd                                0x0800230b   Thumb Code    24  stm32f4xx_usart.o(i.USART_Cmd)
    USART_GetITStatus                        0x08002323   Thumb Code    84  stm32f4xx_usart.o(i.USART_GetITStatus)
    USART_ITConfig                           0x08002377   Thumb Code    74  stm32f4xx_usart.o(i.USART_ITConfig)
    USART_Init                               0x080023c1   Thumb Code   204  stm32f4xx_usart.o(i.USART_Init)
    USART_ReceiveData                        0x08002495   Thumb Code    10  stm32f4xx_usart.o(i.USART_ReceiveData)
    UsageFault_Handler                       0x0800249f   Thumb Code     4  stm32f4xx_it.o(i.UsageFault_Handler)
    WIFI_Dealwith                            0x080024a5   Thumb Code  1152  wifi_dealwith.o(i.WIFI_Dealwith)
    Working_1                                0x08002931   Thumb Code   174  main.o(i.Working_1)
    Working_2                                0x080029f9   Thumb Code   174  main.o(i.Working_2)
    delay_init                               0x08002ac1   Thumb Code    52  delay.o(i.delay_init)
    delay_ms                                 0x08002afd   Thumb Code    56  delay.o(i.delay_ms)
    delay_xms                                0x08002b35   Thumb Code    72  delay.o(i.delay_xms)
    filter                                   0x08002b81   Thumb Code    74  plantask.o(i.filter)
    init_Parameter                           0x08002bcd   Thumb Code   148  init_parameter.o(i.init_Parameter)
    main                                     0x08002c85   Thumb Code   722  main.o(i.main)
    uart5_init                               0x08002fc9   Thumb Code   174  uart5.o(i.uart5_init)
    uart5_send_byte                          0x08003085   Thumb Code    20  uart5.o(i.uart5_send_byte)
    usart1_init                              0x0800309d   Thumb Code   172  usart1.o(i.usart1_init)
    usart2_init                              0x08003151   Thumb Code   192  usart2.o(i.usart2_init)
    usart2_send_byte                         0x08003221   Thumb Code    22  usart2.o(i.usart2_send_byte)
    usart3_init                              0x0800323d   Thumb Code   164  usart3.o(i.usart3_init)
    usart3_send_byte                         0x080032e9   Thumb Code    22  usart3.o(i.usart3_send_byte)
    __aeabi_ddiv                             0x08003305   Thumb Code     0  ddiv.o(x$fpl$ddiv)
    _ddiv                                    0x08003305   Thumb Code   552  ddiv.o(x$fpl$ddiv)
    __aeabi_d2uiz                            0x080035b5   Thumb Code     0  dfixu.o(x$fpl$dfixu)
    _dfixu                                   0x080035b5   Thumb Code    90  dfixu.o(x$fpl$dfixu)
    __aeabi_ui2d                             0x0800360f   Thumb Code     0  dflt_clz.o(x$fpl$dfltu)
    _dfltu                                   0x0800360f   Thumb Code    38  dflt_clz.o(x$fpl$dfltu)
    __aeabi_dmul                             0x08003635   Thumb Code     0  dmul.o(x$fpl$dmul)
    _dmul                                    0x08003635   Thumb Code   332  dmul.o(x$fpl$dmul)
    __fpl_dnaninf                            0x08003789   Thumb Code   156  dnaninf.o(x$fpl$dnaninf)
    __fpl_dretinf                            0x08003825   Thumb Code    12  dretinf.o(x$fpl$dretinf)
    _fp_init                                 0x08003831   Thumb Code    10  fpinit.o(x$fpl$fpinit)
    __fplib_config_fpu_vfp                   0x08003839   Thumb Code     0  fpinit.o(x$fpl$fpinit)
    __fplib_config_pureend_doubles           0x08003839   Thumb Code     0  fpinit.o(x$fpl$fpinit)
    __I$use$fp                               0x0800383a   Number         0  usenofp.o(x$fpl$usenofp)
    Region$$Table$$Base                      0x0800383c   Number         0  anon$$obj.o(Region$$Table)
    Region$$Table$$Limit                     0x0800385c   Number         0  anon$$obj.o(Region$$Table)
    LaserFB                                  0x20000000   Data           1  main.o(.data)
    LaserFB_Flag                             0x20000001   Data           1  main.o(.data)
    Laser1_ON                                0x20000002   Data           1  main.o(.data)
    Laser2_ON                                0x20000003   Data           1  main.o(.data)
    Laser1_Value                             0x20000004   Data           2  main.o(.data)
    Laser2_Value                             0x20000006   Data           2  main.o(.data)
    RTC_TimeStruct                           0x20000008   Data           4  main.o(.data)
    RTC_DateStruct                           0x2000000c   Data           4  main.o(.data)
    X0                                       0x20000010   Data           2  init_parameter.o(.data)
    Y0                                       0x20000012   Data           2  init_parameter.o(.data)
    Xmax                                     0x20000014   Data           2  init_parameter.o(.data)
    Ymax                                     0x20000016   Data           2  init_parameter.o(.data)
    LineNum                                  0x20000018   Data           1  init_parameter.o(.data)
    Config_Flag                              0x20000019   Data           1  init_parameter.o(.data)
    LowSpeed                                 0x2000001a   Data           2  init_parameter.o(.data)
    MidSpeed                                 0x2000001c   Data           2  init_parameter.o(.data)
    HighSpeed                                0x2000001e   Data           2  init_parameter.o(.data)
    BreakFlag                                0x20000020   Data           1  plantask.o(.data)
    WorkStatus                               0x20000021   Data           1  plantask.o(.data)
    PlanTask_SW                              0x20000022   Data           1  plantask.o(.data)
    ScanPart_SW                              0x20000023   Data           1  plantask.o(.data)
    ScanPart_X0                              0x20000024   Data           2  plantask.o(.data)
    ScanPart_Xstep                           0x20000026   Data           2  plantask.o(.data)
    ScanPart_StartLine                       0x20000028   Data           1  plantask.o(.data)
    ScanPart_LineNum                         0x20000029   Data           1  plantask.o(.data)
    NowSpeed                                 0x2000002a   Data           1  plantask.o(.data)
    Xgoto_SW                                 0x2000002b   Data           1  plantask.o(.data)
    Ygoto_SW                                 0x2000002c   Data           1  plantask.o(.data)
    X_goto                                   0x2000002e   Data           2  plantask.o(.data)
    Y_goto                                   0x20000030   Data           2  plantask.o(.data)
    Usart2_rcv_flag                          0x20000033   Data           1  usart2.o(.data)
    USART2_BUF_Index                         0x20000034   Data           1  usart2.o(.data)
    Usart3_rcv_flag                          0x20000035   Data           1  usart3.o(.data)
    USART3_BUF_Index                         0x20000036   Data           1  usart3.o(.data)
    Uart5_rcv_flag                           0x20000037   Data           1  uart5.o(.data)
    UART5_BUF_Index                          0x20000038   Data           1  uart5.o(.data)
    Blink_timer                              0x2000003a   Data           2  timer3.o(.data)
    Laser1_send_timer                        0x2000003c   Data           2  timer3.o(.data)
    Laser2_send_timer                        0x2000003e   Data           2  timer3.o(.data)
    Laser1_receive_timer                     0x20000040   Data           2  timer3.o(.data)
    Laser2_receive_timer                     0x20000042   Data           2  timer3.o(.data)
    Uart5_receive_timer                      0x20000044   Data           2  timer3.o(.data)
    Uart5_receive_on                         0x20000046   Data           1  timer3.o(.data)
    USART2_RX_BUF                            0x2000005c   Data          20  usart2.o(.bss)
    USART3_RX_BUF                            0x20000070   Data          20  usart3.o(.bss)
    UART5_RX_BUF                             0x20000084   Data          30  uart5.o(.bss)
    __libspace_start                         0x200000a4   Data          96  libspace.o(.bss)
    __temporary_stack_top$libspace           0x20000104   Data           0  libspace.o(.bss)



==============================================================================

Memory Map of the image

  Image Entry point : 0x08000189

  Load Region LR_IROM1 (Base: 0x08000000, Size: 0x000038b8, Max: 0x00100000, ABSOLUTE)

    Execution Region ER_IROM1 (Base: 0x08000000, Size: 0x0000385c, Max: 0x00100000, ABSOLUTE)

    Base Addr    Size         Type   Attr      Idx    E Section Name        Object

    0x08000000   0x00000188   Data   RO          980    RESET               startup_stm32f40_41xxx.o
    0x08000188   0x00000008   Code   RO         3217  * !!!main             c_w.l(__main.o)
    0x08000190   0x00000034   Code   RO         3395    !!!scatter          c_w.l(__scatter.o)
    0x080001c4   0x0000001a   Code   RO         3397    !!handler_copy      c_w.l(__scatter_copy.o)
    0x080001de   0x00000002   PAD
    0x080001e0   0x0000001c   Code   RO         3399    !!handler_zi        c_w.l(__scatter_zi.o)
    0x080001fc   0x00000002   Code   RO         3265    .ARM.Collect$$libinit$$00000000  c_w.l(libinit.o)
    0x080001fe   0x00000004   Code   RO         3271    .ARM.Collect$$libinit$$00000001  c_w.l(libinit2.o)
    0x08000202   0x00000000   Code   RO         3274    .ARM.Collect$$libinit$$00000004  c_w.l(libinit2.o)
    0x08000202   0x00000000   Code   RO         3277    .ARM.Collect$$libinit$$0000000A  c_w.l(libinit2.o)
    0x08000202   0x00000000   Code   RO         3279    .ARM.Collect$$libinit$$0000000C  c_w.l(libinit2.o)
    0x08000202   0x00000000   Code   RO         3281    .ARM.Collect$$libinit$$0000000E  c_w.l(libinit2.o)
    0x08000202   0x00000000   Code   RO         3284    .ARM.Collect$$libinit$$00000011  c_w.l(libinit2.o)
    0x08000202   0x00000000   Code   RO         3286    .ARM.Collect$$libinit$$00000013  c_w.l(libinit2.o)
    0x08000202   0x00000000   Code   RO         3288    .ARM.Collect$$libinit$$00000015  c_w.l(libinit2.o)
    0x08000202   0x00000000   Code   RO         3290    .ARM.Collect$$libinit$$00000017  c_w.l(libinit2.o)
    0x08000202   0x00000000   Code   RO         3292    .ARM.Collect$$libinit$$00000019  c_w.l(libinit2.o)
    0x08000202   0x00000000   Code   RO         3294    .ARM.Collect$$libinit$$0000001B  c_w.l(libinit2.o)
    0x08000202   0x00000000   Code   RO         3296    .ARM.Collect$$libinit$$0000001D  c_w.l(libinit2.o)
    0x08000202   0x00000000   Code   RO         3298    .ARM.Collect$$libinit$$0000001F  c_w.l(libinit2.o)
    0x08000202   0x00000000   Code   RO         3300    .ARM.Collect$$libinit$$00000021  c_w.l(libinit2.o)
    0x08000202   0x00000000   Code   RO         3302    .ARM.Collect$$libinit$$00000023  c_w.l(libinit2.o)
    0x08000202   0x00000000   Code   RO         3304    .ARM.Collect$$libinit$$00000025  c_w.l(libinit2.o)
    0x08000202   0x00000000   Code   RO         3308    .ARM.Collect$$libinit$$0000002C  c_w.l(libinit2.o)
    0x08000202   0x00000000   Code   RO         3310    .ARM.Collect$$libinit$$0000002E  c_w.l(libinit2.o)
    0x08000202   0x00000000   Code   RO         3312    .ARM.Collect$$libinit$$00000030  c_w.l(libinit2.o)
    0x08000202   0x00000000   Code   RO         3314    .ARM.Collect$$libinit$$00000032  c_w.l(libinit2.o)
    0x08000202   0x00000002   Code   RO         3315    .ARM.Collect$$libinit$$00000033  c_w.l(libinit2.o)
    0x08000204   0x00000002   Code   RO         3335    .ARM.Collect$$libshutdown$$00000000  c_w.l(libshutdown.o)
    0x08000206   0x00000000   Code   RO         3348    .ARM.Collect$$libshutdown$$00000002  c_w.l(libshutdown2.o)
    0x08000206   0x00000000   Code   RO         3350    .ARM.Collect$$libshutdown$$00000004  c_w.l(libshutdown2.o)
    0x08000206   0x00000000   Code   RO         3353    .ARM.Collect$$libshutdown$$00000007  c_w.l(libshutdown2.o)
    0x08000206   0x00000000   Code   RO         3356    .ARM.Collect$$libshutdown$$0000000A  c_w.l(libshutdown2.o)
    0x08000206   0x00000000   Code   RO         3358    .ARM.Collect$$libshutdown$$0000000C  c_w.l(libshutdown2.o)
    0x08000206   0x00000000   Code   RO         3361    .ARM.Collect$$libshutdown$$0000000F  c_w.l(libshutdown2.o)
    0x08000206   0x00000002   Code   RO         3362    .ARM.Collect$$libshutdown$$00000010  c_w.l(libshutdown2.o)
    0x08000208   0x00000000   Code   RO         3235    .ARM.Collect$$rtentry$$00000000  c_w.l(__rtentry.o)
    0x08000208   0x00000000   Code   RO         3242    .ARM.Collect$$rtentry$$00000002  c_w.l(__rtentry2.o)
    0x08000208   0x00000006   Code   RO         3254    .ARM.Collect$$rtentry$$00000004  c_w.l(__rtentry4.o)
    0x0800020e   0x00000000   Code   RO         3244    .ARM.Collect$$rtentry$$00000009  c_w.l(__rtentry2.o)
    0x0800020e   0x00000004   Code   RO         3245    .ARM.Collect$$rtentry$$0000000A  c_w.l(__rtentry2.o)
    0x08000212   0x00000000   Code   RO         3247    .ARM.Collect$$rtentry$$0000000C  c_w.l(__rtentry2.o)
    0x08000212   0x00000008   Code   RO         3248    .ARM.Collect$$rtentry$$0000000D  c_w.l(__rtentry2.o)
    0x0800021a   0x00000002   Code   RO         3269    .ARM.Collect$$rtexit$$00000000  c_w.l(rtexit.o)
    0x0800021c   0x00000000   Code   RO         3317    .ARM.Collect$$rtexit$$00000002  c_w.l(rtexit2.o)
    0x0800021c   0x00000004   Code   RO         3318    .ARM.Collect$$rtexit$$00000003  c_w.l(rtexit2.o)
    0x08000220   0x00000006   Code   RO         3319    .ARM.Collect$$rtexit$$00000004  c_w.l(rtexit2.o)
    0x08000226   0x00000002   PAD
    0x08000228   0x00000040   Code   RO          981    .text               startup_stm32f40_41xxx.o
    0x08000268   0x00000006   Code   RO         3215    .text               c_w.l(heapauxi.o)
    0x0800026e   0x0000004a   Code   RO         3256    .text               c_w.l(sys_stackheap_outer.o)
    0x080002b8   0x00000012   Code   RO         3258    .text               c_w.l(exit.o)
    0x080002ca   0x00000002   PAD
    0x080002cc   0x00000008   Code   RO         3266    .text               c_w.l(libspace.o)
    0x080002d4   0x0000000c   Code   RO         3327    .text               c_w.l(sys_exit.o)
    0x080002e0   0x00000002   Code   RO         3338    .text               c_w.l(use_no_semi.o)
    0x080002e2   0x00000000   Code   RO         3340    .text               c_w.l(indicate_semi.o)
    0x080002e2   0x00000016   Code   RO         2857    i.ADC_Cmd           stm32f4xx_adc.o
    0x080002f8   0x00000030   Code   RO         2858    i.ADC_CommonInit    stm32f4xx_adc.o
    0x08000328   0x00000008   Code   RO         2869    i.ADC_GetConversionValue  stm32f4xx_adc.o
    0x08000330   0x00000012   Code   RO         2870    i.ADC_GetFlagStatus  stm32f4xx_adc.o
    0x08000342   0x00000002   PAD
    0x08000344   0x00000054   Code   RO         2877    i.ADC_Init          stm32f4xx_adc.o
    0x08000398   0x000000b8   Code   RO         2882    i.ADC_RegularChannelConfig  stm32f4xx_adc.o
    0x08000450   0x0000000a   Code   RO         2884    i.ADC_SoftwareStartConv  stm32f4xx_adc.o
    0x0800045a   0x00000002   PAD
    0x0800045c   0x00000080   Code   RO          558    i.Adc_Init          adc.o
    0x080004dc   0x00000004   Code   RO          199    i.BusFault_Handler  stm32f4xx_it.o
    0x080004e0   0x000000d4   Code   RO          664    i.Calc_Laser1       usart2.o
    0x080005b4   0x000000d4   Code   RO          713    i.Calc_Laser2       usart3.o
    0x08000688   0x00000028   Code   RO         1709    i.DAC_Cmd           stm32f4xx_dac.o
    0x080006b0   0x00000034   Code   RO         1717    i.DAC_Init          stm32f4xx_dac.o
    0x080006e4   0x00000020   Code   RO         1718    i.DAC_SetChannel1Data  stm32f4xx_dac.o
    0x08000704   0x00000058   Code   RO          590    i.Dac1_Init         dac.o
    0x0800075c   0x0000007c   Code   RO          591    i.Dac1_Set_Vol      dac.o
    0x080007d8   0x00000002   Code   RO          200    i.DebugMon_Handler  stm32f4xx_it.o
    0x080007da   0x00000002   PAD
    0x080007dc   0x0000002c   Code   RO          834    i.EXTI4_IRQHandler  exti.o
    0x08000808   0x00000060   Code   RO          835    i.EXTI9_5_IRQHandler  exti.o
    0x08000868   0x00000088   Code   RO          836    i.EXTIX_Init        exti.o
    0x080008f0   0x0000000c   Code   RO         1824    i.EXTI_ClearITPendingBit  stm32f4xx_exti.o
    0x080008fc   0x00000094   Code   RO         1829    i.EXTI_Init         stm32f4xx_exti.o
    0x08000990   0x00000090   Code   RO         1032    i.GPIO_Init         stm32f4xx_gpio.o
    0x08000a20   0x00000046   Code   RO         1033    i.GPIO_PinAFConfig  stm32f4xx_gpio.o
    0x08000a66   0x00000012   Code   RO         1036    i.GPIO_ReadInputDataBit  stm32f4xx_gpio.o
    0x08000a78   0x00000004   Code   RO         1039    i.GPIO_ResetBits    stm32f4xx_gpio.o
    0x08000a7c   0x00000004   Code   RO         1040    i.GPIO_SetBits      stm32f4xx_gpio.o
    0x08000a80   0x00000008   Code   RO         1042    i.GPIO_ToggleBits   stm32f4xx_gpio.o
    0x08000a88   0x00000030   Code   RO          559    i.Get_Adc           adc.o
    0x08000ab8   0x0000002e   Code   RO          560    i.Get_Adc_Average   adc.o
    0x08000ae6   0x00000004   Code   RO          201    i.HardFault_Handler  stm32f4xx_it.o
    0x08000aea   0x00000002   PAD
    0x08000aec   0x000000c4   Code   RO          538    i.JDQ_Init          jdq.o
    0x08000bb0   0x00000030   Code   RO          511    i.KEY_Init          key.o
    0x08000be0   0x000000c0   Code   RO          512    i.KEY_Scan          key.o
    0x08000ca0   0x00000050   Code   RO          471    i.LED_Init          led.o
    0x08000cf0   0x00000004   Code   RO          202    i.MemManage_Handler  stm32f4xx_it.o
    0x08000cf4   0x00000204   Code   RO          414    i.MovetoX           plantask.o
    0x08000ef8   0x00000030   Code   RO          415    i.MovetoXY          plantask.o
    0x08000f28   0x000001ec   Code   RO          416    i.MovetoY           plantask.o
    0x08001114   0x0000008a   Code   RO          866    i.My_RTC_Init       rtc.o
    0x0800119e   0x00000002   Code   RO          203    i.NMI_Handler       stm32f4xx_it.o
    0x080011a0   0x00000078   Code   RO          987    i.NVIC_Init         misc.o
    0x08001218   0x00000014   Code   RO          988    i.NVIC_PriorityGroupConfig  misc.o
    0x0800122c   0x0000000c   Code   RO         3093    i.PWR_BackupAccessCmd  stm32f4xx_pwr.o
    0x08001238   0x00000002   Code   RO          204    i.PendSV_Handler    stm32f4xx_it.o
    0x0800123a   0x00000002   PAD
    0x0800123c   0x0000009c   Code   RO          417    i.PlanTask          plantask.o
    0x080012d8   0x00000020   Code   RO         1129    i.RCC_AHB1PeriphClockCmd  stm32f4xx_rcc.o
    0x080012f8   0x00000020   Code   RO         1138    i.RCC_APB1PeriphClockCmd  stm32f4xx_rcc.o
    0x08001318   0x00000020   Code   RO         1141    i.RCC_APB2PeriphClockCmd  stm32f4xx_rcc.o
    0x08001338   0x00000020   Code   RO         1143    i.RCC_APB2PeriphResetCmd  stm32f4xx_rcc.o
    0x08001358   0x000000e8   Code   RO         1150    i.RCC_GetClocksFreq  stm32f4xx_rcc.o
    0x08001440   0x00000040   Code   RO         1151    i.RCC_GetFlagStatus  stm32f4xx_rcc.o
    0x08001480   0x0000002c   Code   RO         1159    i.RCC_LSEConfig     stm32f4xx_rcc.o
    0x080014ac   0x0000000c   Code   RO         1173    i.RCC_RTCCLKCmd     stm32f4xx_rcc.o
    0x080014b8   0x0000003c   Code   RO         1174    i.RCC_RTCCLKConfig  stm32f4xx_rcc.o
    0x080014f4   0x00000074   Code   RO         1935    i.RTC_AlarmCmd      stm32f4xx_rtc.o
    0x08001568   0x00000028   Code   RO          867    i.RTC_Alarm_IRQHandler  rtc.o
    0x08001590   0x00000016   Code   RO         1938    i.RTC_Bcd2ToByte    stm32f4xx_rtc.o
    0x080015a6   0x0000001c   Code   RO         1940    i.RTC_ByteToBcd2    stm32f4xx_rtc.o
    0x080015c2   0x00000002   PAD
    0x080015c4   0x0000001c   Code   RO         1943    i.RTC_ClearFlag     stm32f4xx_rtc.o
    0x080015e0   0x00000020   Code   RO         1944    i.RTC_ClearITPendingBit  stm32f4xx_rtc.o
    0x08001600   0x00000050   Code   RO         1950    i.RTC_EnterInitMode  stm32f4xx_rtc.o
    0x08001650   0x00000014   Code   RO         1951    i.RTC_ExitInitMode  stm32f4xx_rtc.o
    0x08001664   0x0000004c   Code   RO         1954    i.RTC_GetDate       stm32f4xx_rtc.o
    0x080016b0   0x00000028   Code   RO         1955    i.RTC_GetFlagStatus  stm32f4xx_rtc.o
    0x080016d8   0x00000050   Code   RO         1959    i.RTC_GetTime       stm32f4xx_rtc.o
    0x08001728   0x00000064   Code   RO         1963    i.RTC_ITConfig      stm32f4xx_rtc.o
    0x0800178c   0x00000064   Code   RO         1964    i.RTC_Init          stm32f4xx_rtc.o
    0x080017f0   0x00000020   Code   RO         1967    i.RTC_ReadBackupRegister  stm32f4xx_rtc.o
    0x08001810   0x000000ec   Code   RO         1969    i.RTC_SetAlarm      stm32f4xx_rtc.o
    0x080018fc   0x000000c8   Code   RO         1970    i.RTC_SetDate       stm32f4xx_rtc.o
    0x080019c4   0x000000d0   Code   RO         1971    i.RTC_SetTime       stm32f4xx_rtc.o
    0x08001a94   0x000000a2   Code   RO          868    i.RTC_Set_AlarmA    rtc.o
    0x08001b36   0x00000024   Code   RO          869    i.RTC_Set_Date      rtc.o
    0x08001b5a   0x00000024   Code   RO          870    i.RTC_Set_Time      rtc.o
    0x08001b7e   0x0000001e   Code   RO          872    i.RTC_WKUP_IRQHandler  rtc.o
    0x08001b9c   0x00000060   Code   RO         1987    i.RTC_WaitForSynchro  stm32f4xx_rtc.o
    0x08001bfc   0x0000001c   Code   RO         1990    i.RTC_WriteBackupRegister  stm32f4xx_rtc.o
    0x08001c18   0x00000002   Code   RO          205    i.SVC_Handler       stm32f4xx_it.o
    0x08001c1a   0x00000002   PAD
    0x08001c1c   0x00000040   Code   RO         1466    i.SYSCFG_EXTILineConfig  stm32f4xx_syscfg.o
    0x08001c5c   0x000000bc   Code   RO          418    i.ScanPart          plantask.o
    0x08001d18   0x000000ec   Code   RO          296    i.SetSysClock       system_stm32f4xx.o
    0x08001e04   0x00000028   Code   RO          991    i.SysTick_CLKSourceConfig  misc.o
    0x08001e2c   0x00000002   Code   RO          206    i.SysTick_Handler   stm32f4xx_it.o
    0x08001e2e   0x00000002   PAD
    0x08001e30   0x00000068   Code   RO          298    i.SystemInit        system_stm32f4xx.o
    0x08001e98   0x00000140   Code   RO          797    i.TIM3_IRQHandler   timer3.o
    0x08001fd8   0x0000005c   Code   RO          798    i.TIM3_Int_Init     timer3.o
    0x08002034   0x00000006   Code   RO         2300    i.TIM_ClearITPendingBit  stm32f4xx_tim.o
    0x0800203a   0x00000018   Code   RO         2305    i.TIM_Cmd           stm32f4xx_tim.o
    0x08002052   0x00000022   Code   RO         2326    i.TIM_GetITStatus   stm32f4xx_tim.o
    0x08002074   0x00000012   Code   RO         2330    i.TIM_ITConfig      stm32f4xx_tim.o
    0x08002086   0x00000002   PAD
    0x08002088   0x00000084   Code   RO         2377    i.TIM_TimeBaseInit  stm32f4xx_tim.o
    0x0800210c   0x00000048   Code   RO          758    i.UART5_IRQHandler  uart5.o
    0x08002154   0x00000012   Code   RO          333    i.UART5_SendACK     wifi_dealwith.o
    0x08002166   0x00000016   Code   RO          334    i.UART5_SendEnd     wifi_dealwith.o
    0x0800217c   0x00000012   Code   RO          335    i.UART5_SendError   wifi_dealwith.o
    0x0800218e   0x00000022   Code   RO          336    i.UART5_SendHead    wifi_dealwith.o
    0x080021b0   0x0000006c   Code   RO          337    i.UART5_SendLaser   wifi_dealwith.o
    0x0800221c   0x0000001c   Code   RO          622    i.USART1_IRQHandler  usart1.o
    0x08002238   0x00000060   Code   RO          665    i.USART2_IRQHandler  usart2.o
    0x08002298   0x00000060   Code   RO          714    i.USART3_IRQHandler  usart3.o
    0x080022f8   0x00000012   Code   RO         1519    i.USART_ClearFlag   stm32f4xx_usart.o
    0x0800230a   0x00000018   Code   RO         1523    i.USART_Cmd         stm32f4xx_usart.o
    0x08002322   0x00000054   Code   RO         1527    i.USART_GetITStatus  stm32f4xx_usart.o
    0x08002376   0x0000004a   Code   RO         1529    i.USART_ITConfig    stm32f4xx_usart.o
    0x080023c0   0x000000d4   Code   RO         1530    i.USART_Init        stm32f4xx_usart.o
    0x08002494   0x0000000a   Code   RO         1537    i.USART_ReceiveData  stm32f4xx_usart.o
    0x0800249e   0x00000004   Code   RO          207    i.UsageFault_Handler  stm32f4xx_it.o
    0x080024a2   0x00000002   PAD
    0x080024a4   0x0000048c   Code   RO          338    i.WIFI_Dealwith     wifi_dealwith.o
    0x08002930   0x000000c8   Code   RO            3    i.Working_1         main.o
    0x080029f8   0x000000c8   Code   RO            4    i.Working_2         main.o
    0x08002ac0   0x0000003c   Code   RO          922    i.delay_init        delay.o
    0x08002afc   0x00000038   Code   RO          923    i.delay_ms          delay.o
    0x08002b34   0x0000004c   Code   RO          925    i.delay_xms         delay.o
    0x08002b80   0x0000004a   Code   RO          419    i.filter            plantask.o
    0x08002bca   0x00000002   PAD
    0x08002bcc   0x000000b8   Code   RO          387    i.init_Parameter    init_parameter.o
    0x08002c84   0x00000344   Code   RO            5    i.main              main.o
    0x08002fc8   0x000000bc   Code   RO          759    i.uart5_init        uart5.o
    0x08003084   0x00000018   Code   RO          760    i.uart5_send_byte   uart5.o
    0x0800309c   0x000000b4   Code   RO          623    i.usart1_init       usart1.o
    0x08003150   0x000000d0   Code   RO          666    i.usart2_init       usart2.o
    0x08003220   0x0000001c   Code   RO          667    i.usart2_send_byte  usart2.o
    0x0800323c   0x000000ac   Code   RO          715    i.usart3_init       usart3.o
    0x080032e8   0x0000001c   Code   RO          716    i.usart3_send_byte  usart3.o
    0x08003304   0x000002b0   Code   RO         3220    x$fpl$ddiv          fz_wm.l(ddiv.o)
    0x080035b4   0x0000005a   Code   RO         3223    x$fpl$dfixu         fz_wm.l(dfixu.o)
    0x0800360e   0x00000026   Code   RO         3227    x$fpl$dfltu         fz_wm.l(dflt_clz.o)
    0x08003634   0x00000154   Code   RO         3233    x$fpl$dmul          fz_wm.l(dmul.o)
    0x08003788   0x0000009c   Code   RO         3236    x$fpl$dnaninf       fz_wm.l(dnaninf.o)
    0x08003824   0x0000000c   Code   RO         3238    x$fpl$dretinf       fz_wm.l(dretinf.o)
    0x08003830   0x0000000a   Code   RO         3325    x$fpl$fpinit        fz_wm.l(fpinit.o)
    0x0800383a   0x00000000   Code   RO         3240    x$fpl$usenofp       fz_wm.l(usenofp.o)
    0x0800383a   0x00000002   PAD
    0x0800383c   0x00000020   Data   RO         3393    Region$$Table       anon$$obj.o


    Execution Region RW_IRAM1 (Base: 0x20000000, Size: 0x00000708, Max: 0x00020000, ABSOLUTE)

    Base Addr    Size         Type   Attr      Idx    E Section Name        Object

    0x20000000   0x00000010   Data   RW            6    .data               main.o
    0x20000010   0x00000010   Data   RW          388    .data               init_parameter.o
    0x20000020   0x00000012   Data   RW          420    .data               plantask.o
    0x20000032   0x00000001   Data   RW          513    .data               key.o
    0x20000033   0x00000002   Data   RW          669    .data               usart2.o
    0x20000035   0x00000002   Data   RW          718    .data               usart3.o
    0x20000037   0x00000002   Data   RW          762    .data               uart5.o
    0x20000039   0x00000001   PAD
    0x2000003a   0x0000000d   Data   RW          799    .data               timer3.o
    0x20000047   0x00000001   PAD
    0x20000048   0x00000004   Data   RW          926    .data               delay.o
    0x2000004c   0x00000010   Data   RW         1182    .data               stm32f4xx_rcc.o
    0x2000005c   0x00000014   Zero   RW          668    .bss                usart2.o
    0x20000070   0x00000014   Zero   RW          717    .bss                usart3.o
    0x20000084   0x0000001e   Zero   RW          761    .bss                uart5.o
    0x200000a2   0x00000002   PAD
    0x200000a4   0x00000060   Zero   RW         3267    .bss                c_w.l(libspace.o)
    0x20000104   0x00000004   PAD
    0x20000108   0x00000200   Zero   RW          979    HEAP                startup_stm32f40_41xxx.o
    0x20000308   0x00000400   Zero   RW          978    STACK               startup_stm32f40_41xxx.o


==============================================================================

Image component sizes


      Code (inc. data)   RO Data    RW Data    ZI Data      Debug   Object Name

       222         12          0          0          0       1927   adc.o
       212         30          0          0          0       1235   dac.o
       192         12          0          4          0       1972   delay.o
       276         16          0          0          0       1693   exti.o
       184         36          0         16          0       1027   init_parameter.o
       196         14          0          0          0        607   jdq.o
       240         14          0          1          0       1250   key.o
        80         10          0          0          0        543   led.o
      1236        190          0         16          0     320154   main.o
       180         24          0          0          0       2081   misc.o
      1474        112          0         18          0       6593   plantask.o
       442          6          0          0          0       4182   rtc.o
        64         26        392          0       1536        832   startup_stm32f40_41xxx.o
       374         24          0          0          0       5570   stm32f4xx_adc.o
       124         18          0          0          0       2447   stm32f4xx_dac.o
       160         12          0          0          0       1501   stm32f4xx_exti.o
       248          0          0          0          0       4097   stm32f4xx_gpio.o
        26          0          0          0          0       4094   stm32f4xx_it.o
        12          6          0          0          0        534   stm32f4xx_pwr.o
       540         66          0         16          0       7563   stm32f4xx_rcc.o
      1522         98          0          0          0      12563   stm32f4xx_rtc.o
        64          4          0          0          0        656   stm32f4xx_syscfg.o
       214         28          0          0          0       3686   stm32f4xx_tim.o
       422          8          0          0          0       4856   stm32f4xx_usart.o
       340         32          0          0          0       1485   system_stm32f4xx.o
       412         74          0         13          0       1923   timer3.o
       284         38          0          2         30       2508   uart5.o
       208         12          0          0          0       1318   usart1.o
       544         56          0          2         20       3148   usart2.o
       508         48          0          2         20       3100   usart3.o
      1364        144          0          0          0       3681   wifi_dealwith.o

    ----------------------------------------------------------------------
     12386       1170        424         92       1608     408826   Object Totals
         0          0         32          0          0          0   (incl. Generated)
        22          0          0          2          2          0   (incl. Padding)

    ----------------------------------------------------------------------

      Code (inc. data)   RO Data    RW Data    ZI Data      Debug   Library Member Name

         8          0          0          0          0         68   __main.o
         0          0          0          0          0          0   __rtentry.o
        12          0          0          0          0          0   __rtentry2.o
         6          0          0          0          0          0   __rtentry4.o
        52          8          0          0          0          0   __scatter.o
        26          0          0          0          0          0   __scatter_copy.o
        28          0          0          0          0          0   __scatter_zi.o
        18          0          0          0          0         80   exit.o
         6          0          0          0          0        152   heapauxi.o
         0          0          0          0          0          0   indicate_semi.o
         2          0          0          0          0          0   libinit.o
         6          0          0          0          0          0   libinit2.o
         2          0          0          0          0          0   libshutdown.o
         2          0          0          0          0          0   libshutdown2.o
         8          4          0          0         96         68   libspace.o
         2          0          0          0          0          0   rtexit.o
        10          0          0          0          0          0   rtexit2.o
        12          4          0          0          0         68   sys_exit.o
        74          0          0          0          0         80   sys_stackheap_outer.o
         2          0          0          0          0         68   use_no_semi.o
       688        140          0          0          0        256   ddiv.o
        90          4          0          0          0        140   dfixu.o
        38          0          0          0          0        116   dflt_clz.o
       340         12          0          0          0        152   dmul.o
       156          4          0          0          0        140   dnaninf.o
        12          0          0          0          0        116   dretinf.o
        10          0          0          0          0        116   fpinit.o
         0          0          0          0          0          0   usenofp.o

    ----------------------------------------------------------------------
      1618        176          0          0        100       1620   Library Totals
         8          0          0          0          4          0   (incl. Padding)

    ----------------------------------------------------------------------

      Code (inc. data)   RO Data    RW Data    ZI Data      Debug   Library Name

       276         16          0          0         96        584   c_w.l
      1334        160          0          0          0       1036   fz_wm.l

    ----------------------------------------------------------------------
      1618        176          0          0        100       1620   Library Totals

    ----------------------------------------------------------------------

==============================================================================


      Code (inc. data)   RO Data    RW Data    ZI Data      Debug   

     14004       1346        424         92       1708     397890   Grand Totals
     14004       1346        424         92       1708     397890   ELF Image Totals
     14004       1346        424         92          0          0   ROM Totals

==============================================================================

    Total RO  Size (Code + RO Data)                14428 (  14.09kB)
    Total RW  Size (RW Data + ZI Data)              1800 (   1.76kB)
    Total ROM Size (Code + RO Data + RW Data)      14520 (  14.18kB)

==============================================================================

