Component: ARM Compiler 5.05 update 1 (build 106) Tool: armlink [4d0efa]

==============================================================================

Section Cross References

    main.o(i.main) refers to misc.o(i.NVIC_PriorityGroupConfig) for NVIC_PriorityGroupConfig
    main.o(i.main) refers to rtc.o(i.My_RTC_Init) for My_RTC_Init
    main.o(i.main) refers to delay.o(i.delay_init) for delay_init
    main.o(i.main) refers to design.o(i.wifiInit) for wifiInit
    main.o(i.main) refers to design.o(i.loraInit) for loraInit
    main.o(i.main) refers to adc.o(i.Adc_Init) for Adc_Init
    main.o(i.main) refers to led.o(i.LED_Init) for LED_Init
    main.o(i.main) refers to beep.o(i.BEEP_Init) for BEEP_Init
    main.o(i.main) refers to timer3.o(i.TIM3_Int_Init) for TIM3_Int_Init
    main.o(i.main) refers to init_parameter.o(i.init_Parameter) for init_Parameter
    main.o(i.main) refers to beep.o(i.BeepOne) for BeepOne
    main.o(i.main) refers to pc_dealwith.o(i.WIFI_Dealwith) for WIFI_Dealwith
    main.o(i.main) refers to plantask.o(i.PlanTask) for PlanTask
    main.o(i.main) refers to init_parameter.o(.data) for DebugFlag
    main.o(i.main) refers to timer3.o(.data) for Blink_timer
    main.o(i.main) refers to usart2.o(.data) for Usart2_rcv_flag
    main.o(i.main) refers to uart5.o(.data) for Uart5_rcv_flag
    system_stm32f4xx.o(i.SystemCoreClockUpdate) refers to system_stm32f4xx.o(.data) for SystemCoreClock
    system_stm32f4xx.o(i.SystemInit) refers to system_stm32f4xx.o(i.SetSysClock) for SetSysClock
    init_parameter.o(i.init_Parameter) refers to rtc.o(i.read_from_backup_sram) for read_from_backup_sram
    init_parameter.o(i.init_Parameter) refers to design.o(i.DebugMsg) for DebugMsg
    init_parameter.o(i.init_Parameter) refers to design.o(i.DebugNum) for DebugNum
    init_parameter.o(i.init_Parameter) refers to design.o(.bss) for map
    init_parameter.o(i.init_Parameter) refers to init_parameter.o(.data) for paulseStyle
    init_parameter.o(i.init_Parameter) refers to design.o(.data) for scanStartTime
    plantask.o(i.PlanTask) refers to plantask.o(i.ScanNextTimes) for ScanNextTimes
    plantask.o(i.PlanTask) refers to plantask.o(i.ScanOneTimes) for ScanOneTimes
    plantask.o(i.PlanTask) refers to design.o(.data) for scanRepeatStyle
    plantask.o(i.PlanTask) refers to main.o(.data) for RTC_DateStruct
    plantask.o(i.ScanNextTimes) refers to plantask.o(i.CompareTime) for CompareTime
    plantask.o(i.ScanNextTimes) refers to plantask.o(i.Scan_Part) for Scan_Part
    plantask.o(i.ScanNextTimes) refers to init_parameter.o(.data) for Scan_Times
    plantask.o(i.ScanNextTimes) refers to main.o(.data) for RTC_TimeStruct
    plantask.o(i.ScanNextTimes) refers to design.o(.data) for scanStopTime
    plantask.o(i.ScanOneTimes) refers to plantask.o(i.CompareTime) for CompareTime
    plantask.o(i.ScanOneTimes) refers to plantask.o(i.Scan_Part) for Scan_Part
    plantask.o(i.ScanOneTimes) refers to rtc.o(i.write_to_backup_sram) for write_to_backup_sram
    plantask.o(i.ScanOneTimes) refers to main.o(.data) for RTC_TimeStruct
    plantask.o(i.ScanOneTimes) refers to design.o(.data) for scanStopTime
    plantask.o(i.Scan_Column) refers to design.o(i.DebugMsg) for DebugMsg
    plantask.o(i.Scan_Column) refers to plantask.o(i.XYgoZero) for XYgoZero
    plantask.o(i.Scan_Column) refers to design.o(i.DebugNum) for DebugNum
    plantask.o(i.Scan_Column) refers to tosensor.o(i.MotorToPosition) for MotorToPosition
    plantask.o(i.Scan_Column) refers to plantask.o(i.deviceInThere) for deviceInThere
    plantask.o(i.Scan_Column) refers to delay.o(i.delay_ms) for delay_ms
    plantask.o(i.Scan_Column) refers to pc_dealwith.o(i.PC_Stop) for PC_Stop
    plantask.o(i.Scan_Column) refers to tosensor.o(i.SetXiaoChe_5V_Level) for SetXiaoChe_5V_Level
    plantask.o(i.Scan_Column) refers to tosensor.o(i.SetXiaoChe_0V_Level) for SetXiaoChe_0V_Level
    plantask.o(i.Scan_Column) refers to beep.o(i.BeepThree) for BeepThree
    plantask.o(i.Scan_Column) refers to init_parameter.o(.data) for PCBreakFlag
    plantask.o(i.Scan_Column) refers to design.o(.bss) for map
    plantask.o(i.Scan_Full) refers to design.o(i.DebugMsg) for DebugMsg
    plantask.o(i.Scan_Full) refers to plantask.o(i.XYgoZero) for XYgoZero
    plantask.o(i.Scan_Full) refers to tosensor.o(i.MotorToPosition) for MotorToPosition
    plantask.o(i.Scan_Full) refers to plantask.o(i.deviceInThere) for deviceInThere
    plantask.o(i.Scan_Full) refers to delay.o(i.delay_ms) for delay_ms
    plantask.o(i.Scan_Full) refers to design.o(i.DebugNum) for DebugNum
    plantask.o(i.Scan_Full) refers to pc_dealwith.o(i.PC_Stop) for PC_Stop
    plantask.o(i.Scan_Full) refers to tosensor.o(i.SetXiaoChe_5V_Level) for SetXiaoChe_5V_Level
    plantask.o(i.Scan_Full) refers to tosensor.o(i.SetXiaoChe_0V_Level) for SetXiaoChe_0V_Level
    plantask.o(i.Scan_Full) refers to beep.o(i.BeepThree) for BeepThree
    plantask.o(i.Scan_Full) refers to init_parameter.o(.data) for PCBreakFlag
[...]
    Removing stm32f4xx_rtc.o(i.RTC_TimeStampOnTamperDetectionCmd), (36 bytes).
    Removing stm32f4xx_rtc.o(i.RTC_TimeStampPinSelection), (28 bytes).
    Removing stm32f4xx_rtc.o(i.RTC_TimeStructInit), (12 bytes).
    Removing stm32f4xx_rtc.o(i.RTC_WakeUpClockConfig), (48 bytes).
    Removing stm32f4xx_rtc.o(i.RTC_WakeUpCmd), (120 bytes).
    Removing stm32f4xx_rtc.o(i.RTC_WriteProtectionCmd), (28 bytes).
    Removing stm32f4xx_tim.o(.rev16_text), (4 bytes).
    Removing stm32f4xx_tim.o(.revsh_text), (4 bytes).
    Removing stm32f4xx_tim.o(i.TI1_Config), (58 bytes).
    Removing stm32f4xx_tim.o(i.TI2_Config), (80 bytes).
    Removing stm32f4xx_tim.o(i.TI3_Config), (72 bytes).
    Removing stm32f4xx_tim.o(i.TI4_Config), (80 bytes).
    Removing stm32f4xx_tim.o(i.TIM_ARRPreloadConfig), (24 bytes).
    Removing stm32f4xx_tim.o(i.TIM_BDTRConfig), (32 bytes).
    Removing stm32f4xx_tim.o(i.TIM_BDTRStructInit), (18 bytes).
    Removing stm32f4xx_tim.o(i.TIM_CCPreloadControl), (24 bytes).
    Removing stm32f4xx_tim.o(i.TIM_CCxCmd), (30 bytes).
    Removing stm32f4xx_tim.o(i.TIM_CCxNCmd), (30 bytes).
    Removing stm32f4xx_tim.o(i.TIM_ClearFlag), (6 bytes).
    Removing stm32f4xx_tim.o(i.TIM_ClearOC1Ref), (18 bytes).
    Removing stm32f4xx_tim.o(i.TIM_ClearOC2Ref), (24 bytes).
    Removing stm32f4xx_tim.o(i.TIM_ClearOC3Ref), (18 bytes).
    Removing stm32f4xx_tim.o(i.TIM_ClearOC4Ref), (24 bytes).
    Removing stm32f4xx_tim.o(i.TIM_CounterModeConfig), (18 bytes).
    Removing stm32f4xx_tim.o(i.TIM_CtrlPWMOutputs), (30 bytes).
    Removing stm32f4xx_tim.o(i.TIM_DMACmd), (18 bytes).
    Removing stm32f4xx_tim.o(i.TIM_DMAConfig), (10 bytes).
    Removing stm32f4xx_tim.o(i.TIM_DeInit), (400 bytes).
    Removing stm32f4xx_tim.o(i.TIM_ETRClockMode1Config), (54 bytes).
    Removing stm32f4xx_tim.o(i.TIM_ETRClockMode2Config), (32 bytes).
    Removing stm32f4xx_tim.o(i.TIM_ETRConfig), (28 bytes).
    Removing stm32f4xx_tim.o(i.TIM_EncoderInterfaceConfig), (66 bytes).
    Removing stm32f4xx_tim.o(i.TIM_ForcedOC1Config), (18 bytes).
    Removing stm32f4xx_tim.o(i.TIM_ForcedOC2Config), (26 bytes).
    Removing stm32f4xx_tim.o(i.TIM_ForcedOC3Config), (18 bytes).
    Removing stm32f4xx_tim.o(i.TIM_ForcedOC4Config), (26 bytes).
    Removing stm32f4xx_tim.o(i.TIM_GenerateEvent), (4 bytes).
    Removing stm32f4xx_tim.o(i.TIM_GetCapture1), (6 bytes).
    Removing stm32f4xx_tim.o(i.TIM_GetCapture2), (6 bytes).
    Removing stm32f4xx_tim.o(i.TIM_GetCapture3), (6 bytes).
    Removing stm32f4xx_tim.o(i.TIM_GetCapture4), (6 bytes).
    Removing stm32f4xx_tim.o(i.TIM_GetCounter), (6 bytes).
    Removing stm32f4xx_tim.o(i.TIM_GetFlagStatus), (18 bytes).
    Removing stm32f4xx_tim.o(i.TIM_GetPrescaler), (6 bytes).
    Removing stm32f4xx_tim.o(i.TIM_ICInit), (110 bytes).
    Removing stm32f4xx_tim.o(i.TIM_ICStructInit), (18 bytes).
    Removing stm32f4xx_tim.o(i.TIM_ITRxExternalClockConfig), (24 bytes).
    Removing stm32f4xx_tim.o(i.TIM_InternalClockConfig), (12 bytes).
    Removing stm32f4xx_tim.o(i.TIM_OC1FastConfig), (18 bytes).
    Removing stm32f4xx_tim.o(i.TIM_OC1Init), (124 bytes).
    Removing stm32f4xx_tim.o(i.TIM_OC1NPolarityConfig), (18 bytes).
    Removing stm32f4xx_tim.o(i.TIM_OC1PolarityConfig), (18 bytes).
    Removing stm32f4xx_tim.o(i.TIM_OC1PreloadConfig), (18 bytes).
    Removing stm32f4xx_tim.o(i.TIM_OC2FastConfig), (26 bytes).
    Removing stm32f4xx_tim.o(i.TIM_OC2Init), (164 bytes).
    Removing stm32f4xx_tim.o(i.TIM_OC2NPolarityConfig), (26 bytes).
    Removing stm32f4xx_tim.o(i.TIM_OC2PolarityConfig), (26 bytes).
    Removing stm32f4xx_tim.o(i.TIM_OC2PreloadConfig), (26 bytes).
    Removing stm32f4xx_tim.o(i.TIM_OC3FastConfig), (18 bytes).
    Removing stm32f4xx_tim.o(i.TIM_OC3Init), (160 bytes).
    Removing stm32f4xx_tim.o(i.TIM_OC3NPolarityConfig), (26 bytes).
    Removing stm32f4xx_tim.o(i.TIM_OC3PolarityConfig), (26 bytes).
    Removing stm32f4xx_tim.o(i.TIM_OC3PreloadConfig), (18 bytes).
    Removing stm32f4xx_tim.o(i.TIM_OC4FastConfig), (26 bytes).
    Removing stm32f4xx_tim.o(i.TIM_OC4Init), (120 bytes).
    Removing stm32f4xx_tim.o(i.TIM_OC4PolarityConfig), (26 bytes).
    Removing stm32f4xx_tim.o(i.TIM_OC4PreloadConfig), (26 bytes).
    Removing stm32f4xx_tim.o(i.TIM_OCStructInit), (20 bytes).
    Removing stm32f4xx_tim.o(i.TIM_PWMIConfig), (124 bytes).
    Removing stm32f4xx_tim.o(i.TIM_PrescalerConfig), (6 bytes).
    Removing stm32f4xx_tim.o(i.TIM_RemapConfig), (6 bytes).
    Removing stm32f4xx_tim.o(i.TIM_SelectCCDMA), (24 bytes).
    Removing stm32f4xx_tim.o(i.TIM_SelectCOM), (24 bytes).
    Removing stm32f4xx_tim.o(i.TIM_SelectHallSensor), (24 bytes).
    Removing stm32f4xx_tim.o(i.TIM_SelectInputTrigger), (18 bytes).
    Removing stm32f4xx_tim.o(i.TIM_SelectMasterSlaveMode), (18 bytes).
    Removing stm32f4xx_tim.o(i.TIM_SelectOCxM), (86 bytes).
    Removing stm32f4xx_tim.o(i.TIM_SelectOnePulseMode), (18 bytes).
    Removing stm32f4xx_tim.o(i.TIM_SelectOutputTrigger), (18 bytes).
    Removing stm32f4xx_tim.o(i.TIM_SelectSlaveMode), (18 bytes).
    Removing stm32f4xx_tim.o(i.TIM_SetAutoreload), (4 bytes).
    Removing stm32f4xx_tim.o(i.TIM_SetClockDivision), (18 bytes).
    Removing stm32f4xx_tim.o(i.TIM_SetCompare1), (4 bytes).
    Removing stm32f4xx_tim.o(i.TIM_SetCompare2), (4 bytes).
    Removing stm32f4xx_tim.o(i.TIM_SetCompare3), (4 bytes).
    Removing stm32f4xx_tim.o(i.TIM_SetCompare4), (4 bytes).
    Removing stm32f4xx_tim.o(i.TIM_SetCounter), (4 bytes).
    Removing stm32f4xx_tim.o(i.TIM_SetIC1Prescaler), (18 bytes).
    Removing stm32f4xx_tim.o(i.TIM_SetIC2Prescaler), (26 bytes).
    Removing stm32f4xx_tim.o(i.TIM_SetIC3Prescaler), (18 bytes).
    Removing stm32f4xx_tim.o(i.TIM_SetIC4Prescaler), (26 bytes).
    Removing stm32f4xx_tim.o(i.TIM_TIxExternalClockConfig), (62 bytes).
    Removing stm32f4xx_tim.o(i.TIM_TimeBaseStructInit), (18 bytes).
    Removing stm32f4xx_tim.o(i.TIM_UpdateDisableConfig), (24 bytes).
    Removing stm32f4xx_tim.o(i.TIM_UpdateRequestConfig), (24 bytes).
    Removing stm32f4xx_adc.o(.rev16_text), (4 bytes).
    Removing stm32f4xx_adc.o(.revsh_text), (4 bytes).
    Removing stm32f4xx_adc.o(i.ADC_AnalogWatchdogCmd), (20 bytes).
    Removing stm32f4xx_adc.o(i.ADC_AnalogWatchdogSingleChannelConfig), (16 bytes).
    Removing stm32f4xx_adc.o(i.ADC_AnalogWatchdogThresholdsConfig), (6 bytes).
    Removing stm32f4xx_adc.o(i.ADC_AutoInjectedConvCmd), (22 bytes).
    Removing stm32f4xx_adc.o(i.ADC_ClearFlag), (6 bytes).
    Removing stm32f4xx_adc.o(i.ADC_ClearITPendingBit), (10 bytes).
    Removing stm32f4xx_adc.o(i.ADC_CommonStructInit), (12 bytes).
    Removing stm32f4xx_adc.o(i.ADC_ContinuousModeCmd), (22 bytes).
    Removing stm32f4xx_adc.o(i.ADC_DMACmd), (22 bytes).
    Removing stm32f4xx_adc.o(i.ADC_DMARequestAfterLastTransferCmd), (22 bytes).
    Removing stm32f4xx_adc.o(i.ADC_DeInit), (22 bytes).
    Removing stm32f4xx_adc.o(i.ADC_DiscModeChannelCountConfig), (24 bytes).
    Removing stm32f4xx_adc.o(i.ADC_DiscModeCmd), (22 bytes).
    Removing stm32f4xx_adc.o(i.ADC_EOCOnEachRegularChannelCmd), (22 bytes).
    Removing stm32f4xx_adc.o(i.ADC_ExternalTrigInjectedConvConfig), (16 bytes).
    Removing stm32f4xx_adc.o(i.ADC_ExternalTrigInjectedConvEdgeConfig), (16 bytes).
    Removing stm32f4xx_adc.o(i.ADC_GetITStatus), (38 bytes).
    Removing stm32f4xx_adc.o(i.ADC_GetInjectedConversionValue), (28 bytes).
    Removing stm32f4xx_adc.o(i.ADC_GetMultiModeConversionValue), (12 bytes).
    Removing stm32f4xx_adc.o(i.ADC_GetSoftwareStartConvStatus), (20 bytes).
    Removing stm32f4xx_adc.o(i.ADC_GetSoftwareStartInjectedConvCmdStatus), (20 bytes).
    Removing stm32f4xx_adc.o(i.ADC_ITConfig), (32 bytes).
    Removing stm32f4xx_adc.o(i.ADC_InjectedChannelConfig), (130 bytes).
    Removing stm32f4xx_adc.o(i.ADC_InjectedDiscModeCmd), (22 bytes).
    Removing stm32f4xx_adc.o(i.ADC_InjectedSequencerLengthConfig), (24 bytes).
    Removing stm32f4xx_adc.o(i.ADC_MultiModeDMARequestAfterLastTransferCmd), (44 bytes).
    Removing stm32f4xx_adc.o(i.ADC_SetInjectedOffset), (20 bytes).
    Removing stm32f4xx_adc.o(i.ADC_SoftwareStartInjectedConv), (10 bytes).
    Removing stm32f4xx_adc.o(i.ADC_StructInit), (20 bytes).
    Removing stm32f4xx_adc.o(i.ADC_TempSensorVrefintCmd), (44 bytes).
    Removing stm32f4xx_adc.o(i.ADC_VBATCmd), (44 bytes).
    Removing stm32f4xx_pwr.o(.rev16_text), (4 bytes).
    Removing stm32f4xx_pwr.o(.revsh_text), (4 bytes).
    Removing stm32f4xx_pwr.o(i.PWR_ClearFlag), (20 bytes).
    Removing stm32f4xx_pwr.o(i.PWR_DeInit), (22 bytes).
    Removing stm32f4xx_pwr.o(i.PWR_EnterSTANDBYMode), (40 bytes).
    Removing stm32f4xx_pwr.o(i.PWR_EnterSTOPMode), (68 bytes).
    Removing stm32f4xx_pwr.o(i.PWR_EnterUnderDriveSTOPMode), (68 bytes).
    Removing stm32f4xx_pwr.o(i.PWR_FlashPowerDownCmd), (12 bytes).
    Removing stm32f4xx_pwr.o(i.PWR_GetFlagStatus), (24 bytes).
    Removing stm32f4xx_pwr.o(i.PWR_LowRegulatorLowVoltageCmd), (24 bytes).
    Removing stm32f4xx_pwr.o(i.PWR_MainRegulatorLowVoltageCmd), (24 bytes).
    Removing stm32f4xx_pwr.o(i.PWR_MainRegulatorModeConfig), (24 bytes).
    Removing stm32f4xx_pwr.o(i.PWR_OverDriveCmd), (12 bytes).
    Removing stm32f4xx_pwr.o(i.PWR_OverDriveSWCmd), (12 bytes).
    Removing stm32f4xx_pwr.o(i.PWR_PVDCmd), (12 bytes).
    Removing stm32f4xx_pwr.o(i.PWR_PVDLevelConfig), (24 bytes).
    Removing stm32f4xx_pwr.o(i.PWR_UnderDriveCmd), (36 bytes).
    Removing stm32f4xx_pwr.o(i.PWR_WakeUpPinCmd), (12 bytes).
    Removing design.o(.rev16_text), (4 bytes).
    Removing design.o(.revsh_text), (4 bytes).
    Removing design.o(i.wifiClear), (2 bytes).
    Removing dadd.o(.text), (334 bytes).
    Removing dmul.o(.text), (228 bytes).
    Removing ddiv.o(.text), (222 bytes).
    Removing dfixul.o(.text), (48 bytes).
    Removing cdrcmple.o(.text), (48 bytes).
    Removing depilogue.o(.text), (186 bytes).

382 unused section(s) (total 13648 bytes) removed from the image.

==============================================================================

Image Symbol Table

    Local Symbols

    Symbol Name                              Value     Ov Type        Size  Object(Section)

    ../clib/microlib/division.c              0x00000000   Number         0  uidiv.o ABSOLUTE
    ../clib/microlib/division.c              0x00000000   Number         0  uldiv.o ABSOLUTE
    ../clib/microlib/init/entry.s            0x00000000   Number         0  entry10b.o ABSOLUTE
    ../clib/microlib/init/entry.s            0x00000000   Number         0  entry11a.o ABSOLUTE
    ../clib/microlib/init/entry.s            0x00000000   Number         0  entry2.o ABSOLUTE
    ../clib/microlib/init/entry.s            0x00000000   Number         0  entry11b.o ABSOLUTE
    ../clib/microlib/init/entry.s            0x00000000   Number         0  entry10a.o ABSOLUTE
    ../clib/microlib/init/entry.s            0x00000000   Number         0  entry9b.o ABSOLUTE
    ../clib/microlib/init/entry.s            0x00000000   Number         0  entry.o ABSOLUTE
    ../clib/microlib/init/entry.s            0x00000000   Number         0  entry9a.o ABSOLUTE
    ../clib/microlib/init/entry.s            0x00000000   Number         0  entry5.o ABSOLUTE
    ../clib/microlib/init/entry.s            0x00000000   Number         0  entry8b.o ABSOLUTE
    ../clib/microlib/init/entry.s            0x00000000   Number         0  entry7b.o ABSOLUTE
    ../clib/microlib/init/entry.s            0x00000000   Number         0  entry7a.o ABSOLUTE
    ../clib/microlib/init/entry.s            0x00000000   Number         0  entry8a.o ABSOLUTE
    ../clib/microlib/longlong.c              0x00000000   Number         0  llushr.o ABSOLUTE
    ../clib/microlib/longlong.c              0x00000000   Number         0  llshl.o ABSOLUTE
    ../clib/microlib/longlong.c              0x00000000   Number         0  llsshr.o ABSOLUTE
    ../clib/microlib/printf/printf.c         0x00000000   Number         0  printf5.o ABSOLUTE
    ../clib/microlib/printf/printf.c         0x00000000   Number         0  printf6.o ABSOLUTE
    ../clib/microlib/printf/printf.c         0x00000000   Number         0  printfb.o ABSOLUTE
    ../clib/microlib/printf/printf.c         0x00000000   Number         0  printf0.o ABSOLUTE
    ../clib/microlib/printf/printf.c         0x00000000   Number         0  printf7.o ABSOLUTE
    ../clib/microlib/printf/printf.c         0x00000000   Number         0  printf1.o ABSOLUTE
    ../clib/microlib/printf/printf.c         0x00000000   Number         0  printf3.o ABSOLUTE
    ../clib/microlib/printf/printf.c         0x00000000   Number         0  printf4.o ABSOLUTE
    ../clib/microlib/printf/printf.c         0x00000000   Number         0  printf2.o ABSOLUTE
    ../clib/microlib/printf/printf.c         0x00000000   Number         0  printf8.o ABSOLUTE
    ../clib/microlib/printf/printf.c         0x00000000   Number         0  printfa.o ABSOLUTE
    ../clib/microlib/printf/stubs.s          0x00000000   Number         0  stubs.o ABSOLUTE
    ../clib/microlib/stdio/streams.c         0x00000000   Number         0  stdout.o ABSOLUTE
    ../clib/microlib/stubs.s                 0x00000000   Number         0  iusefp.o ABSOLUTE
    ../fplib/microlib/fpadd.c                0x00000000   Number         0  dadd.o ABSOLUTE
    ../fplib/microlib/fpdiv.c                0x00000000   Number         0  ddiv.o ABSOLUTE
    ../fplib/microlib/fpepilogue.c           0x00000000   Number         0  depilogue.o ABSOLUTE
    ../fplib/microlib/fpfix.c                0x00000000   Number         0  dfixul.o ABSOLUTE
    ../fplib/microlib/fpmul.c                0x00000000   Number         0  dmul.o ABSOLUTE
    ..\CORE\startup_stm32f40_41xxx.s         0x00000000   Number         0  startup_stm32f40_41xxx.o ABSOLUTE
    ..\DESIGN\design.c                       0x00000000   Number         0  design.o ABSOLUTE
    ..\FWLIB\src\misc.c                      0x00000000   Number         0  misc.o ABSOLUTE
    ..\FWLIB\src\stm32f4xx_adc.c             0x00000000   Number         0  stm32f4xx_adc.o ABSOLUTE
    ..\FWLIB\src\stm32f4xx_dac.c             0x00000000   Number         0  stm32f4xx_dac.o ABSOLUTE
    ..\FWLIB\src\stm32f4xx_exti.c            0x00000000   Number         0  stm32f4xx_exti.o ABSOLUTE
    ..\FWLIB\src\stm32f4xx_gpio.c            0x00000000   Number         0  stm32f4xx_gpio.o ABSOLUTE
    ..\FWLIB\src\stm32f4xx_iwdg.c            0x00000000   Number         0  stm32f4xx_iwdg.o ABSOLUTE
    ..\FWLIB\src\stm32f4xx_pwr.c             0x00000000   Number         0  stm32f4xx_pwr.o ABSOLUTE
    ..\FWLIB\src\stm32f4xx_rcc.c             0x00000000   Number         0  stm32f4xx_rcc.o ABSOLUTE
    ..\FWLIB\src\stm32f4xx_rtc.c             0x00000000   Number         0  stm32f4xx_rtc.o ABSOLUTE
    ..\FWLIB\src\stm32f4xx_syscfg.c          0x00000000   Number         0  stm32f4xx_syscfg.o ABSOLUTE
    ..\FWLIB\src\stm32f4xx_tim.c             0x00000000   Number         0  stm32f4xx_tim.o ABSOLUTE
    ..\FWLIB\src\stm32f4xx_usart.c           0x00000000   Number         0  stm32f4xx_usart.o ABSOLUTE
    ..\HARDWARE\ADC\adc.c                    0x00000000   Number         0  adc.o ABSOLUTE
    ..\HARDWARE\BEEP\beep.c                  0x00000000   Number         0  beep.o ABSOLUTE
    ..\HARDWARE\LED\led.c                    0x00000000   Number         0  led.o ABSOLUTE
    ..\HARDWARE\RTC\rtc.c                    0x00000000   Number         0  rtc.o ABSOLUTE
    ..\HARDWARE\TIMER3\timer3.c              0x00000000   Number         0  timer3.o ABSOLUTE
    ..\HARDWARE\UART5\uart5.c                0x00000000   Number         0  uart5.o ABSOLUTE
    ..\HARDWARE\USART1\usart1.c              0x00000000   Number         0  usart1.o ABSOLUTE
    ..\HARDWARE\USART2\usart2.c              0x00000000   Number         0  usart2.o ABSOLUTE
    ..\HARDWARE\USART3\usart3.c              0x00000000   Number         0  usart3.o ABSOLUTE
    ..\HARDWARE\USART6\usart6.c              0x00000000   Number         0  usart6.o ABSOLUTE
    ..\SYSTEM\delay\delay.c                  0x00000000   Number         0  delay.o ABSOLUTE
    ..\SYSTEM\sys\sys.c                      0x00000000   Number         0  sys.o ABSOLUTE
    ..\\DESIGN\\design.c                     0x00000000   Number         0  design.o ABSOLUTE
    ..\\FWLIB\\src\\misc.c                   0x00000000   Number         0  misc.o ABSOLUTE
    ..\\FWLIB\\src\\stm32f4xx_adc.c          0x00000000   Number         0  stm32f4xx_adc.o ABSOLUTE
    ..\\FWLIB\\src\\stm32f4xx_dac.c          0x00000000   Number         0  stm32f4xx_dac.o ABSOLUTE
    ..\\FWLIB\\src\\stm32f4xx_exti.c         0x00000000   Number         0  stm32f4xx_exti.o ABSOLUTE
    ..\\FWLIB\\src\\stm32f4xx_gpio.c         0x00000000   Number         0  stm32f4xx_gpio.o ABSOLUTE
    ..\\FWLIB\\src\\stm32f4xx_iwdg.c         0x00000000   Number         0  stm32f4xx_iwdg.o ABSOLUTE
    ..\\FWLIB\\src\\stm32f4xx_pwr.c          0x00000000   Number         0  stm32f4xx_pwr.o ABSOLUTE
    ..\\FWLIB\\src\\stm32f4xx_rcc.c          0x00000000   Number         0  stm32f4xx_rcc.o ABSOLUTE
    ..\\FWLIB\\src\\stm32f4xx_rtc.c          0x00000000   Number         0  stm32f4xx_rtc.o ABSOLUTE
    ..\\FWLIB\\src\\stm32f4xx_syscfg.c       0x00000000   Number         0  stm32f4xx_syscfg.o ABSOLUTE
    ..\\FWLIB\\src\\stm32f4xx_tim.c          0x00000000   Number         0  stm32f4xx_tim.o ABSOLUTE
    ..\\FWLIB\\src\\stm32f4xx_usart.c        0x00000000   Number         0  stm32f4xx_usart.o ABSOLUTE
    ..\\HARDWARE\\ADC\\adc.c                 0x00000000   Number         0  adc.o ABSOLUTE
    ..\\HARDWARE\\BEEP\\beep.c               0x00000000   Number         0  beep.o ABSOLUTE
    ..\\HARDWARE\\LED\\led.c                 0x00000000   Number         0  led.o ABSOLUTE
    ..\\HARDWARE\\RTC\\rtc.c                 0x00000000   Number         0  rtc.o ABSOLUTE
    ..\\HARDWARE\\TIMER3\\timer3.c           0x00000000   Number         0  timer3.o ABSOLUTE
    ..\\HARDWARE\\UART5\\uart5.c             0x00000000   Number         0  uart5.o ABSOLUTE
    ..\\HARDWARE\\USART1\\usart1.c           0x00000000   Number         0  usart1.o ABSOLUTE
    ..\\HARDWARE\\USART2\\usart2.c           0x00000000   Number         0  usart2.o ABSOLUTE
    ..\\HARDWARE\\USART3\\usart3.c           0x00000000   Number         0  usart3.o ABSOLUTE
    ..\\HARDWARE\\USART6\\usart6.c           0x00000000   Number         0  usart6.o ABSOLUTE
    ..\\SYSTEM\\delay\\delay.c               0x00000000   Number         0  delay.o ABSOLUTE
    ..\\SYSTEM\\sys\\sys.c                   0x00000000   Number         0  sys.o ABSOLUTE
    PC_Dealwith.c                            0x00000000   Number         0  pc_dealwith.o ABSOLUTE
    PC_Dealwith.c                            0x00000000   Number         0  pc_dealwith.o ABSOLUTE
    PlanTask.c                               0x00000000   Number         0  plantask.o ABSOLUTE
    PlanTask.c                               0x00000000   Number         0  plantask.o ABSOLUTE
    Test.c                                   0x00000000   Number         0  test.o ABSOLUTE
    Test.c                                   0x00000000   Number         0  test.o ABSOLUTE
    cdrcmple.s                               0x00000000   Number         0  cdrcmple.o ABSOLUTE
    dc.s                                     0x00000000   Number         0  dc.o ABSOLUTE
    handlers.s                               0x00000000   Number         0  handlers.o ABSOLUTE
    init.s                                   0x00000000   Number         0  init.o ABSOLUTE
    init_Parameter.c                         0x00000000   Number         0  init_parameter.o ABSOLUTE
    init_Parameter.c                         0x00000000   Number         0  init_parameter.o ABSOLUTE
    main.c                                   0x00000000   Number         0  main.o ABSOLUTE
    main.c                                   0x00000000   Number         0  main.o ABSOLUTE
    stm32f4xx_it.c                           0x00000000   Number         0  stm32f4xx_it.o ABSOLUTE
    stm32f4xx_it.c                           0x00000000   Number         0  stm32f4xx_it.o ABSOLUTE
    system_stm32f4xx.c                       0x00000000   Number         0  system_stm32f4xx.o ABSOLUTE
    system_stm32f4xx.c                       0x00000000   Number         0  system_stm32f4xx.o ABSOLUTE
    toSensor.c                               0x00000000   Number         0  tosensor.o ABSOLUTE
    toSensor.c                               0x00000000   Number         0  tosensor.o ABSOLUTE
    RESET                                    0x08000000   Section      392  startup_stm32f40_41xxx.o(RESET)
    .ARM.Collect$$$$00000000                 0x08000188   Section        0  entry.o(.ARM.Collect$$$$00000000)
    .ARM.Collect$$$$00000001                 0x08000188   Section        4  entry2.o(.ARM.Collect$$$$00000001)
    .ARM.Collect$$$$00000004                 0x0800018c   Section        4  entry5.o(.ARM.Collect$$$$00000004)
    .ARM.Collect$$$$00000008                 0x08000190   Section        0  entry7b.o(.ARM.Collect$$$$00000008)
    .ARM.Collect$$$$0000000A                 0x08000190   Section        0  entry8b.o(.ARM.Collect$$$$0000000A)
    .ARM.Collect$$$$0000000B                 0x08000190   Section        8  entry9a.o(.ARM.Collect$$$$0000000B)
    .ARM.Collect$$$$0000000D                 0x08000198   Section        0  entry10a.o(.ARM.Collect$$$$0000000D)
    .ARM.Collect$$$$0000000F                 0x08000198   Section        0  entry11a.o(.ARM.Collect$$$$0000000F)
    .ARM.Collect$$$$00002712                 0x08000198   Section        4  entry2.o(.ARM.Collect$$$$00002712)
    __lit__00000000                          0x08000198   Data           4  entry2.o(.ARM.Collect$$$$00002712)
    .text                                    0x0800019c   Section       36  startup_stm32f40_41xxx.o(.text)
    $v0                                      0x0800019c   Number         0  startup_stm32f40_41xxx.o(.text)
    .text                                    0x080001c0   Section        0  uidiv.o(.text)
    .text                                    0x080001ec   Section       36  init.o(.text)
    i.ADC_Cmd                                0x08000210   Section        0  stm32f4xx_adc.o(i.ADC_Cmd)
    i.ADC_CommonInit                         0x08000228   Section        0  stm32f4xx_adc.o(i.ADC_CommonInit)
    i.ADC_GetConversionValue                 0x08000258   Section        0  stm32f4xx_adc.o(i.ADC_GetConversionValue)
    i.ADC_GetFlagStatus                      0x08000260   Section        0  stm32f4xx_adc.o(i.ADC_GetFlagStatus)
    i.ADC_Init                               0x08000274   Section        0  stm32f4xx_adc.o(i.ADC_Init)
    i.ADC_RegularChannelConfig               0x080002c8   Section        0  stm32f4xx_adc.o(i.ADC_RegularChannelConfig)
    i.ADC_SoftwareStartConv                  0x08000380   Section        0  stm32f4xx_adc.o(i.ADC_SoftwareStartConv)
    i.Adc_Init                               0x0800038c   Section        0  adc.o(i.Adc_Init)
    i.BEEP_Init                              0x0800040c   Section        0  beep.o(i.BEEP_Init)
    i.BeepOne                                0x08000448   Section        0  beep.o(i.BeepOne)
    i.BeepThree                              0x08000468   Section        0  beep.o(i.BeepThree)
    i.BeepTwo                                0x080004c8   Section        0  beep.o(i.BeepTwo)
    i.BusFault_Handler                       0x080004dc   Section        0  stm32f4xx_it.o(i.BusFault_Handler)
    i.ChangeSpeed                            0x080004e0   Section        0  tosensor.o(i.ChangeSpeed)
    i.CompareTime                            0x08000534   Section        0  plantask.o(i.CompareTime)
    i.DebugMon_Handler                       0x0800056e   Section        0  stm32f4xx_it.o(i.DebugMon_Handler)
    i.DebugMsg                               0x08000570   Section        0  design.o(i.DebugMsg)
    i.DebugNum                               0x0800059c   Section        0  design.o(i.DebugNum)
    i.EXTI_ClearITPendingBit                 0x080005c4   Section        0  stm32f4xx_exti.o(i.EXTI_ClearITPendingBit)
    i.GPIO_Init                              0x080005d0   Section        0  stm32f4xx_gpio.o(i.GPIO_Init)
    i.GPIO_PinAFConfig                       0x08000660   Section        0  stm32f4xx_gpio.o(i.GPIO_PinAFConfig)
    i.GPIO_ResetBits                         0x080006a6   Section        0  stm32f4xx_gpio.o(i.GPIO_ResetBits)
    i.GPIO_SetBits                           0x080006aa   Section        0  stm32f4xx_gpio.o(i.GPIO_SetBits)
    i.GPIO_ToggleBits                        0x080006ae   Section        0  stm32f4xx_gpio.o(i.GPIO_ToggleBits)
    i.Get_Adc                                0x080006b8   Section        0  adc.o(i.Get_Adc)
    i.Get_Adc_Average                        0x080006e8   Section        0  adc.o(i.Get_Adc_Average)
    i.HardFault_Handler                      0x08000716   Section        0  stm32f4xx_it.o(i.HardFault_Handler)
    i.LED_Init                               0x0800071c   Section        0  led.o(i.LED_Init)
    i.LoraWait                               0x08000768   Section        0  tosensor.o(i.LoraWait)
    i.MemManage_Handler                      0x0800078c   Section        0  stm32f4xx_it.o(i.MemManage_Handler)
    i.MotorMove                              0x08000790   Section        0  tosensor.o(i.MotorMove)
    i.MotorToPosition                        0x08000818   Section        0  tosensor.o(i.MotorToPosition)
    i.MotorToZero                            0x080008e4   Section        0  tosensor.o(i.MotorToZero)
    i.My_RTC_Init                            0x08000986   Section        0  rtc.o(i.My_RTC_Init)
    i.NMI_Handler                            0x08000a1e   Section        0  stm32f4xx_it.o(i.NMI_Handler)
    i.NVIC_Init                              0x08000a20   Section        0  misc.o(i.NVIC_Init)
    i.NVIC_PriorityGroupConfig               0x08000a98   Section        0  misc.o(i.NVIC_PriorityGroupConfig)
    i.PC_Stop                                0x08000aac   Section        0  pc_dealwith.o(i.PC_Stop)
    i.PWR_BackupAccessCmd                    0x08000ae8   Section        0  stm32f4xx_pwr.o(i.PWR_BackupAccessCmd)
    i.PWR_BackupRegulatorCmd                 0x08000af4   Section        0  stm32f4xx_pwr.o(i.PWR_BackupRegulatorCmd)
    i.PendSV_Handler                         0x08000b00   Section        0  stm32f4xx_it.o(i.PendSV_Handler)
    i.PlanTask                               0x08000b04   Section        0  plantask.o(i.PlanTask)
    i.RCC_AHB1PeriphClockCmd                 0x08000bc8   Section        0  stm32f4xx_rcc.o(i.RCC_AHB1PeriphClockCmd)
    i.RCC_APB1PeriphClockCmd                 0x08000be8   Section        0  stm32f4xx_rcc.o(i.RCC_APB1PeriphClockCmd)
    i.RCC_APB2PeriphClockCmd                 0x08000c08   Section        0  stm32f4xx_rcc.o(i.RCC_APB2PeriphClockCmd)
    i.RCC_APB2PeriphResetCmd                 0x08000c28   Section        0  stm32f4xx_rcc.o(i.RCC_APB2PeriphResetCmd)
    i.RCC_GetClocksFreq                      0x08000c48   Section        0  stm32f4xx_rcc.o(i.RCC_GetClocksFreq)
    i.RCC_GetFlagStatus                      0x08000d30   Section        0  stm32f4xx_rcc.o(i.RCC_GetFlagStatus)
    i.RCC_LSEConfig                          0x08000d70   Section        0  stm32f4xx_rcc.o(i.RCC_LSEConfig)
    i.RCC_RTCCLKCmd                          0x08000d9c   Section        0  stm32f4xx_rcc.o(i.RCC_RTCCLKCmd)
    i.RCC_RTCCLKConfig                       0x08000da8   Section        0  stm32f4xx_rcc.o(i.RCC_RTCCLKConfig)
    i.RTC_Alarm_IRQHandler                   0x08000de4   Section        0  rtc.o(i.RTC_Alarm_IRQHandler)
    i.RTC_Bcd2ToByte                         0x08000e02   Section        0  stm32f4xx_rtc.o(i.RTC_Bcd2ToByte)
    RTC_Bcd2ToByte                           0x08000e03   Thumb Code    22  stm32f4xx_rtc.o(i.RTC_Bcd2ToByte)
    i.RTC_ByteToBcd2                         0x08000e18   Section        0  stm32f4xx_rtc.o(i.RTC_ByteToBcd2)
    RTC_ByteToBcd2                           0x08000e19   Thumb Code    28  stm32f4xx_rtc.o(i.RTC_ByteToBcd2)
    i.RTC_ClearFlag                          0x08000e34   Section        0  stm32f4xx_rtc.o(i.RTC_ClearFlag)
    i.RTC_EnterInitMode                      0x08000e50   Section        0  stm32f4xx_rtc.o(i.RTC_EnterInitMode)
    i.RTC_ExitInitMode                       0x08000ea0   Section        0  stm32f4xx_rtc.o(i.RTC_ExitInitMode)
    i.RTC_GetDate                            0x08000eb4   Section        0  stm32f4xx_rtc.o(i.RTC_GetDate)
    i.RTC_GetFlagStatus                      0x08000f00   Section        0  stm32f4xx_rtc.o(i.RTC_GetFlagStatus)
    i.RTC_GetTime                            0x08000f28   Section        0  stm32f4xx_rtc.o(i.RTC_GetTime)
    i.RTC_Init                               0x08000f78   Section        0  stm32f4xx_rtc.o(i.RTC_Init)
    i.RTC_ReadBackupRegister                 0x08000fdc   Section        0  stm32f4xx_rtc.o(i.RTC_ReadBackupRegister)
    i.RTC_SetDate                            0x08000ffc   Section        0  stm32f4xx_rtc.o(i.RTC_SetDate)
    i.RTC_SetTime                            0x080010c4   Section        0  stm32f4xx_rtc.o(i.RTC_SetTime)
    i.RTC_Set_Date                           0x08001194   Section        0  rtc.o(i.RTC_Set_Date)
    i.RTC_Set_Time                           0x080011b8   Section        0  rtc.o(i.RTC_Set_Time)
    i.RTC_WKUP_IRQHandler                    0x080011dc   Section        0  rtc.o(i.RTC_WKUP_IRQHandler)
    i.RTC_WaitForSynchro                     0x080011fc   Section        0  stm32f4xx_rtc.o(i.RTC_WaitForSynchro)
    i.RTC_WriteBackupRegister                0x0800125c   Section        0  stm32f4xx_rtc.o(i.RTC_WriteBackupRegister)
    i.ReadStatus                             0x08001278   Section        0  tosensor.o(i.ReadStatus)
    i.SVC_Handler                            0x08001450   Section        0  stm32f4xx_it.o(i.SVC_Handler)
    i.ScanNextTimes                          0x08001454   Section        0  plantask.o(i.ScanNextTimes)
    i.ScanOneTimes                           0x08001548   Section        0  plantask.o(i.ScanOneTimes)
    i.Scan_Column                            0x080015a8   Section        0  plantask.o(i.Scan_Column)
    i.Scan_Full                              0x08001850   Section        0  plantask.o(i.Scan_Full)
    i.Scan_Part                              0x08001bdc   Section        0  plantask.o(i.Scan_Part)
    i.Scan_Row                               0x08001ee0   Section        0  plantask.o(i.Scan_Row)
    i.SendBack                               0x08002174   Section        0  pc_dealwith.o(i.SendBack)
    i.SendBackValue                          0x080021bc   Section        0  pc_dealwith.o(i.SendBackValue)
    i.SendBatteryVoltage                     0x08002210   Section        0  pc_dealwith.o(i.SendBatteryVoltage)
    i.SendBuff                               0x080022ac   Section        0  design.o(i.SendBuff)
    i.SendConfig                             0x080022d0   Section        0  pc_dealwith.o(i.SendConfig)
    i.SetSysClock                            0x08002424   Section        0  system_stm32f4xx.o(i.SetSysClock)
    SetSysClock                              0x08002425   Thumb Code   220  system_stm32f4xx.o(i.SetSysClock)
    i.SetXiaoChe_0V_Level                    0x08002510   Section        0  tosensor.o(i.SetXiaoChe_0V_Level)
    i.SetXiaoChe_5V_Level                    0x08002558   Section        0  tosensor.o(i.SetXiaoChe_5V_Level)
    i.SysTick_CLKSourceConfig                0x080025ac   Section        0  misc.o(i.SysTick_CLKSourceConfig)
    i.SysTick_Handler                        0x080025d4   Section        0  stm32f4xx_it.o(i.SysTick_Handler)
    i.SystemInit                             0x080025d8   Section        0  system_stm32f4xx.o(i.SystemInit)
    i.TIM3_IRQHandler                        0x08002640   Section        0  timer3.o(i.TIM3_IRQHandler)
    i.TIM3_Int_Init                          0x08002724   Section        0  timer3.o(i.TIM3_Int_Init)
    i.TIM_ClearITPendingBit                  0x08002780   Section        0  stm32f4xx_tim.o(i.TIM_ClearITPendingBit)
    i.TIM_Cmd                                0x08002786   Section        0  stm32f4xx_tim.o(i.TIM_Cmd)
    i.TIM_GetITStatus                        0x0800279e   Section        0  stm32f4xx_tim.o(i.TIM_GetITStatus)
    i.TIM_ITConfig                           0x080027c0   Section        0  stm32f4xx_tim.o(i.TIM_ITConfig)
    i.TIM_TimeBaseInit                       0x080027d4   Section        0  stm32f4xx_tim.o(i.TIM_TimeBaseInit)
    i.UART5_IRQHandler                       0x08002858   Section        0  uart5.o(i.UART5_IRQHandler)
    i.USART1_IRQHandler                      0x080028a0   Section        0  usart1.o(i.USART1_IRQHandler)
    i.USART2_IRQHandler                      0x080028c4   Section        0  usart2.o(i.USART2_IRQHandler)
    i.USART3_IRQHandler                      0x0800290c   Section        0  usart3.o(i.USART3_IRQHandler)
    i.USART6_IRQHandler                      0x08002964   Section        0  usart6.o(i.USART6_IRQHandler)
    i.USART_ClearFlag                        0x080029a8   Section        0  stm32f4xx_usart.o(i.USART_ClearFlag)
    i.USART_Cmd                              0x080029ba   Section        0  stm32f4xx_usart.o(i.USART_Cmd)
    i.USART_GetITStatus                      0x080029d2   Section        0  stm32f4xx_usart.o(i.USART_GetITStatus)
    i.USART_ITConfig                         0x08002a26   Section        0  stm32f4xx_usart.o(i.USART_ITConfig)
    i.USART_Init                             0x08002a70   Section        0  stm32f4xx_usart.o(i.USART_Init)
    i.USART_ReceiveData                      0x08002b44   Section        0  stm32f4xx_usart.o(i.USART_ReceiveData)
    i.UsageFault_Handler                     0x08002b4e   Section        0  stm32f4xx_it.o(i.UsageFault_Handler)
    i.WIFI_Dealwith                          0x08002b54   Section        0  pc_dealwith.o(i.WIFI_Dealwith)
    i.WIFI_Stop                              0x08003180   Section        0  pc_dealwith.o(i.WIFI_Stop)
    i.XYgoZero                               0x080032e4   Section        0  plantask.o(i.XYgoZero)
    i.__0printf$1                            0x08003414   Section        0  printf1.o(i.__0printf$1)
    i.__scatterload_copy                     0x08003434   Section       14  handlers.o(i.__scatterload_copy)
    i.__scatterload_null                     0x08003442   Section        2  handlers.o(i.__scatterload_null)
    i.__scatterload_zeroinit                 0x08003444   Section       14  handlers.o(i.__scatterload_zeroinit)
    i._printf_core                           0x08003454   Section        0  printf1.o(i._printf_core)
    _printf_core                             0x08003455   Thumb Code   336  printf1.o(i._printf_core)
    i.abs_int                                0x080035a8   Section        0  plantask.o(i.abs_int)
    i.delay_init                             0x080035b8   Section        0  delay.o(i.delay_init)
    i.delay_ms                               0x080035f4   Section        0  delay.o(i.delay_ms)
    i.delay_xms                              0x0800362c   Section        0  delay.o(i.delay_xms)
    i.deviceInThere                          0x08003678   Section        0  plantask.o(i.deviceInThere)
    i.fputc                                  0x080036dc   Section        0  design.o(i.fputc)
    i.init_Parameter                         0x080036f8   Section        0  init_parameter.o(i.init_Parameter)
    i.loraClear                              0x08003960   Section        0  design.o(i.loraClear)
    i.loraInit                               0x08003974   Section        0  design.o(i.loraInit)
    i.loraSendB                              0x08003980   Section        0  design.o(i.loraSendB)
    loraSendB                                0x08003981   Thumb Code    12  design.o(i.loraSendB)
    i.loraSendBuff                           0x0800398c   Section        0  design.o(i.loraSendBuff)
    i.main                                   0x080039a8   Section        0  main.o(i.main)
    i.read_from_backup_sram                  0x08003a84   Section        0  rtc.o(i.read_from_backup_sram)
    i.usart1_send_byte                       0x08003acc   Section        0  usart1.o(i.usart1_send_byte)
    i.usart2_init                            0x08003ae4   Section        0  usart2.o(i.usart2_init)
    i.usart2_send_byte                       0x08003bb4   Section        0  usart2.o(i.usart2_send_byte)
    i.usart6_init                            0x08003bd0   Section        0  usart6.o(i.usart6_init)
    i.usart6_send_byte                       0x08003c84   Section        0  usart6.o(i.usart6_send_byte)
    i.waitLoraAck                            0x08003ca0   Section        0  tosensor.o(i.waitLoraAck)
    i.wifiInit                               0x08003ce4   Section        0  design.o(i.wifiInit)
    i.wifiSendB                              0x08003cf0   Section        0  design.o(i.wifiSendB)
    wifiSendB                                0x08003cf1   Thumb Code    12  design.o(i.wifiSendB)
    i.wifiSendBuff                           0x08003cfc   Section        0  design.o(i.wifiSendBuff)
    i.write_to_backup_sram                   0x08003d18   Section        0  rtc.o(i.write_to_backup_sram)
    .constdata                               0x08003d78   Section        5  pc_dealwith.o(.constdata)
    .data                                    0x20000000   Section        8  main.o(.data)
    .data                                    0x20000008   Section       12  init_parameter.o(.data)
    .data                                    0x20000014   Section       16  tosensor.o(.data)
    .data                                    0x20000024   Section        6  usart2.o(.data)
    .data                                    0x2000002a   Section        2  usart3.o(.data)
    .data                                    0x2000002c   Section        2  uart5.o(.data)
    .data                                    0x2000002e   Section        1  usart6.o(.data)
    .data                                    0x20000030   Section       13  timer3.o(.data)
    .data                                    0x2000003e   Section        4  delay.o(.data)
    fac_us                                   0x2000003e   Data           1  delay.o(.data)
    fac_ms                                   0x20000040   Data           2  delay.o(.data)
    .data                                    0x20000042   Section       16  stm32f4xx_rcc.o(.data)
    APBAHBPrescTable                         0x20000042   Data          16  stm32f4xx_rcc.o(.data)
    .data                                    0x20000052   Section       33  design.o(.data)
    .data                                    0x20000074   Section        4  stdout.o(.data)
    .bss                                     0x20000078   Section      100  usart2.o(.bss)
    .bss                                     0x200000dc   Section       20  usart3.o(.bss)
    .bss                                     0x200000f0   Section      100  uart5.o(.bss)
    .bss                                     0x20000154   Section       30  usart6.o(.bss)
    .bss                                     0x20000174   Section       56  design.o(.bss)
    STACK                                    0x200001b0   Section     1024  startup_stm32f40_41xxx.o(STACK)

    Global Symbols

    Symbol Name                              Value     Ov Type        Size  Object(Section)

    BuildAttributes$$THM_ISAv4$E$P$D$K$B$S$7EM$VFPi3$EXTD16$VFPS$VFMA$PE$A:L22UL41UL21$X:L11$S22US41US21$IEEE1$IW$USESV6$~STKCKD$USESV7$~SHL$OSPACE$ROPI$EBA8$MICROLIB$REQ8$PRES8$EABIv2 0x00000000   Number         0  anon$$obj.o ABSOLUTE
    __ARM_use_no_argv                        0x00000000   Number         0  main.o ABSOLUTE
    _printf_a                                0x00000000   Number         0  stubs.o ABSOLUTE
    _printf_c                                0x00000000   Number         0  stubs.o ABSOLUTE
    _printf_charcount                        0x00000000   Number         0  stubs.o ABSOLUTE
    _printf_d                                0x00000000   Number         0  stubs.o ABSOLUTE
    _printf_e                                0x00000000   Number         0  stubs.o ABSOLUTE
    _printf_f                                0x00000000   Number         0  stubs.o ABSOLUTE
    _printf_flags                            0x00000000   Number         0  stubs.o ABSOLUTE
    _printf_fp_dec                           0x00000000   Number         0  stubs.o ABSOLUTE
    _printf_fp_hex                           0x00000000   Number         0  stubs.o ABSOLUTE
    _printf_g                                0x00000000   Number         0  stubs.o ABSOLUTE
    _printf_i                                0x00000000   Number         0  stubs.o ABSOLUTE
    _printf_int_dec                          0x00000000   Number         0  stubs.o ABSOLUTE
    _printf_l                                0x00000000   Number         0  stubs.o ABSOLUTE
    _printf_lc                               0x00000000   Number         0  stubs.o ABSOLUTE
    _printf_ll                               0x00000000   Number         0  stubs.o ABSOLUTE
    _printf_lld                              0x00000000   Number         0  stubs.o ABSOLUTE
    _printf_lli                              0x00000000   Number         0  stubs.o ABSOLUTE
    _printf_llo                              0x00000000   Number         0  stubs.o ABSOLUTE
    _printf_llu                              0x00000000   Number         0  stubs.o ABSOLUTE
    _printf_llx                              0x00000000   Number         0  stubs.o ABSOLUTE
    _printf_longlong_dec                     0x00000000   Number         0  stubs.o ABSOLUTE
    _printf_longlong_hex                     0x00000000   Number         0  stubs.o ABSOLUTE
    _printf_longlong_oct                     0x00000000   Number         0  stubs.o ABSOLUTE
    _printf_ls                               0x00000000   Number         0  stubs.o ABSOLUTE
    _printf_mbtowc                           0x00000000   Number         0  stubs.o ABSOLUTE
    _printf_n                                0x00000000   Number         0  stubs.o ABSOLUTE
    _printf_o                                0x00000000   Number         0  stubs.o ABSOLUTE
    _printf_p                                0x00000000   Number         0  stubs.o ABSOLUTE
    _printf_percent                          0x00000000   Number         0  stubs.o ABSOLUTE
    _printf_pre_padding                      0x00000000   Number         0  stubs.o ABSOLUTE
    _printf_return_value                     0x00000000   Number         0  stubs.o ABSOLUTE
    _printf_s                                0x00000000   Number         0  stubs.o ABSOLUTE
    _printf_sizespec                         0x00000000   Number         0  stubs.o ABSOLUTE
    _printf_str                              0x00000000   Number         0  stubs.o ABSOLUTE
    _printf_truncate_signed                  0x00000000   Number         0  stubs.o ABSOLUTE
    _printf_truncate_unsigned                0x00000000   Number         0  stubs.o ABSOLUTE
    _printf_u                                0x00000000   Number         0  stubs.o ABSOLUTE
    _printf_wc                               0x00000000   Number         0  stubs.o ABSOLUTE
    _printf_wctomb                           0x00000000   Number         0  stubs.o ABSOLUTE
    _printf_widthprec                        0x00000000   Number         0  stubs.o ABSOLUTE
    _printf_x                                0x00000000   Number         0  stubs.o ABSOLUTE
    __cpp_initialize__aeabi_                  - Undefined Weak Reference
    __cxa_finalize                            - Undefined Weak Reference
    __decompress                              - Undefined Weak Reference
    _clock_init                               - Undefined Weak Reference
    _microlib_exit                            - Undefined Weak Reference
    __Vectors_Size                           0x00000188   Number         0  startup_stm32f40_41xxx.o ABSOLUTE
    __Vectors                                0x08000000   Data           4  startup_stm32f40_41xxx.o(RESET)
    __Vectors_End                            0x08000188   Data           0  startup_stm32f40_41xxx.o(RESET)
    __main                                   0x08000189   Thumb Code     0  entry.o(.ARM.Collect$$$$00000000)
    _main_stk                                0x08000189   Thumb Code     0  entry2.o(.ARM.Collect$$$$00000001)
    _main_scatterload                        0x0800018d   Thumb Code     0  entry5.o(.ARM.Collect$$$$00000004)
    __main_after_scatterload                 0x08000191   Thumb Code     0  entry5.o(.ARM.Collect$$$$00000004)
    _main_clock                              0x08000191   Thumb Code     0  entry7b.o(.ARM.Collect$$$$00000008)
    _main_cpp_init                           0x08000191   Thumb Code     0  entry8b.o(.ARM.Collect$$$$0000000A)
    _main_init                               0x08000191   Thumb Code     0  entry9a.o(.ARM.Collect$$$$0000000B)
    __rt_final_cpp                           0x08000199   Thumb Code     0  entry10a.o(.ARM.Collect$$$$0000000D)
    __rt_final_exit                          0x08000199   Thumb Code     0  entry11a.o(.ARM.Collect$$$$0000000F)
    Reset_Handler                            0x0800019d   Thumb Code     8  startup_stm32f40_41xxx.o(.text)
    ADC_IRQHandler                           0x080001b7   Thumb Code     0  startup_stm32f40_41xxx.o(.text)
    CAN1_RX0_IRQHandler                      0x080001b7   Thumb Code     0  startup_stm32f40_41xxx.o(.text)
    CAN1_RX1_IRQHandler                      0x080001b7   Thumb Code     0  startup_stm32f40_41xxx.o(.text)
    CAN1_SCE_IRQHandler                      0x080001b7   Thumb Code     0  startup_stm32f40_41xxx.o(.text)
    CAN1_TX_IRQHandler                       0x080001b7   Thumb Code     0  startup_stm32f40_41xxx.o(.text)
    CAN2_RX0_IRQHandler                      0x080001b7   Thumb Code     0  startup_stm32f40_41xxx.o(.text)
    CAN2_RX1_IRQHandler                      0x080001b7   Thumb Code     0  startup_stm32f40_41xxx.o(.text)
    CAN2_SCE_IRQHandler                      0x080001b7   Thumb Code     0  startup_stm32f40_41xxx.o(.text)
    CAN2_TX_IRQHandler                       0x080001b7   Thumb Code     0  startup_stm32f40_41xxx.o(.text)
    CRYP_IRQHandler                          0x080001b7   Thumb Code     0  startup_stm32f40_41xxx.o(.text)
    DCMI_IRQHandler                          0x080001b7   Thumb Code     0  startup_stm32f40_41xxx.o(.text)
    DMA1_Stream0_IRQHandler                  0x080001b7   Thumb Code     0  startup_stm32f40_41xxx.o(.text)
    DMA1_Stream1_IRQHandler                  0x080001b7   Thumb Code     0  startup_stm32f40_41xxx.o(.text)
    DMA1_Stream2_IRQHandler                  0x080001b7   Thumb Code     0  startup_stm32f40_41xxx.o(.text)
    DMA1_Stream3_IRQHandler                  0x080001b7   Thumb Code     0  startup_stm32f40_41xxx.o(.text)
    DMA1_Stream4_IRQHandler                  0x080001b7   Thumb Code     0  startup_stm32f40_41xxx.o(.text)
    DMA1_Stream5_IRQHandler                  0x080001b7   Thumb Code     0  startup_stm32f40_41xxx.o(.text)
    DMA1_Stream6_IRQHandler                  0x080001b7   Thumb Code     0  startup_stm32f40_41xxx.o(.text)
    DMA1_Stream7_IRQHandler                  0x080001b7   Thumb Code     0  startup_stm32f40_41xxx.o(.text)
    DMA2_Stream0_IRQHandler                  0x080001b7   Thumb Code     0  startup_stm32f40_41xxx.o(.text)
    DMA2_Stream1_IRQHandler                  0x080001b7   Thumb Code     0  startup_stm32f40_41xxx.o(.text)
    DMA2_Stream2_IRQHandler                  0x080001b7   Thumb Code     0  startup_stm32f40_41xxx.o(.text)
    DMA2_Stream3_IRQHandler                  0x080001b7   Thumb Code     0  startup_stm32f40_41xxx.o(.text)
    DMA2_Stream4_IRQHandler                  0x080001b7   Thumb Code     0  startup_stm32f40_41xxx.o(.text)
    DMA2_Stream5_IRQHandler                  0x080001b7   Thumb Code     0  startup_stm32f40_41xxx.o(.text)
    DMA2_Stream6_IRQHandler                  0x080001b7   Thumb Code     0  startup_stm32f40_41xxx.o(.text)
    DMA2_Stream7_IRQHandler                  0x080001b7   Thumb Code     0  startup_stm32f40_41xxx.o(.text)
    ETH_IRQHandler                           0x080001b7   Thumb Code     0  startup_stm32f40_41xxx.o(.text)
    ETH_WKUP_IRQHandler                      0x080001b7   Thumb Code     0  startup_stm32f40_41xxx.o(.text)
    EXTI0_IRQHandler                         0x080001b7   Thumb Code     0  startup_stm32f40_41xxx.o(.text)
    EXTI15_10_IRQHandler                     0x080001b7   Thumb Code     0  startup_stm32f40_41xxx.o(.text)
    EXTI1_IRQHandler                         0x080001b7   Thumb Code     0  startup_stm32f40_41xxx.o(.text)
    EXTI2_IRQHandler                         0x080001b7   Thumb Code     0  startup_stm32f40_41xxx.o(.text)
    EXTI3_IRQHandler                         0x080001b7   Thumb Code     0  startup_stm32f40_41xxx.o(.text)
    EXTI4_IRQHandler                         0x080001b7   Thumb Code     0  startup_stm32f40_41xxx.o(.text)
    EXTI9_5_IRQHandler                       0x080001b7   Thumb Code     0  startup_stm32f40_41xxx.o(.text)
    FLASH_IRQHandler                         0x080001b7   Thumb Code     0  startup_stm32f40_41xxx.o(.text)
    FPU_IRQHandler                           0x080001b7   Thumb Code     0  startup_stm32f40_41xxx.o(.text)
    FSMC_IRQHandler                          0x080001b7   Thumb Code     0  startup_stm32f40_41xxx.o(.text)
    HASH_RNG_IRQHandler                      0x080001b7   Thumb Code     0  startup_stm32f40_41xxx.o(.text)
    I2C1_ER_IRQHandler                       0x080001b7   Thumb Code     0  startup_stm32f40_41xxx.o(.text)
    I2C1_EV_IRQHandler                       0x080001b7   Thumb Code     0  startup_stm32f40_41xxx.o(.text)
    I2C2_ER_IRQHandler                       0x080001b7   Thumb Code     0  startup_stm32f40_41xxx.o(.text)
    I2C2_EV_IRQHandler                       0x080001b7   Thumb Code     0  startup_stm32f40_41xxx.o(.text)
    I2C3_ER_IRQHandler                       0x080001b7   Thumb Code     0  startup_stm32f40_41xxx.o(.text)
    I2C3_EV_IRQHandler                       0x080001b7   Thumb Code     0  startup_stm32f40_41xxx.o(.text)
    OTG_FS_IRQHandler                        0x080001b7   Thumb Code     0  startup_stm32f40_41xxx.o(.text)
    OTG_FS_WKUP_IRQHandler                   0x080001b7   Thumb Code     0  startup_stm32f40_41xxx.o(.text)
    OTG_HS_EP1_IN_IRQHandler                 0x080001b7   Thumb Code     0  startup_stm32f40_41xxx.o(.text)
    OTG_HS_EP1_OUT_IRQHandler                0x080001b7   Thumb Code     0  startup_stm32f40_41xxx.o(.text)
    OTG_HS_IRQHandler                        0x080001b7   Thumb Code     0  startup_stm32f40_41xxx.o(.text)
    OTG_HS_WKUP_IRQHandler                   0x080001b7   Thumb Code     0  startup_stm32f40_41xxx.o(.text)
    PVD_IRQHandler                           0x080001b7   Thumb Code     0  startup_stm32f40_41xxx.o(.text)
    RCC_IRQHandler                           0x080001b7   Thumb Code     0  startup_stm32f40_41xxx.o(.text)
    SDIO_IRQHandler                          0x080001b7   Thumb Code     0  startup_stm32f40_41xxx.o(.text)
    SPI1_IRQHandler                          0x080001b7   Thumb Code     0  startup_stm32f40_41xxx.o(.text)
    SPI2_IRQHandler                          0x080001b7   Thumb Code     0  startup_stm32f40_41xxx.o(.text)
    SPI3_IRQHandler                          0x080001b7   Thumb Code     0  startup_stm32f40_41xxx.o(.text)
    TAMP_STAMP_IRQHandler                    0x080001b7   Thumb Code     0  startup_stm32f40_41xxx.o(.text)
    TIM1_BRK_TIM9_IRQHandler                 0x080001b7   Thumb Code     0  startup_stm32f40_41xxx.o(.text)
    TIM1_CC_IRQHandler                       0x080001b7   Thumb Code     0  startup_stm32f40_41xxx.o(.text)
    TIM1_TRG_COM_TIM11_IRQHandler            0x080001b7   Thumb Code     0  startup_stm32f40_41xxx.o(.text)
    TIM1_UP_TIM10_IRQHandler                 0x080001b7   Thumb Code     0  startup_stm32f40_41xxx.o(.text)
    TIM2_IRQHandler                          0x080001b7   Thumb Code     0  startup_stm32f40_41xxx.o(.text)
    TIM4_IRQHandler                          0x080001b7   Thumb Code     0  startup_stm32f40_41xxx.o(.text)
    TIM5_IRQHandler                          0x080001b7   Thumb Code     0  startup_stm32f40_41xxx.o(.text)
    TIM6_DAC_IRQHandler                      0x080001b7   Thumb Code     0  startup_stm32f40_41xxx.o(.text)
    TIM7_IRQHandler                          0x080001b7   Thumb Code     0  startup_stm32f40_41xxx.o(.text)
    TIM8_BRK_TIM12_IRQHandler                0x080001b7   Thumb Code     0  startup_stm32f40_41xxx.o(.text)
    TIM8_CC_IRQHandler                       0x080001b7   Thumb Code     0  startup_stm32f40_41xxx.o(.text)
    TIM8_TRG_COM_TIM14_IRQHandler            0x080001b7   Thumb Code     0  startup_stm32f40_41xxx.o(.text)
    TIM8_UP_TIM13_IRQHandler                 0x080001b7   Thumb Code     0  startup_stm32f40_41xxx.o(.text)
    UART4_IRQHandler                         0x080001b7   Thumb Code     0  startup_stm32f40_41xxx.o(.text)
    WWDG_IRQHandler                          0x080001b7   Thumb Code     0  startup_stm32f40_41xxx.o(.text)
    __aeabi_uidiv                            0x080001c1   Thumb Code     0  uidiv.o(.text)
    __aeabi_uidivmod                         0x080001c1   Thumb Code    44  uidiv.o(.text)
    __scatterload                            0x080001ed   Thumb Code    28  init.o(.text)
    __scatterload_rt2                        0x080001ed   Thumb Code     0  init.o(.text)
    ADC_Cmd                                  0x08000211   Thumb Code    22  stm32f4xx_adc.o(i.ADC_Cmd)
    ADC_CommonInit                           0x08000229   Thumb Code    34  stm32f4xx_adc.o(i.ADC_CommonInit)
    ADC_GetConversionValue                   0x08000259   Thumb Code     8  stm32f4xx_adc.o(i.ADC_GetConversionValue)
    ADC_GetFlagStatus                        0x08000261   Thumb Code    18  stm32f4xx_adc.o(i.ADC_GetFlagStatus)
    ADC_Init                                 0x08000275   Thumb Code    74  stm32f4xx_adc.o(i.ADC_Init)
    ADC_RegularChannelConfig                 0x080002c9   Thumb Code   184  stm32f4xx_adc.o(i.ADC_RegularChannelConfig)
    ADC_SoftwareStartConv                    0x08000381   Thumb Code    10  stm32f4xx_adc.o(i.ADC_SoftwareStartConv)
    Adc_Init                                 0x0800038d   Thumb Code   120  adc.o(i.Adc_Init)
    BEEP_Init                                0x0800040d   Thumb Code    56  beep.o(i.BEEP_Init)
    BeepOne                                  0x08000449   Thumb Code    26  beep.o(i.BeepOne)
    BeepThree                                0x08000469   Thumb Code    92  beep.o(i.BeepThree)
    BeepTwo                                  0x080004c9   Thumb Code    20  beep.o(i.BeepTwo)
    BusFault_Handler                         0x080004dd   Thumb Code     4  stm32f4xx_it.o(i.BusFault_Handler)
    ChangeSpeed                              0x080004e1   Thumb Code    70  tosensor.o(i.ChangeSpeed)
    CompareTime                              0x08000535   Thumb Code    58  plantask.o(i.CompareTime)
    DebugMon_Handler                         0x0800056f   Thumb Code     2  stm32f4xx_it.o(i.DebugMon_Handler)
    DebugMsg                                 0x08000571   Thumb Code    38  design.o(i.DebugMsg)
    DebugNum                                 0x0800059d   Thumb Code    30  design.o(i.DebugNum)
    EXTI_ClearITPendingBit                   0x080005c5   Thumb Code     6  stm32f4xx_exti.o(i.EXTI_ClearITPendingBit)
    GPIO_Init                                0x080005d1   Thumb Code   144  stm32f4xx_gpio.o(i.GPIO_Init)
    GPIO_PinAFConfig                         0x08000661   Thumb Code    70  stm32f4xx_gpio.o(i.GPIO_PinAFConfig)
    GPIO_ResetBits                           0x080006a7   Thumb Code     4  stm32f4xx_gpio.o(i.GPIO_ResetBits)
    GPIO_SetBits                             0x080006ab   Thumb Code     4  stm32f4xx_gpio.o(i.GPIO_SetBits)
    GPIO_ToggleBits                          0x080006af   Thumb Code     8  stm32f4xx_gpio.o(i.GPIO_ToggleBits)
    Get_Adc                                  0x080006b9   Thumb Code    44  adc.o(i.Get_Adc)
    Get_Adc_Average                          0x080006e9   Thumb Code    46  adc.o(i.Get_Adc_Average)
    HardFault_Handler                        0x08000717   Thumb Code     4  stm32f4xx_it.o(i.HardFault_Handler)
    LED_Init                                 0x0800071d   Thumb Code    70  led.o(i.LED_Init)
    LoraWait                                 0x08000769   Thumb Code    30  tosensor.o(i.LoraWait)
    MemManage_Handler                        0x0800078d   Thumb Code     4  stm32f4xx_it.o(i.MemManage_Handler)
    MotorMove                                0x08000791   Thumb Code   118  tosensor.o(i.MotorMove)
    MotorToPosition                          0x08000819   Thumb Code   204  tosensor.o(i.MotorToPosition)
    MotorToZero                              0x080008e5   Thumb Code   162  tosensor.o(i.MotorToZero)
    My_RTC_Init                              0x08000987   Thumb Code   152  rtc.o(i.My_RTC_Init)
    NMI_Handler                              0x08000a1f   Thumb Code     2  stm32f4xx_it.o(i.NMI_Handler)
    NVIC_Init                                0x08000a21   Thumb Code   106  misc.o(i.NVIC_Init)
    NVIC_PriorityGroupConfig                 0x08000a99   Thumb Code    10  misc.o(i.NVIC_PriorityGroupConfig)
    PC_Stop                                  0x08000aad   Thumb Code    50  pc_dealwith.o(i.PC_Stop)
    PWR_BackupAccessCmd                      0x08000ae9   Thumb Code     6  stm32f4xx_pwr.o(i.PWR_BackupAccessCmd)
    PWR_BackupRegulatorCmd                   0x08000af5   Thumb Code     6  stm32f4xx_pwr.o(i.PWR_BackupRegulatorCmd)
    PendSV_Handler                           0x08000b01   Thumb Code     2  stm32f4xx_it.o(i.PendSV_Handler)
    PlanTask                                 0x08000b05   Thumb Code   188  plantask.o(i.PlanTask)
    RCC_AHB1PeriphClockCmd                   0x08000bc9   Thumb Code    26  stm32f4xx_rcc.o(i.RCC_AHB1PeriphClockCmd)
    RCC_APB1PeriphClockCmd                   0x08000be9   Thumb Code    26  stm32f4xx_rcc.o(i.RCC_APB1PeriphClockCmd)
    RCC_APB2PeriphClockCmd                   0x08000c09   Thumb Code    26  stm32f4xx_rcc.o(i.RCC_APB2PeriphClockCmd)
    RCC_APB2PeriphResetCmd                   0x08000c29   Thumb Code    26  stm32f4xx_rcc.o(i.RCC_APB2PeriphResetCmd)
    RCC_GetClocksFreq                        0x08000c49   Thumb Code   214  stm32f4xx_rcc.o(i.RCC_GetClocksFreq)
    RCC_GetFlagStatus                        0x08000d31   Thumb Code    60  stm32f4xx_rcc.o(i.RCC_GetFlagStatus)
    RCC_LSEConfig                            0x08000d71   Thumb Code    40  stm32f4xx_rcc.o(i.RCC_LSEConfig)
    RCC_RTCCLKCmd                            0x08000d9d   Thumb Code     6  stm32f4xx_rcc.o(i.RCC_RTCCLKCmd)
    RCC_RTCCLKConfig                         0x08000da9   Thumb Code    50  stm32f4xx_rcc.o(i.RCC_RTCCLKConfig)
    RTC_Alarm_IRQHandler                     0x08000de5   Thumb Code    30  rtc.o(i.RTC_Alarm_IRQHandler)
    RTC_ClearFlag                            0x08000e35   Thumb Code    24  stm32f4xx_rtc.o(i.RTC_ClearFlag)
    RTC_EnterInitMode                        0x08000e51   Thumb Code    76  stm32f4xx_rtc.o(i.RTC_EnterInitMode)
    RTC_ExitInitMode                         0x08000ea1   Thumb Code    14  stm32f4xx_rtc.o(i.RTC_ExitInitMode)
    RTC_GetDate                              0x08000eb5   Thumb Code    68  stm32f4xx_rtc.o(i.RTC_GetDate)
    RTC_GetFlagStatus                        0x08000f01   Thumb Code    32  stm32f4xx_rtc.o(i.RTC_GetFlagStatus)
    RTC_GetTime                              0x08000f29   Thumb Code    72  stm32f4xx_rtc.o(i.RTC_GetTime)
    RTC_Init                                 0x08000f79   Thumb Code    94  stm32f4xx_rtc.o(i.RTC_Init)
    RTC_ReadBackupRegister                   0x08000fdd   Thumb Code    26  stm32f4xx_rtc.o(i.RTC_ReadBackupRegister)
    RTC_SetDate                              0x08000ffd   Thumb Code   190  stm32f4xx_rtc.o(i.RTC_SetDate)
    RTC_SetTime                              0x080010c5   Thumb Code   198  stm32f4xx_rtc.o(i.RTC_SetTime)
    RTC_Set_Date                             0x08001195   Thumb Code    36  rtc.o(i.RTC_Set_Date)
    RTC_Set_Time                             0x080011b9   Thumb Code    36  rtc.o(i.RTC_Set_Time)
    RTC_WKUP_IRQHandler                      0x080011dd   Thumb Code    30  rtc.o(i.RTC_WKUP_IRQHandler)
    RTC_WaitForSynchro                       0x080011fd   Thumb Code    92  stm32f4xx_rtc.o(i.RTC_WaitForSynchro)
    RTC_WriteBackupRegister                  0x0800125d   Thumb Code    24  stm32f4xx_rtc.o(i.RTC_WriteBackupRegister)
    ReadStatus                               0x08001279   Thumb Code   362  tosensor.o(i.ReadStatus)
    SVC_Handler                              0x08001451   Thumb Code     2  stm32f4xx_it.o(i.SVC_Handler)
    ScanNextTimes                            0x08001455   Thumb Code   210  plantask.o(i.ScanNextTimes)
    ScanOneTimes                             0x08001549   Thumb Code    78  plantask.o(i.ScanOneTimes)
    Scan_Column                              0x080015a9   Thumb Code   388  plantask.o(i.Scan_Column)
    Scan_Full                                0x08001851   Thumb Code   570  plantask.o(i.Scan_Full)
    Scan_Part                                0x08001bdd   Thumb Code   516  plantask.o(i.Scan_Part)
    Scan_Row                                 0x08001ee1   Thumb Code   370  plantask.o(i.Scan_Row)
    SendBack                                 0x08002175   Thumb Code    60  pc_dealwith.o(i.SendBack)
    SendBackValue                            0x080021bd   Thumb Code    70  pc_dealwith.o(i.SendBackValue)
    SendBatteryVoltage                       0x08002211   Thumb Code   140  pc_dealwith.o(i.SendBatteryVoltage)
    SendBuff                                 0x080022ad   Thumb Code    36  design.o(i.SendBuff)
    SendConfig                               0x080022d1   Thumb Code   300  pc_dealwith.o(i.SendConfig)
    SetXiaoChe_0V_Level                      0x08002511   Thumb Code    60  tosensor.o(i.SetXiaoChe_0V_Level)
    SetXiaoChe_5V_Level                      0x08002559   Thumb Code    72  tosensor.o(i.SetXiaoChe_5V_Level)
    SysTick_CLKSourceConfig                  0x080025ad   Thumb Code    40  misc.o(i.SysTick_CLKSourceConfig)
    SysTick_Handler                          0x080025d5   Thumb Code     2  stm32f4xx_it.o(i.SysTick_Handler)
    SystemInit                               0x080025d9   Thumb Code    88  system_stm32f4xx.o(i.SystemInit)
    TIM3_IRQHandler                          0x08002641   Thumb Code   176  timer3.o(i.TIM3_IRQHandler)
    TIM3_Int_Init                            0x08002725   Thumb Code    88  timer3.o(i.TIM3_Int_Init)
    TIM_ClearITPendingBit                    0x08002781   Thumb Code     6  stm32f4xx_tim.o(i.TIM_ClearITPendingBit)
    TIM_Cmd                                  0x08002787   Thumb Code    24  stm32f4xx_tim.o(i.TIM_Cmd)
    TIM_GetITStatus                          0x0800279f   Thumb Code    34  stm32f4xx_tim.o(i.TIM_GetITStatus)
    TIM_ITConfig                             0x080027c1   Thumb Code    18  stm32f4xx_tim.o(i.TIM_ITConfig)
    TIM_TimeBaseInit                         0x080027d5   Thumb Code   104  stm32f4xx_tim.o(i.TIM_TimeBaseInit)
    UART5_IRQHandler                         0x08002859   Thumb Code    52  uart5.o(i.UART5_IRQHandler)
    USART1_IRQHandler                        0x080028a1   Thumb Code    30  usart1.o(i.USART1_IRQHandler)
    USART2_IRQHandler                        0x080028c5   Thumb Code    52  usart2.o(i.USART2_IRQHandler)
    USART3_IRQHandler                        0x0800290d   Thumb Code    70  usart3.o(i.USART3_IRQHandler)
    USART6_IRQHandler                        0x08002965   Thumb Code    54  usart6.o(i.USART6_IRQHandler)
    USART_ClearFlag                          0x080029a9   Thumb Code    18  stm32f4xx_usart.o(i.USART_ClearFlag)
    USART_Cmd                                0x080029bb   Thumb Code    24  stm32f4xx_usart.o(i.USART_Cmd)
    USART_GetITStatus                        0x080029d3   Thumb Code    84  stm32f4xx_usart.o(i.USART_GetITStatus)
    USART_ITConfig                           0x08002a27   Thumb Code    74  stm32f4xx_usart.o(i.USART_ITConfig)
    USART_Init                               0x08002a71   Thumb Code   204  stm32f4xx_usart.o(i.USART_Init)
    USART_ReceiveData                        0x08002b45   Thumb Code    10  stm32f4xx_usart.o(i.USART_ReceiveData)
    UsageFault_Handler                       0x08002b4f   Thumb Code     4  stm32f4xx_it.o(i.UsageFault_Handler)
    WIFI_Dealwith                            0x08002b55   Thumb Code  1550  pc_dealwith.o(i.WIFI_Dealwith)
    WIFI_Stop                                0x08003181   Thumb Code   332  pc_dealwith.o(i.WIFI_Stop)
    XYgoZero                                 0x080032e5   Thumb Code   164  plantask.o(i.XYgoZero)
    __0printf$1                              0x08003415   Thumb Code    22  printf1.o(i.__0printf$1)
    __1printf$1                              0x08003415   Thumb Code     0  printf1.o(i.__0printf$1)
    __2printf                                0x08003415   Thumb Code     0  printf1.o(i.__0printf$1)
    __scatterload_copy                       0x08003435   Thumb Code    14  handlers.o(i.__scatterload_copy)
    __scatterload_null                       0x08003443   Thumb Code     2  handlers.o(i.__scatterload_null)
    __scatterload_zeroinit                   0x08003445   Thumb Code    14  handlers.o(i.__scatterload_zeroinit)
    abs_int                                  0x080035a9   Thumb Code    14  plantask.o(i.abs_int)
    delay_init                               0x080035b9   Thumb Code    52  delay.o(i.delay_init)
    delay_ms                                 0x080035f5   Thumb Code    56  delay.o(i.delay_ms)
    delay_xms                                0x0800362d   Thumb Code    72  delay.o(i.delay_xms)
    deviceInThere                            0x08003679   Thumb Code    82  plantask.o(i.deviceInThere)
    fputc                                    0x080036dd   Thumb Code    24  design.o(i.fputc)
    init_Parameter                           0x080036f9   Thumb Code   496  init_parameter.o(i.init_Parameter)
    loraClear                                0x08003961   Thumb Code    12  design.o(i.loraClear)
    loraInit                                 0x08003975   Thumb Code    12  design.o(i.loraInit)
    loraSendBuff                             0x0800398d   Thumb Code    28  design.o(i.loraSendBuff)
    main                                     0x080039a9   Thumb Code   174  main.o(i.main)
    read_from_backup_sram                    0x08003a85   Thumb Code    66  rtc.o(i.read_from_backup_sram)
    usart1_send_byte                         0x08003acd   Thumb Code    20  usart1.o(i.usart1_send_byte)
    usart2_init                              0x08003ae5   Thumb Code   192  usart2.o(i.usart2_init)
    usart2_send_byte                         0x08003bb5   Thumb Code    22  usart2.o(i.usart2_send_byte)
    usart6_init                              0x08003bd1   Thumb Code   170  usart6.o(i.usart6_init)
    usart6_send_byte                         0x08003c85   Thumb Code    22  usart6.o(i.usart6_send_byte)
    waitLoraAck                              0x08003ca1   Thumb Code    58  tosensor.o(i.waitLoraAck)
    wifiInit                                 0x08003ce5   Thumb Code    12  design.o(i.wifiInit)
    wifiSendBuff                             0x08003cfd   Thumb Code    28  design.o(i.wifiSendBuff)
    write_to_backup_sram                     0x08003d19   Thumb Code    92  rtc.o(i.write_to_backup_sram)
    Region$$Table$$Base                      0x08003d80   Number         0  anon$$obj.o(Region$$Table)
    Region$$Table$$Limit                     0x08003da0   Number         0  anon$$obj.o(Region$$Table)
    RTC_TimeStruct                           0x20000000   Data           4  main.o(.data)
    RTC_DateStruct                           0x20000004   Data           4  main.o(.data)
    DebugFlag                                0x20000008   Data           1  init_parameter.o(.data)
    WorkStatus                               0x20000009   Data           1  init_parameter.o(.data)
    BreakFlag                                0x2000000a   Data           1  init_parameter.o(.data)
    PCBreakFlag                              0x2000000b   Data           1  init_parameter.o(.data)
    paulseStyle                              0x2000000c   Data           1  init_parameter.o(.data)
    Scan_Interval                            0x2000000e   Data           2  init_parameter.o(.data)
    Scan_Times                               0x20000010   Data           2  init_parameter.o(.data)
    Scan_SW                                  0x20000012   Data           1  init_parameter.o(.data)
    Scan_Day                                 0x20000013   Data           1  init_parameter.o(.data)
    XiaoChe_Now_Direction                    0x20000014   Data           1  tosensor.o(.data)
    XiaoChe_Now_Position                     0x20000018   Data           4  tosensor.o(.data)
    DaLiang_Now_Direction                    0x2000001c   Data           1  tosensor.o(.data)
    DaLiang_Now_Position                     0x20000020   Data           4  tosensor.o(.data)
    Usart2_rcv_flag                          0x20000024   Data           1  usart2.o(.data)
    Usart2_receive_timer                     0x20000026   Data           2  usart2.o(.data)
    Usart2_receive_on                        0x20000028   Data           1  usart2.o(.data)
    USART2_BUF_Index                         0x20000029   Data           1  usart2.o(.data)
    Usart3_rcv_flag                          0x2000002a   Data           1  usart3.o(.data)
    USART3_BUF_Index                         0x2000002b   Data           1  usart3.o(.data)
    Uart5_rcv_flag                           0x2000002c   Data           1  uart5.o(.data)
    UART5_BUF_Index                          0x2000002d   Data           1  uart5.o(.data)
    Usart6_rcv_index                         0x2000002e   Data           1  usart6.o(.data)
    Blink_timer                              0x20000030   Data           2  timer3.o(.data)
    Laser1_send_timer                        0x20000032   Data           2  timer3.o(.data)
    Laser2_send_timer                        0x20000034   Data           2  timer3.o(.data)
    Laser1_receive_timer                     0x20000036   Data           2  timer3.o(.data)
    Laser2_receive_timer                     0x20000038   Data           2  timer3.o(.data)
    Uart5_receive_timer                      0x2000003a   Data           2  timer3.o(.data)
    Uart5_receive_on                         0x2000003c   Data           1  timer3.o(.data)
    loraManage                               0x20000052   Data           3  design.o(.data)
    wifiManage                               0x20000055   Data           3  design.o(.data)
    scanStartTime                            0x20000058   Data           3  design.o(.data)
    scanStopTime                             0x2000005b   Data           3  design.o(.data)
    nextScanTime                             0x2000005e   Data           3  design.o(.data)
    scanRepeatStyle                          0x20000061   Data           1  design.o(.data)
    cmdStart                                 0x20000062   Data           5  design.o(.data)
    cmdEnd                                   0x20000067   Data           3  design.o(.data)
    cmdIdCar                                 0x2000006a   Data           3  design.o(.data)
    cmdIdBridge                              0x2000006d   Data           3  design.o(.data)
    cmdIdDebug                               0x20000070   Data           3  design.o(.data)
    __stdout                                 0x20000074   Data           4  stdout.o(.data)
    USART2_RX_BUF                            0x20000078   Data         100  usart2.o(.bss)
    USART3_RX_BUF                            0x200000dc   Data          20  usart3.o(.bss)
    UART5_RX_BUF                             0x200000f0   Data         100  uart5.o(.bss)
    Usart6_rcv_buf                           0x20000154   Data          30  usart6.o(.bss)
    map                                      0x20000174   Data          56  design.o(.bss)
    __initial_sp                             0x200005b0   Data           0  startup_stm32f40_41xxx.o(STACK)



==============================================================================

Memory Map of the image

  Image Entry point : 0x08000189

  Load Region LR_IROM1 (Base: 0x08000000, Size: 0x00003e18, Max: 0x00080000, ABSOLUTE)

    Execution Region ER_IROM1 (Base: 0x08000000, Size: 0x00003da0, Max: 0x00080000, ABSOLUTE)

    Base Addr    Size         Type   Attr      Idx    E Section Name        Object

    0x08000000   0x00000188   Data   RO         1066    RESET               startup_stm32f40_41xxx.o
    0x08000188   0x00000000   Code   RO         3390  * .ARM.Collect$$$$00000000  mc_w.l(entry.o)
    0x08000188   0x00000004   Code   RO         3654    .ARM.Collect$$$$00000001  mc_w.l(entry2.o)
    0x0800018c   0x00000004   Code   RO         3657    .ARM.Collect$$$$00000004  mc_w.l(entry5.o)
    0x08000190   0x00000000   Code   RO         3659    .ARM.Collect$$$$00000008  mc_w.l(entry7b.o)
    0x08000190   0x00000000   Code   RO         3661    .ARM.Collect$$$$0000000A  mc_w.l(entry8b.o)
    0x08000190   0x00000008   Code   RO         3662    .ARM.Collect$$$$0000000B  mc_w.l(entry9a.o)
    0x08000198   0x00000000   Code   RO         3664    .ARM.Collect$$$$0000000D  mc_w.l(entry10a.o)
    0x08000198   0x00000000   Code   RO         3666    .ARM.Collect$$$$0000000F  mc_w.l(entry11a.o)
    0x08000198   0x00000004   Code   RO         3655    .ARM.Collect$$$$00002712  mc_w.l(entry2.o)
    0x0800019c   0x00000024   Code   RO         1067    .text               startup_stm32f40_41xxx.o
    0x080001c0   0x0000002c   Code   RO         3669    .text               mc_w.l(uidiv.o)
    0x080001ec   0x00000024   Code   RO         3684    .text               mc_w.l(init.o)
    0x08000210   0x00000016   Code   RO         2943    i.ADC_Cmd           stm32f4xx_adc.o
    0x08000226   0x00000002   PAD
    0x08000228   0x00000030   Code   RO         2944    i.ADC_CommonInit    stm32f4xx_adc.o
    0x08000258   0x00000008   Code   RO         2955    i.ADC_GetConversionValue  stm32f4xx_adc.o
    0x08000260   0x00000012   Code   RO         2956    i.ADC_GetFlagStatus  stm32f4xx_adc.o
    0x08000272   0x00000002   PAD
    0x08000274   0x00000054   Code   RO         2963    i.ADC_Init          stm32f4xx_adc.o
    0x080002c8   0x000000b8   Code   RO         2968    i.ADC_RegularChannelConfig  stm32f4xx_adc.o
    0x08000380   0x0000000a   Code   RO         2970    i.ADC_SoftwareStartConv  stm32f4xx_adc.o
    0x0800038a   0x00000002   PAD
    0x0800038c   0x00000080   Code   RO          645    i.Adc_Init          adc.o
    0x0800040c   0x0000003c   Code   RO          607    i.BEEP_Init         beep.o
    0x08000448   0x00000020   Code   RO          608    i.BeepOne           beep.o
    0x08000468   0x00000060   Code   RO          609    i.BeepThree         beep.o
    0x080004c8   0x00000014   Code   RO          610    i.BeepTwo           beep.o
    0x080004dc   0x00000004   Code   RO          187    i.BusFault_Handler  stm32f4xx_it.o
    0x080004e0   0x00000054   Code   RO          455    i.ChangeSpeed       tosensor.o
    0x08000534   0x0000003a   Code   RO          348    i.CompareTime       plantask.o
    0x0800056e   0x00000002   Code   RO          188    i.DebugMon_Handler  stm32f4xx_it.o
    0x08000570   0x0000002c   Code   RO         3301    i.DebugMsg          design.o
    0x0800059c   0x00000028   Code   RO         3302    i.DebugNum          design.o
    0x080005c4   0x0000000c   Code   RO         1910    i.EXTI_ClearITPendingBit  stm32f4xx_exti.o
    0x080005d0   0x00000090   Code   RO         1118    i.GPIO_Init         stm32f4xx_gpio.o
    0x08000660   0x00000046   Code   RO         1119    i.GPIO_PinAFConfig  stm32f4xx_gpio.o
    0x080006a6   0x00000004   Code   RO         1125    i.GPIO_ResetBits    stm32f4xx_gpio.o
    0x080006aa   0x00000004   Code   RO         1126    i.GPIO_SetBits      stm32f4xx_gpio.o
    0x080006ae   0x00000008   Code   RO         1128    i.GPIO_ToggleBits   stm32f4xx_gpio.o
    0x080006b6   0x00000002   PAD
    0x080006b8   0x00000030   Code   RO          646    i.Get_Adc           adc.o
    0x080006e8   0x0000002e   Code   RO          647    i.Get_Adc_Average   adc.o
    0x08000716   0x00000004   Code   RO          189    i.HardFault_Handler  stm32f4xx_it.o
    0x0800071a   0x00000002   PAD
    0x0800071c   0x0000004c   Code   RO          587    i.LED_Init          led.o
    0x08000768   0x00000024   Code   RO          456    i.LoraWait          tosensor.o
    0x0800078c   0x00000004   Code   RO          190    i.MemManage_Handler  stm32f4xx_it.o
    0x08000790   0x00000088   Code   RO          457    i.MotorMove         tosensor.o
    0x08000818   0x000000cc   Code   RO          458    i.MotorToPosition   tosensor.o
    0x080008e4   0x000000a2   Code   RO          459    i.MotorToZero       tosensor.o
    0x08000986   0x00000098   Code   RO          928    i.My_RTC_Init       rtc.o
    0x08000a1e   0x00000002   Code   RO          191    i.NMI_Handler       stm32f4xx_it.o
    0x08000a20   0x00000078   Code   RO         1073    i.NVIC_Init         misc.o
    0x08000a98   0x00000014   Code   RO         1074    i.NVIC_PriorityGroupConfig  misc.o
    0x08000aac   0x0000003c   Code   RO          530    i.PC_Stop           pc_dealwith.o
    0x08000ae8   0x0000000c   Code   RO         3179    i.PWR_BackupAccessCmd  stm32f4xx_pwr.o
    0x08000af4   0x0000000c   Code   RO         3180    i.PWR_BackupRegulatorCmd  stm32f4xx_pwr.o
    0x08000b00   0x00000002   Code   RO          192    i.PendSV_Handler    stm32f4xx_it.o
    0x08000b02   0x00000002   PAD
    0x08000b04   0x000000c4   Code   RO          349    i.PlanTask          plantask.o
    0x08000bc8   0x00000020   Code   RO         1215    i.RCC_AHB1PeriphClockCmd  stm32f4xx_rcc.o
    0x08000be8   0x00000020   Code   RO         1224    i.RCC_APB1PeriphClockCmd  stm32f4xx_rcc.o
    0x08000c08   0x00000020   Code   RO         1227    i.RCC_APB2PeriphClockCmd  stm32f4xx_rcc.o
    0x08000c28   0x00000020   Code   RO         1229    i.RCC_APB2PeriphResetCmd  stm32f4xx_rcc.o
    0x08000c48   0x000000e8   Code   RO         1236    i.RCC_GetClocksFreq  stm32f4xx_rcc.o
    0x08000d30   0x00000040   Code   RO         1237    i.RCC_GetFlagStatus  stm32f4xx_rcc.o
    0x08000d70   0x0000002c   Code   RO         1245    i.RCC_LSEConfig     stm32f4xx_rcc.o
    0x08000d9c   0x0000000c   Code   RO         1259    i.RCC_RTCCLKCmd     stm32f4xx_rcc.o
    0x08000da8   0x0000003c   Code   RO         1260    i.RCC_RTCCLKConfig  stm32f4xx_rcc.o
    0x08000de4   0x0000001e   Code   RO          929    i.RTC_Alarm_IRQHandler  rtc.o
    0x08000e02   0x00000016   Code   RO         2024    i.RTC_Bcd2ToByte    stm32f4xx_rtc.o
    0x08000e18   0x0000001c   Code   RO         2026    i.RTC_ByteToBcd2    stm32f4xx_rtc.o
    0x08000e34   0x0000001c   Code   RO         2029    i.RTC_ClearFlag     stm32f4xx_rtc.o
    0x08000e50   0x00000050   Code   RO         2036    i.RTC_EnterInitMode  stm32f4xx_rtc.o
    0x08000ea0   0x00000014   Code   RO         2037    i.RTC_ExitInitMode  stm32f4xx_rtc.o
    0x08000eb4   0x0000004c   Code   RO         2040    i.RTC_GetDate       stm32f4xx_rtc.o
    0x08000f00   0x00000028   Code   RO         2041    i.RTC_GetFlagStatus  stm32f4xx_rtc.o
    0x08000f28   0x00000050   Code   RO         2045    i.RTC_GetTime       stm32f4xx_rtc.o
    0x08000f78   0x00000064   Code   RO         2050    i.RTC_Init          stm32f4xx_rtc.o
    0x08000fdc   0x00000020   Code   RO         2053    i.RTC_ReadBackupRegister  stm32f4xx_rtc.o
    0x08000ffc   0x000000c8   Code   RO         2056    i.RTC_SetDate       stm32f4xx_rtc.o
    0x080010c4   0x000000d0   Code   RO         2057    i.RTC_SetTime       stm32f4xx_rtc.o
    0x08001194   0x00000024   Code   RO          931    i.RTC_Set_Date      rtc.o
    0x080011b8   0x00000024   Code   RO          932    i.RTC_Set_Time      rtc.o
    0x080011dc   0x0000001e   Code   RO          934    i.RTC_WKUP_IRQHandler  rtc.o
    0x080011fa   0x00000002   PAD
    0x080011fc   0x00000060   Code   RO         2073    i.RTC_WaitForSynchro  stm32f4xx_rtc.o
    0x0800125c   0x0000001c   Code   RO         2076    i.RTC_WriteBackupRegister  stm32f4xx_rtc.o
    0x08001278   0x000001d8   Code   RO          460    i.ReadStatus        tosensor.o
    0x08001450   0x00000002   Code   RO          193    i.SVC_Handler       stm32f4xx_it.o
    0x08001452   0x00000002   PAD
    0x08001454   0x000000f4   Code   RO          350    i.ScanNextTimes     plantask.o
    0x08001548   0x00000060   Code   RO          351    i.ScanOneTimes      plantask.o
    0x080015a8   0x000002a8   Code   RO          352    i.Scan_Column       plantask.o
    0x08001850   0x0000038c   Code   RO          353    i.Scan_Full         plantask.o
    0x08001bdc   0x00000304   Code   RO          354    i.Scan_Part         plantask.o
    0x08001ee0   0x00000294   Code   RO          355    i.Scan_Row          plantask.o
    0x08002174   0x00000048   Code   RO          531    i.SendBack          pc_dealwith.o
    0x080021bc   0x00000054   Code   RO          532    i.SendBackValue     pc_dealwith.o
    0x08002210   0x0000009c   Code   RO          533    i.SendBatteryVoltage  pc_dealwith.o
    0x080022ac   0x00000024   Code   RO         3303    i.SendBuff          design.o
    0x080022d0   0x00000154   Code   RO          534    i.SendConfig        pc_dealwith.o
    0x08002424   0x000000ec   Code   RO          284    i.SetSysClock       system_stm32f4xx.o
    0x08002510   0x00000048   Code   RO          461    i.SetXiaoChe_0V_Level  tosensor.o
    0x08002558   0x00000054   Code   RO          462    i.SetXiaoChe_5V_Level  tosensor.o
    0x080025ac   0x00000028   Code   RO         1077    i.SysTick_CLKSourceConfig  misc.o
    0x080025d4   0x00000002   Code   RO          194    i.SysTick_Handler   stm32f4xx_it.o
    0x080025d6   0x00000002   PAD
    0x080025d8   0x00000068   Code   RO          286    i.SystemInit        system_stm32f4xx.o
    0x08002640   0x000000e4   Code   RO          887    i.TIM3_IRQHandler   timer3.o
    0x08002724   0x0000005c   Code   RO          888    i.TIM3_Int_Init     timer3.o
    0x08002780   0x00000006   Code   RO         2386    i.TIM_ClearITPendingBit  stm32f4xx_tim.o
    0x08002786   0x00000018   Code   RO         2391    i.TIM_Cmd           stm32f4xx_tim.o
    0x0800279e   0x00000022   Code   RO         2412    i.TIM_GetITStatus   stm32f4xx_tim.o
    0x080027c0   0x00000012   Code   RO         2416    i.TIM_ITConfig      stm32f4xx_tim.o
    0x080027d2   0x00000002   PAD
    0x080027d4   0x00000084   Code   RO         2463    i.TIM_TimeBaseInit  stm32f4xx_tim.o
    0x08002858   0x00000048   Code   RO          805    i.UART5_IRQHandler  uart5.o
    0x080028a0   0x00000024   Code   RO          677    i.USART1_IRQHandler  usart1.o
    0x080028c4   0x00000048   Code   RO          719    i.USART2_IRQHandler  usart2.o
    0x0800290c   0x00000058   Code   RO          766    i.USART3_IRQHandler  usart3.o
    0x08002964   0x00000044   Code   RO          848    i.USART6_IRQHandler  usart6.o
    0x080029a8   0x00000012   Code   RO         1605    i.USART_ClearFlag   stm32f4xx_usart.o
    0x080029ba   0x00000018   Code   RO         1609    i.USART_Cmd         stm32f4xx_usart.o
    0x080029d2   0x00000054   Code   RO         1613    i.USART_GetITStatus  stm32f4xx_usart.o
    0x08002a26   0x0000004a   Code   RO         1615    i.USART_ITConfig    stm32f4xx_usart.o
    0x08002a70   0x000000d4   Code   RO         1616    i.USART_Init        stm32f4xx_usart.o
    0x08002b44   0x0000000a   Code   RO         1623    i.USART_ReceiveData  stm32f4xx_usart.o
    0x08002b4e   0x00000004   Code   RO          195    i.UsageFault_Handler  stm32f4xx_it.o
    0x08002b52   0x00000002   PAD
    0x08002b54   0x0000062c   Code   RO          535    i.WIFI_Dealwith     pc_dealwith.o
    0x08003180   0x00000164   Code   RO          536    i.WIFI_Stop         pc_dealwith.o
    0x080032e4   0x00000130   Code   RO          356    i.XYgoZero          plantask.o
    0x08003414   0x00000020   Code   RO         3438    i.__0printf$1       mc_w.l(printf1.o)
    0x08003434   0x0000000e   Code   RO         3696    i.__scatterload_copy  mc_w.l(handlers.o)
    0x08003442   0x00000002   Code   RO         3697    i.__scatterload_null  mc_w.l(handlers.o)
    0x08003444   0x0000000e   Code   RO         3698    i.__scatterload_zeroinit  mc_w.l(handlers.o)
    0x08003452   0x00000002   PAD
    0x08003454   0x00000154   Code   RO         3445    i._printf_core      mc_w.l(printf1.o)
    0x080035a8   0x0000000e   Code   RO          357    i.abs_int           plantask.o
    0x080035b6   0x00000002   PAD
    0x080035b8   0x0000003c   Code   RO         1008    i.delay_init        delay.o
    0x080035f4   0x00000038   Code   RO         1009    i.delay_ms          delay.o
    0x0800362c   0x0000004c   Code   RO         1011    i.delay_xms         delay.o
    0x08003678   0x00000064   Code   RO          358    i.deviceInThere     plantask.o
    0x080036dc   0x0000001c   Code   RO         3304    i.fputc             design.o
    0x080036f8   0x00000268   Code   RO          321    i.init_Parameter    init_parameter.o
    0x08003960   0x00000014   Code   RO         3305    i.loraClear         design.o
    0x08003974   0x0000000c   Code   RO         3306    i.loraInit          design.o
    0x08003980   0x0000000c   Code   RO         3307    i.loraSendB         design.o
    0x0800398c   0x0000001c   Code   RO         3308    i.loraSendBuff      design.o
    0x080039a8   0x000000dc   Code   RO            3    i.main              main.o
    0x08003a84   0x00000048   Code   RO          936    i.read_from_backup_sram  rtc.o
    0x08003acc   0x00000018   Code   RO          679    i.usart1_send_byte  usart1.o
    0x08003ae4   0x000000d0   Code   RO          720    i.usart2_init       usart2.o
    0x08003bb4   0x0000001c   Code   RO          721    i.usart2_send_byte  usart2.o
    0x08003bd0   0x000000b4   Code   RO          849    i.usart6_init       usart6.o
    0x08003c84   0x0000001c   Code   RO          850    i.usart6_send_byte  usart6.o
    0x08003ca0   0x00000044   Code   RO          463    i.waitLoraAck       tosensor.o
    0x08003ce4   0x0000000c   Code   RO         3310    i.wifiInit          design.o
    0x08003cf0   0x0000000c   Code   RO         3311    i.wifiSendB         design.o
    0x08003cfc   0x0000001c   Code   RO         3312    i.wifiSendBuff      design.o
    0x08003d18   0x00000060   Code   RO          938    i.write_to_backup_sram  rtc.o
    0x08003d78   0x00000005   Data   RO          537    .constdata          pc_dealwith.o
    0x08003d7d   0x00000003   PAD
    0x08003d80   0x00000020   Data   RO         3694    Region$$Table       anon$$obj.o


    Execution Region RW_IRAM1 (Base: 0x20000000, Size: 0x000005b0, Max: 0x00020000, ABSOLUTE)

    Base Addr    Size         Type   Attr      Idx    E Section Name        Object

    0x20000000   0x00000008   Data   RW            4    .data               main.o
    0x20000008   0x0000000c   Data   RW          322    .data               init_parameter.o
    0x20000014   0x00000010   Data   RW          464    .data               tosensor.o
    0x20000024   0x00000006   Data   RW          723    .data               usart2.o
    0x2000002a   0x00000002   Data   RW          770    .data               usart3.o
    0x2000002c   0x00000002   Data   RW          809    .data               uart5.o
    0x2000002e   0x00000001   Data   RW          852    .data               usart6.o
    0x2000002f   0x00000001   PAD
    0x20000030   0x0000000d   Data   RW          889    .data               timer3.o
    0x2000003d   0x00000001   PAD
    0x2000003e   0x00000004   Data   RW         1012    .data               delay.o
    0x20000042   0x00000010   Data   RW         1268    .data               stm32f4xx_rcc.o
    0x20000052   0x00000021   Data   RW         3314    .data               design.o
    0x20000073   0x00000001   PAD
    0x20000074   0x00000004   Data   RW         3668    .data               mc_w.l(stdout.o)
    0x20000078   0x00000064   Zero   RW          722    .bss                usart2.o
    0x200000dc   0x00000014   Zero   RW          769    .bss                usart3.o
    0x200000f0   0x00000064   Zero   RW          808    .bss                uart5.o
    0x20000154   0x0000001e   Zero   RW          851    .bss                usart6.o
    0x20000172   0x00000002   PAD
    0x20000174   0x00000038   Zero   RW         3313    .bss                design.o
    0x200001ac   0x00000004   PAD
    0x200001b0   0x00000400   Zero   RW         1064    STACK               startup_stm32f40_41xxx.o


==============================================================================

Image component sizes


      Code (inc. data)   RO Data    RW Data    ZI Data      Debug   Object Name

       222         12          0          0          0       2079   adc.o
       208         14          0          0          0       2300   beep.o
       192         12          0          4          0       2192   delay.o
       272         28          0         33         56       8697   design.o
       616        120          0         12          0       1472   init_parameter.o
        76          6          0          0          0        599   led.o
       220         46          0          8          0     314603   main.o
       180         24          0          0          0       2337   misc.o
      2648        224          5          0          0       6227   pc_dealwith.o
      4032       1406          0          0          0       9954   plantask.o
       452         10          0          0          0       5756   rtc.o
        36          8        392          0       1024        868   startup_stm32f40_41xxx.o
       374         24          0          0          0       6022   stm32f4xx_adc.o
        12          6          0          0          0        605   stm32f4xx_exti.o
       230          0          0          0          0       3817   stm32f4xx_gpio.o
        26          0          0          0          0       4658   stm32f4xx_it.o
        24         12          0          0          0       1203   stm32f4xx_pwr.o
       540         66          0         16          0       8251   stm32f4xx_rcc.o
      1038         78          0          0          0      10662   stm32f4xx_rtc.o
       214         28          0          0          0       4050   stm32f4xx_tim.o
       422          8          0          0          0       5236   stm32f4xx_usart.o
       340         32          0          0          0       1669   system_stm32f4xx.o
       320         56          0         13          0       2055   timer3.o
      1318        182          0         16          0       7752   tosensor.o
        72         20          0          2        100       1413   uart5.o
        60         10          0          0          0       1211   usart1.o
       308         42          0          6        100       3021   usart2.o
        88         18          0          2         20       1473   usart3.o
       276         30          0          1         30       2855   usart6.o

    ----------------------------------------------------------------------
     14840       2522        432        116       1336     423037   Object Totals
         0          0         32          0          0          0   (incl. Generated)
        24          0          3          3          6          0   (incl. Padding)

    ----------------------------------------------------------------------

      Code (inc. data)   RO Data    RW Data    ZI Data      Debug   Library Member Name

         0          0          0          0          0          0   entry.o
         0          0          0          0          0          0   entry10a.o
         0          0          0          0          0          0   entry11a.o
         8          4          0          0          0          0   entry2.o
         4          0          0          0          0          0   entry5.o
         0          0          0          0          0          0   entry7b.o
         0          0          0          0          0          0   entry8b.o
         8          4          0          0          0          0   entry9a.o
        30          0          0          0          0          0   handlers.o
        36          8          0          0          0         68   init.o
       372         14          0          0          0        184   printf1.o
         0          0          0          4          0          0   stdout.o
        44          0          0          0          0         80   uidiv.o

    ----------------------------------------------------------------------
       504         30          0          4          0        332   Library Totals
         2          0          0          0          0          0   (incl. Padding)

    ----------------------------------------------------------------------

      Code (inc. data)   RO Data    RW Data    ZI Data      Debug   Library Name

       502         30          0          4          0        332   mc_w.l

    ----------------------------------------------------------------------
       504         30          0          4          0        332   Library Totals

    ----------------------------------------------------------------------

==============================================================================


      Code (inc. data)   RO Data    RW Data    ZI Data      Debug   

     15344       2552        432        120       1336     410821   Grand Totals
     15344       2552        432        120       1336     410821   ELF Image Totals
     15344       2552        432        120          0          0   ROM Totals

==============================================================================

    Total RO  Size (Code + RO Data)                15776 (  15.41kB)
    Total RW  Size (RW Data + ZI Data)              1456 (   1.42kB)
    Total ROM Size (Code + RO Data + RW Data)      15896 (  15.52kB)

==============================================================================

