<html>
<body>
<pre>
<h1>礦ision Build Log</h1>
<h2>Tool Versions:</h2>
IDE-Version: μVision V5.14.0.0
Copyright (C) 2015 ARM Ltd and ARM Germany GmbH. All rights reserved.
License Information: qidaxia qidaxia, Microsoft, LIC=IC9TG-VR6G4-66MQS-LCJ6S-WFZ86-FSIQ5
 
Tool Versions:
Toolchain:       MDK-ARM Professional  Version: 5.14.0.0
Toolchain Path:  C:\Keil_v5\ARM\ARMCC\Bin
C Compiler:      Armcc.exe V5.05 update 1 (build 106)
Assembler:       Armasm.exe V5.05 update 1 (build 106)
Linker/Locator:  ArmLink.exe V5.05 update 1 (build 106)
Library Manager: ArmAr.exe V5.05 update 1 (build 106)
Hex Converter:   FromElf.exe V5.05 update 1 (build 106)
CPU DLL:         SARMCM3.DLL V5.14.0.0
Dialog DLL:      DCM.DLL V1.13.1.0
Target DLL:      STLink\ST-LINKIII-KEIL_SWO.dll V2.0.6.0_KEIL
Dialog DLL:      TCM.DLL V1.14.4.0
 
<h2>Project:</h2>
C:\云盘同步文件夹\公司资料\项目资料\DIY\上海师范大学（改进）\控制器程序（高）重构\USER\上海师范.uvprojx
Project File Date:  08/22/2018

<h2>Output:</h2>
Rebuild target '第一版'
compiling main.c...
compiling stm32f4xx_it.c...
compiling system_stm32f4xx.c...
compiling init_Parameter.c...
compiling PlanTask.c...
compiling Test.c...
compiling toSensor.c...
compiling PC_Dealwith.c...
compiling led.c...
compiling beep.c...
compiling adc.c...
compiling usart1.c...
compiling usart2.c...
compiling usart3.c...
compiling uart5.c...
compiling usart6.c...
compiling timer3.c...
compiling rtc.c...
compiling delay.c...
compiling sys.c...
assembling startup_stm32f40_41xxx.s...
compiling misc.c...
compiling stm32f4xx_gpio.c...
compiling stm32f4xx_rcc.c...
compiling stm32f4xx_syscfg.c...
compiling stm32f4xx_usart.c...
compiling stm32f4xx_dac.c...
compiling stm32f4xx_exti.c...
compiling stm32f4xx_iwdg.c...
compiling stm32f4xx_rtc.c...
compiling stm32f4xx_tim.c...
compiling stm32f4xx_adc.c...
compiling stm32f4xx_pwr.c...
compiling design.c...
linking...
Program Size: Code=15344 RO-data=432 RW-data=120 ZI-data=1336  
FromELF: creating hex file...
"..\OBJ\植物扫描.axf" - 0 Error(s), 0 Warning(s).

<h2>Collection of Component include folders:</h2>
  C:\云盘同步文件夹\公司资料\项目资料\DIY\上海师范大学（改进）\控制器程序（高）重构\USER\RTE
  C:\Keil_v5\ARM\PACK\Keil\STM32F4xx_DFP\2.7.0

<h2>Collection of Component Files used:</h2>
</pre>
</body>
</html>
